Log file open, 07/13/25 20:39:46
LogWindows: Failed to load 'aqProf.dll' (GetLastError=126)
LogWindows: File 'aqProf.dll' does not exist
LogWindows: Failed to load 'VtuneApi.dll' (GetLastError=126)
LogWindows: File 'VtuneApi.dll' does not exist
LogWindows: Failed to load 'VtuneApi32e.dll' (GetLastError=126)
LogWindows: File 'VtuneApi32e.dll' does not exist
LogConsoleResponse: Display: Failed to find resolution value strings in scalability ini. Falling back to default.
LogConsoleResponse: Display: Failed to find resolution value strings in scalability ini. Falling back to default.
LogInit: Display: Running engine for game: TP_PreEntrega
LogPlatformFile: Not using cached read wrapper
LogTaskGraph: Started task graph with 5 named threads and 23 total threads with 3 sets of task threads.
LogStats: Stats thread started at 0.838643
LogICUInternationalization: ICU TimeZone Detection - Raw Offset: -3:00, Platform Override: ''
LogInit: Display: Loading text-based GConfig....
LogPluginManager: Mounting plugin MeshPainting
LogPluginManager: Mounting plugin XGEController
LogPluginManager: Mounting plugin Paper2D
LogPluginManager: Mounting plugin LiveLink
LogPluginManager: Mounting plugin AISupport
LogPluginManager: Mounting plugin EnvironmentQueryEditor
LogPluginManager: Mounting plugin LightPropagationVolume
LogPluginManager: Mounting plugin CameraShakePreviewer
LogPluginManager: Mounting plugin GameplayCameras
LogPluginManager: Mounting plugin OodleData
LogPluginManager: Mounting plugin OodleNetwork
LogPluginManager: Mounting plugin AnimationSharing
LogPluginManager: Mounting plugin CLionSourceCodeAccess
LogPluginManager: Mounting plugin CodeLiteSourceCodeAccess
LogPluginManager: Mounting plugin GitSourceControl
LogPluginManager: Mounting plugin KDevelopSourceCodeAccess
LogPluginManager: Mounting plugin NullSourceCodeAccess
LogPluginManager: Mounting plugin DatasmithContent
LogPluginManager: Mounting plugin PerforceSourceControl
LogPluginManager: Mounting plugin PixWinPlugin
LogPluginManager: Mounting plugin PlasticSourceControl
LogPluginManager: Mounting plugin PluginUtils
LogPluginManager: Mounting plugin PropertyAccessNode
LogPluginManager: Mounting plugin RiderSourceCodeAccess
LogPluginManager: Mounting plugin SubversionSourceControl
LogPluginManager: Mounting plugin TextureFormatOodle
LogPluginManager: Mounting plugin VariantManagerContent
LogPluginManager: Mounting plugin AssetManagerEditor
LogPluginManager: Mounting plugin Niagara
LogPluginManager: Mounting plugin UObjectPlugin
LogPluginManager: Mounting plugin AlembicImporter
LogPluginManager: Mounting plugin AutomationUtils
LogPluginManager: Mounting plugin BackChannel
LogPluginManager: Mounting plugin ChaosCloth
LogPluginManager: Mounting plugin ChaosClothEditor
LogPluginManager: Mounting plugin ChaosEditor
LogPluginManager: Mounting plugin ChaosNiagara
LogPluginManager: Mounting plugin ChaosSolverPlugin
LogPluginManager: Mounting plugin CharacterAI
LogPluginManager: Mounting plugin CryptoKeys
LogPluginManager: Mounting plugin GeometryCache
LogPluginManager: Mounting plugin CurveEditorTools
LogPluginManager: Mounting plugin DataValidation
LogPluginManager: Mounting plugin GeometryCollectionPlugin
LogPluginManager: Mounting plugin GameplayTagsEditor
LogPluginManager: Mounting plugin FacialAnimation
LogPluginManager: Mounting plugin GeometryMode
LogPluginManager: Mounting plugin MacGraphicsSwitching
LogPluginManager: Mounting plugin MaterialAnalyzer
LogPluginManager: Mounting plugin PluginBrowser
LogPluginManager: Mounting plugin MobileLauncherProfileWizard
LogPluginManager: Mounting plugin SpeedTreeImporter
LogPluginManager: Mounting plugin StylusInput
LogPluginManager: Mounting plugin MagicLeap
LogPluginManager: Mounting plugin MagicLeapLightEstimation
LogPluginManager: Mounting plugin MagicLeapMedia
LogPluginManager: Mounting plugin MagicLeapPassableWorld
LogPluginManager: Mounting plugin MLSDK
LogPluginManager: Mounting plugin GeometryProcessing
LogPluginManager: Mounting plugin MeshModelingToolset
LogPluginManager: Mounting plugin LuminPlatformFeatures
LogPluginManager: Mounting plugin ModelingToolsEditorMode
LogPluginManager: Mounting plugin MotoSynth
LogPluginManager: Mounting plugin PlanarCut
LogPluginManager: Mounting plugin PlatformCrypto
LogPluginManager: Mounting plugin PythonScriptPlugin
LogPluginManager: Mounting plugin ProxyLODPlugin
LogPluginManager: Mounting plugin SkeletalReduction
LogPluginManager: Mounting plugin AndroidMedia
LogPluginManager: Mounting plugin TcpMessaging
LogPluginManager: Mounting plugin UdpMessaging
LogPluginManager: Mounting plugin AvfMedia
LogPluginManager: Mounting plugin MediaPlayerEditor
LogPluginManager: Mounting plugin WebMMedia
LogPluginManager: Mounting plugin WmfMedia
LogPluginManager: Mounting plugin ActorSequence
LogPluginManager: Mounting plugin LevelSequenceEditor
LogPluginManager: Mounting plugin MatineeToLevelSequence
LogPluginManager: Mounting plugin TemplateSequence
LogPluginManager: Mounting plugin MediaCompositing
LogPluginManager: Mounting plugin OnlineSubsystem
LogPluginManager: Mounting plugin OnlineSubsystemNull
LogPluginManager: Mounting plugin OnlineSubsystemUtils
LogPluginManager: Mounting plugin LauncherChunkInstaller
LogPluginManager: Mounting plugin ActorLayerUtilities
LogPluginManager: Mounting plugin AndroidDeviceProfileSelector
LogPluginManager: Mounting plugin AndroidMoviePlayer
LogPluginManager: Mounting plugin AndroidPermission
LogPluginManager: Mounting plugin AppleImageUtils
LogPluginManager: Mounting plugin AppleMoviePlayer
LogPluginManager: Mounting plugin ArchVisCharacter
LogPluginManager: Mounting plugin AssetTags
LogPluginManager: Mounting plugin AudioCapture
LogPluginManager: Mounting plugin AudioSynesthesia
LogPluginManager: Mounting plugin CableComponent
LogPluginManager: Mounting plugin ChunkDownloader
LogPluginManager: Mounting plugin CustomMeshComponent
LogPluginManager: Mounting plugin OpenImageDenoise
LogPluginManager: Mounting plugin ImgMedia
LogPluginManager: Mounting plugin EditableMesh
LogPluginManager: Mounting plugin ExampleDeviceProfileSelector
LogPluginManager: Mounting plugin GoogleCloudMessaging
LogPluginManager: Mounting plugin GooglePAD
LogPluginManager: Mounting plugin HairStrands
LogPluginManager: Mounting plugin ScreenshotTools
LogPluginManager: Mounting plugin VisualStudioCodeSourceCodeAccess
LogPluginManager: Mounting plugin VisualStudioSourceCodeAccess
LogPluginManager: Mounting plugin XCodeSourceCodeAccess
LogPluginManager: Mounting plugin IOSDeviceProfileSelector
LogPluginManager: Mounting plugin LinuxDeviceProfileSelector
LogPluginManager: Mounting plugin LocationServicesBPLibrary
LogPluginManager: Mounting plugin MobilePatchingUtils
LogPluginManager: Mounting plugin Takes
LogPluginManager: Mounting plugin OpenXR
LogPluginManager: Mounting plugin OpenXREyeTracker
LogPluginManager: Mounting plugin OpenXRHandTracking
LogPluginManager: Mounting plugin PhysXVehicles
LogPluginManager: Mounting plugin ProceduralMeshComponent
LogPluginManager: Mounting plugin PropertyAccessEditor
LogPluginManager: Mounting plugin PostSplashScreen
LogPluginManager: Mounting plugin RuntimePhysXCooking
LogPluginManager: Mounting plugin SoundFields
LogPluginManager: Mounting plugin Synthesis
LogPluginManager: Mounting plugin WebMMoviePlayer
LogPluginManager: Mounting plugin SignificanceManager
LogPluginManager: Mounting plugin WindowsMoviePlayer
LogPluginManager: Mounting plugin ContentBrowserAssetDataSource
LogPluginManager: Mounting plugin ContentBrowserClassDataSource
LogPluginManager: Mounting plugin ContentBrowserFileDataSource
LogPluginManager: Mounting plugin OnlineSubsystemGooglePlay
LogPluginManager: Mounting plugin OnlineSubsystemIOS
LogPluginManager: Mounting plugin OculusVR
LogPluginManager: Mounting plugin SteamVR
PixWinPlugin: PIX capture plugin failed to initialize! Check that the process is launched from PIX.
LogInit: Using libcurl 7.55.1-DEV
LogInit:  - built for x86_64-pc-win32
LogInit:  - supports SSL with OpenSSL/1.1.1
LogInit:  - supports HTTP deflate (compression) using libz 1.2.8
LogInit:  - other features:
LogInit:      CURL_VERSION_SSL
LogInit:      CURL_VERSION_LIBZ
LogInit:      CURL_VERSION_IPV6
LogInit:      CURL_VERSION_ASYNCHDNS
LogInit:      CURL_VERSION_LARGEFILE
LogInit:      CURL_VERSION_IDN
LogInit:  CurlRequestOptions (configurable via config and command line):
LogInit:  - bVerifyPeer = true  - Libcurl will verify peer certificate
LogInit:  - bUseHttpProxy = false  - Libcurl will NOT use HTTP proxy
LogInit:  - bDontReuseConnections = false  - Libcurl will reuse connections
LogInit:  - MaxHostConnections = 16  - Libcurl will limit the number of connections to a host
LogInit:  - LocalHostAddr = Default
LogInit:  - BufferSize = 65536
LogOnline: OSS: Creating online subsystem instance for: NULL
LogInit: WinSock: version 1.1 (2.2), MaxSocks=32767, MaxUdp=65467
LogOnline: OSS: TryLoadSubsystemAndSetDefault: Loaded subsystem for module [NULL]
LogOculusPluginWrapper: OculusPlugin initialized successfully
LogHMD: Failed initializing OVRPlugin 1.59.0
LogInit: Build: ++UE4+Release-4.27-CL-18319896
LogInit: Engine Version: 4.27.2-18319896+++UE4+Release-4.27
LogInit: Compatible Engine Version: 4.27.0-17155196+++UE4+Release-4.27
LogInit: Net CL: 17155196
LogInit: OS: Windows 10 (Release 2009) (), CPU: Intel(R) Core(TM) i5-9300H CPU @ 2.40GHz, GPU: Intel(R) UHD Graphics 630
LogInit: Compiled (64-bit): Nov 30 2021 07:12:08
LogInit: Compiled with Visual C++: 19.24.28315.00
LogInit: Build Configuration: Development
LogInit: Branch Name: ++UE4+Release-4.27
LogInit: Command Line: 
LogInit: Base Directory: D:/UE4-Windows/UE_4.27/Engine/Binaries/Win64/
LogInit: Allocator: TBB
LogInit: Installed Engine Build: 1
LogDevObjectVersion: Number of dev versions registered: 29
LogDevObjectVersion:   Dev-Blueprints (B0D832E4-1F89-4F0D-ACCF-7EB736FD4AA2): 10
LogDevObjectVersion:   Dev-Build (E1C64328-A22C-4D53-A36C-8E866417BD8C): 0
LogDevObjectVersion:   Dev-Core (375EC13C-06E4-48FB-B500-84F0262A717E): 4
LogDevObjectVersion:   Dev-Editor (E4B068ED-F494-42E9-A231-DA0B2E46BB41): 40
LogDevObjectVersion:   Dev-Framework (CFFC743F-43B0-4480-9391-14DF171D2073): 37
LogDevObjectVersion:   Dev-Mobile (B02B49B5-BB20-44E9-A304-32B752E40360): 3
LogDevObjectVersion:   Dev-Networking (A4E4105C-59A1-49B5-A7C5-40C4547EDFEE): 0
LogDevObjectVersion:   Dev-Online (39C831C9-5AE6-47DC-9A44-9C173E1C8E7C): 0
LogDevObjectVersion:   Dev-Physics (78F01B33-EBEA-4F98-B9B4-84EACCB95AA2): 14
LogDevObjectVersion:   Dev-Platform (6631380F-2D4D-43E0-8009-CF276956A95A): 0
LogDevObjectVersion:   Dev-Rendering (12F88B9F-8875-4AFC-A67C-D90C383ABD29): 45
LogDevObjectVersion:   Dev-Sequencer (7B5AE74C-D270-4C10-A958-57980B212A5A): 13
LogDevObjectVersion:   Dev-VR (D7296918-1DD6-4BDD-9DE2-64A83CC13884): 3
LogDevObjectVersion:   Dev-LoadTimes (C2A15278-BFE7-4AFE-6C17-90FF531DF755): 1
LogDevObjectVersion:   Private-Geometry (6EACA3D4-40EC-4CC1-B786-8BED09428FC5): 3
LogDevObjectVersion:   Dev-AnimPhys (29E575DD-E0A3-4627-9D10-D276232CDCEA): 17
LogDevObjectVersion:   Dev-Anim (AF43A65D-7FD3-4947-9873-3E8ED9C1BB05): 15
LogDevObjectVersion:   Dev-ReflectionCapture (6B266CEC-1EC7-4B8F-A30B-E4D90942FC07): 1
LogDevObjectVersion:   Dev-Automation (0DF73D61-A23F-47EA-B727-89E90C41499A): 1
LogDevObjectVersion:   FortniteMain (601D1886-AC64-4F84-AA16-D3DE0DEAC7D6): 47
LogDevObjectVersion:   FortniteRelease (E7086368-6B23-4C58-8439-1B7016265E91): 1
LogDevObjectVersion:   Dev-Enterprise (9DFFBCD6-494F-0158-E221-12823C92A888): 10
LogDevObjectVersion:   Dev-Niagara (F2AED0AC-9AFE-416F-8664-AA7FFA26D6FC): 1
LogDevObjectVersion:   Dev-Destruction (174F1F0B-B4C6-45A5-B13F-2EE8D0FB917D): 10
LogDevObjectVersion:   Dev-Physics-Ext (35F94A83-E258-406C-A318-09F59610247C): 41
LogDevObjectVersion:   Dev-PhysicsMaterial-Chaos (B68FC16E-8B1B-42E2-B453-215C058844FE): 1
LogDevObjectVersion:   Dev-CineCamera (B2E18506-4273-CFC2-A54E-F4BB758BBA07): 1
LogDevObjectVersion:   Dev-VirtualProduction (64F58936-FD1B-42BA-BA96-7289D5D0FA4E): 1
LogDevObjectVersion:   Dev-MediaFramework (6F0ED827-A609-4895-9C91-998D90180EA4): 2
LogInit: Presizing for max 25165824 objects, including 0 objects not considered by GC, pre-allocating 0 bytes for permanent pool.
LogConfig: Applying CVar settings from Section [/Script/Engine.StreamingSettings] File [D:/UTN-e-learning/Unreal-Engine/Unreal-Projects/TP_PreEntrega/Saved/Config/Windows/Engine.ini]
LogConfig: Setting CVar [[s.MinBulkDataSizeForAsyncLoading:131072]]
LogConfig: Setting CVar [[s.AsyncLoadingThreadEnabled:0]]
LogConfig: Setting CVar [[s.EventDrivenLoaderEnabled:1]]
LogConfig: Setting CVar [[s.WarnIfTimeLimitExceeded:0]]
LogConfig: Setting CVar [[s.TimeLimitExceededMultiplier:1.5]]
LogConfig: Setting CVar [[s.TimeLimitExceededMinTime:0.005]]
LogConfig: Setting CVar [[s.UseBackgroundLevelStreaming:1]]
LogConfig: Setting CVar [[s.PriorityAsyncLoadingExtraTime:15.0]]
LogConfig: Setting CVar [[s.LevelStreamingActorsUpdateTimeLimit:5.0]]
LogConfig: Setting CVar [[s.PriorityLevelStreamingActorsUpdateExtraTime:5.0]]
LogConfig: Setting CVar [[s.LevelStreamingComponentsRegistrationGranularity:10]]
LogConfig: Setting CVar [[s.UnregisterComponentsTimeLimit:1.0]]
LogConfig: Setting CVar [[s.LevelStreamingComponentsUnregistrationGranularity:5]]
LogConfig: Setting CVar [[s.FlushStreamingOnExit:1]]
LogInit: Object subsystem initialized
LogConfig: Setting CVar [[con.DebugEarlyDefault:1]]
LogConfig: Setting CVar [[r.setres:1280x720]]
LogConfig: Setting CVar [[fx.NiagaraAllowRuntimeScalabilityChanges:1]]
[2025.07.13-23.39.48:206][  0]LogConfig: Setting CVar [[r.VSync:0]]
[2025.07.13-23.39.48:206][  0]LogConfig: Setting CVar [[r.RHICmdBypass:0]]
[2025.07.13-23.39.48:206][  0]LogConfig: Applying CVar settings from Section [/Script/Engine.RendererSettings] File [D:/UTN-e-learning/Unreal-Engine/Unreal-Projects/TP_PreEntrega/Saved/Config/Windows/Engine.ini]
[2025.07.13-23.39.48:207][  0]LogConfig: Setting CVar [[r.GPUCrashDebugging:0]]
[2025.07.13-23.39.48:207][  0]LogConfig: Applying CVar settings from Section [/Script/Engine.RendererOverrideSettings] File [D:/UTN-e-learning/Unreal-Engine/Unreal-Projects/TP_PreEntrega/Saved/Config/Windows/Engine.ini]
[2025.07.13-23.39.48:207][  0]LogConfig: Applying CVar settings from Section [/Script/Engine.StreamingSettings] File [D:/UTN-e-learning/Unreal-Engine/Unreal-Projects/TP_PreEntrega/Saved/Config/Windows/Engine.ini]
[2025.07.13-23.39.48:207][  0]LogConfig: Setting CVar [[s.MinBulkDataSizeForAsyncLoading:131072]]
[2025.07.13-23.39.48:207][  0]LogConfig: Setting CVar [[s.AsyncLoadingThreadEnabled:0]]
[2025.07.13-23.39.48:207][  0]LogConfig: Setting CVar [[s.EventDrivenLoaderEnabled:1]]
[2025.07.13-23.39.48:207][  0]LogConfig: Setting CVar [[s.WarnIfTimeLimitExceeded:0]]
[2025.07.13-23.39.48:207][  0]LogConfig: Setting CVar [[s.TimeLimitExceededMultiplier:1.5]]
[2025.07.13-23.39.48:207][  0]LogConfig: Setting CVar [[s.TimeLimitExceededMinTime:0.005]]
[2025.07.13-23.39.48:207][  0]LogConfig: Setting CVar [[s.UseBackgroundLevelStreaming:1]]
[2025.07.13-23.39.48:207][  0]LogConfig: Setting CVar [[s.PriorityAsyncLoadingExtraTime:15.0]]
[2025.07.13-23.39.48:207][  0]LogConfig: Setting CVar [[s.LevelStreamingActorsUpdateTimeLimit:5.0]]
[2025.07.13-23.39.48:208][  0]LogConfig: Setting CVar [[s.PriorityLevelStreamingActorsUpdateExtraTime:5.0]]
[2025.07.13-23.39.48:208][  0]LogConfig: Setting CVar [[s.LevelStreamingComponentsRegistrationGranularity:10]]
[2025.07.13-23.39.48:208][  0]LogConfig: Setting CVar [[s.UnregisterComponentsTimeLimit:1.0]]
[2025.07.13-23.39.48:208][  0]LogConfig: Setting CVar [[s.LevelStreamingComponentsUnregistrationGranularity:5]]
[2025.07.13-23.39.48:208][  0]LogConfig: Setting CVar [[s.FlushStreamingOnExit:1]]
[2025.07.13-23.39.48:208][  0]LogConfig: Applying CVar settings from Section [/Script/Engine.GarbageCollectionSettings] File [D:/UTN-e-learning/Unreal-Engine/Unreal-Projects/TP_PreEntrega/Saved/Config/Windows/Engine.ini]
[2025.07.13-23.39.48:208][  0]LogConfig: Setting CVar [[gc.MaxObjectsNotConsideredByGC:1]]
[2025.07.13-23.39.48:208][  0]LogConfig: Setting CVar [[gc.SizeOfPermanentObjectPool:0]]
[2025.07.13-23.39.48:208][  0]LogConfig: Setting CVar [[gc.FlushStreamingOnGC:0]]
[2025.07.13-23.39.48:208][  0]LogConfig: Setting CVar [[gc.NumRetriesBeforeForcingGC:10]]
[2025.07.13-23.39.48:208][  0]LogConfig: Setting CVar [[gc.AllowParallelGC:1]]
[2025.07.13-23.39.48:208][  0]LogConfig: Setting CVar [[gc.TimeBetweenPurgingPendingKillObjects:61.1]]
[2025.07.13-23.39.48:209][  0]LogConfig: Setting CVar [[gc.MaxObjectsInEditor:25165824]]
[2025.07.13-23.39.48:209][  0]LogConfig: Setting CVar [[gc.IncrementalBeginDestroyEnabled:1]]
[2025.07.13-23.39.48:209][  0]LogConfig: Setting CVar [[gc.CreateGCClusters:1]]
[2025.07.13-23.39.48:209][  0]LogConfig: Setting CVar [[gc.MinGCClusterSize:5]]
[2025.07.13-23.39.48:209][  0]LogConfig: Setting CVar [[gc.ActorClusteringEnabled:0]]
[2025.07.13-23.39.48:209][  0]LogConfig: Setting CVar [[gc.BlueprintClusteringEnabled:0]]
[2025.07.13-23.39.48:209][  0]LogConfig: Setting CVar [[gc.UseDisregardForGCOnDedicatedServers:0]]
[2025.07.13-23.39.48:209][  0]LogConfig: Setting CVar [[gc.MultithreadedDestructionEnabled:1]]
[2025.07.13-23.39.48:209][  0]LogConfig: Applying CVar settings from Section [/Script/Engine.NetworkSettings] File [D:/UTN-e-learning/Unreal-Engine/Unreal-Projects/TP_PreEntrega/Saved/Config/Windows/Engine.ini]
[2025.07.13-23.39.48:209][  0]LogConfig: Applying CVar settings from Section [/Script/UnrealEd.CookerSettings] File [D:/UTN-e-learning/Unreal-Engine/Unreal-Projects/TP_PreEntrega/Saved/Config/Windows/Engine.ini]
[2025.07.13-23.39.48:259][  0]LogConfig: Applying CVar settings from Section [ViewDistanceQuality@3] File [D:/UTN-e-learning/Unreal-Engine/Unreal-Projects/TP_PreEntrega/Saved/Config/Windows/Scalability.ini]
[2025.07.13-23.39.48:259][  0]LogConfig: Setting CVar [[r.SkeletalMeshLODBias:0]]
[2025.07.13-23.39.48:259][  0]LogConfig: Setting CVar [[r.ViewDistanceScale:1.0]]
[2025.07.13-23.39.48:259][  0]LogConfig: Applying CVar settings from Section [AntiAliasingQuality@3] File [D:/UTN-e-learning/Unreal-Engine/Unreal-Projects/TP_PreEntrega/Saved/Config/Windows/Scalability.ini]
[2025.07.13-23.39.48:259][  0]LogConfig: Setting CVar [[r.PostProcessAAQuality:4]]
[2025.07.13-23.39.48:260][  0]LogConfig: Applying CVar settings from Section [ShadowQuality@3] File [D:/UTN-e-learning/Unreal-Engine/Unreal-Projects/TP_PreEntrega/Saved/Config/Windows/Scalability.ini]
[2025.07.13-23.39.48:260][  0]LogConfig: Setting CVar [[r.LightFunctionQuality:1]]
[2025.07.13-23.39.48:260][  0]LogConfig: Setting CVar [[r.ShadowQuality:5]]
[2025.07.13-23.39.48:260][  0]LogConfig: Setting CVar [[r.Shadow.CSM.MaxCascades:10]]
[2025.07.13-23.39.48:260][  0]LogConfig: Setting CVar [[r.Shadow.MaxResolution:2048]]
[2025.07.13-23.39.48:260][  0]LogConfig: Setting CVar [[r.Shadow.MaxCSMResolution:2048]]
[2025.07.13-23.39.48:260][  0]LogConfig: Setting CVar [[r.Shadow.RadiusThreshold:0.01]]
[2025.07.13-23.39.48:260][  0]LogConfig: Setting CVar [[r.Shadow.DistanceScale:1.0]]
[2025.07.13-23.39.48:260][  0]LogConfig: Setting CVar [[r.Shadow.CSM.TransitionScale:1.0]]
[2025.07.13-23.39.48:260][  0]LogConfig: Setting CVar [[r.Shadow.PreShadowResolutionFactor:1.0]]
[2025.07.13-23.39.48:260][  0]LogConfig: Setting CVar [[r.DistanceFieldShadowing:1]]
[2025.07.13-23.39.48:261][  0]LogConfig: Setting CVar [[r.DistanceFieldAO:1]]
[2025.07.13-23.39.48:261][  0]LogConfig: Setting CVar [[r.AOQuality:2]]
[2025.07.13-23.39.48:261][  0]LogConfig: Setting CVar [[r.VolumetricFog:1]]
[2025.07.13-23.39.48:261][  0]LogConfig: Setting CVar [[r.VolumetricFog.GridPixelSize:8]]
[2025.07.13-23.39.48:261][  0]LogConfig: Setting CVar [[r.VolumetricFog.GridSizeZ:128]]
[2025.07.13-23.39.48:261][  0]LogConfig: Setting CVar [[r.VolumetricFog.HistoryMissSupersampleCount:4]]
[2025.07.13-23.39.48:261][  0]LogConfig: Setting CVar [[r.LightMaxDrawDistanceScale:1]]
[2025.07.13-23.39.48:261][  0]LogConfig: Setting CVar [[r.CapsuleShadows:1]]
[2025.07.13-23.39.48:261][  0]LogConfig: Applying CVar settings from Section [PostProcessQuality@3] File [D:/UTN-e-learning/Unreal-Engine/Unreal-Projects/TP_PreEntrega/Saved/Config/Windows/Scalability.ini]
[2025.07.13-23.39.48:261][  0]LogConfig: Setting CVar [[r.MotionBlurQuality:4]]
[2025.07.13-23.39.48:261][  0]LogConfig: Setting CVar [[r.AmbientOcclusionMipLevelFactor:0.4]]
[2025.07.13-23.39.48:261][  0]LogConfig: Setting CVar [[r.AmbientOcclusionMaxQuality:100]]
[2025.07.13-23.39.48:262][  0]LogConfig: Setting CVar [[r.AmbientOcclusionLevels:-1]]
[2025.07.13-23.39.48:262][  0]LogConfig: Setting CVar [[r.AmbientOcclusionRadiusScale:1.0]]
[2025.07.13-23.39.48:262][  0]LogConfig: Setting CVar [[r.DepthOfFieldQuality:2]]
[2025.07.13-23.39.48:262][  0]LogConfig: Setting CVar [[r.RenderTargetPoolMin:400]]
[2025.07.13-23.39.48:262][  0]LogConfig: Setting CVar [[r.LensFlareQuality:2]]
[2025.07.13-23.39.48:262][  0]LogConfig: Setting CVar [[r.SceneColorFringeQuality:1]]
[2025.07.13-23.39.48:262][  0]LogConfig: Setting CVar [[r.EyeAdaptationQuality:2]]
[2025.07.13-23.39.48:262][  0]LogConfig: Setting CVar [[r.BloomQuality:5]]
[2025.07.13-23.39.48:262][  0]LogConfig: Setting CVar [[r.FastBlurThreshold:100]]
[2025.07.13-23.39.48:262][  0]LogConfig: Setting CVar [[r.Upscale.Quality:3]]
[2025.07.13-23.39.48:262][  0]LogConfig: Setting CVar [[r.Tonemapper.GrainQuantization:1]]
[2025.07.13-23.39.48:262][  0]LogConfig: Setting CVar [[r.LightShaftQuality:1]]
[2025.07.13-23.39.48:263][  0]LogConfig: Setting CVar [[r.Filter.SizeScale:1]]
[2025.07.13-23.39.48:263][  0]LogConfig: Setting CVar [[r.Tonemapper.Quality:5]]
[2025.07.13-23.39.48:263][  0]LogConfig: Setting CVar [[r.DOF.Gather.AccumulatorQuality:1        ; higher gathering accumulator quality]]
[2025.07.13-23.39.48:263][  0]LogConfig: Setting CVar [[r.DOF.Gather.PostfilterMethod:1          ; Median3x3 postfilering method]]
[2025.07.13-23.39.48:263][  0]LogConfig: Setting CVar [[r.DOF.Gather.EnableBokehSettings:0       ; no bokeh simulation when gathering]]
[2025.07.13-23.39.48:263][  0]LogConfig: Setting CVar [[r.DOF.Gather.RingCount:4                 ; medium number of samples when gathering]]
[2025.07.13-23.39.48:263][  0]LogConfig: Setting CVar [[r.DOF.Scatter.ForegroundCompositing:1    ; additive foreground scattering]]
[2025.07.13-23.39.48:263][  0]LogConfig: Setting CVar [[r.DOF.Scatter.BackgroundCompositing:2    ; additive background scattering]]
[2025.07.13-23.39.48:263][  0]LogConfig: Setting CVar [[r.DOF.Scatter.EnableBokehSettings:1      ; bokeh simulation when scattering]]
[2025.07.13-23.39.48:263][  0]LogConfig: Setting CVar [[r.DOF.Scatter.MaxSpriteRatio:0.1         ; only a maximum of 10% of scattered bokeh]]
[2025.07.13-23.39.48:263][  0]LogConfig: Setting CVar [[r.DOF.Recombine.Quality:1                ; cheap slight out of focus]]
[2025.07.13-23.39.48:263][  0]LogConfig: Setting CVar [[r.DOF.Recombine.EnableBokehSettings:0    ; no bokeh simulation on slight out of focus]]
[2025.07.13-23.39.48:263][  0]LogConfig: Setting CVar [[r.DOF.TemporalAAQuality:1                ; more stable temporal accumulation]]
[2025.07.13-23.39.48:264][  0]LogConfig: Setting CVar [[r.DOF.Kernel.MaxForegroundRadius:0.025]]
[2025.07.13-23.39.48:264][  0]LogConfig: Setting CVar [[r.DOF.Kernel.MaxBackgroundRadius:0.025]]
[2025.07.13-23.39.48:264][  0]LogConfig: Applying CVar settings from Section [TextureQuality@3] File [D:/UTN-e-learning/Unreal-Engine/Unreal-Projects/TP_PreEntrega/Saved/Config/Windows/Scalability.ini]
[2025.07.13-23.39.48:264][  0]LogConfig: Setting CVar [[r.Streaming.MipBias:0]]
[2025.07.13-23.39.48:264][  0]LogConfig: Setting CVar [[r.Streaming.AmortizeCPUToGPUCopy:0]]
[2025.07.13-23.39.48:264][  0]LogConfig: Setting CVar [[r.Streaming.MaxNumTexturesToStreamPerFrame:0]]
[2025.07.13-23.39.48:264][  0]LogConfig: Setting CVar [[r.Streaming.Boost:1]]
[2025.07.13-23.39.48:264][  0]LogConfig: Setting CVar [[r.MaxAnisotropy:8]]
[2025.07.13-23.39.48:264][  0]LogConfig: Setting CVar [[r.VT.MaxAnisotropy:8]]
[2025.07.13-23.39.48:264][  0]LogConfig: Setting CVar [[r.Streaming.LimitPoolSizeToVRAM:0]]
[2025.07.13-23.39.48:264][  0]LogConfig: Setting CVar [[r.Streaming.PoolSize:1000]]
[2025.07.13-23.39.48:264][  0]LogConfig: Setting CVar [[r.Streaming.MaxEffectiveScreenSize:0]]
[2025.07.13-23.39.48:264][  0]LogConfig: Applying CVar settings from Section [EffectsQuality@3] File [D:/UTN-e-learning/Unreal-Engine/Unreal-Projects/TP_PreEntrega/Saved/Config/Windows/Scalability.ini]
[2025.07.13-23.39.48:264][  0]LogConfig: Setting CVar [[r.TranslucencyLightingVolumeDim:64]]
[2025.07.13-23.39.48:264][  0]LogConfig: Setting CVar [[r.RefractionQuality:2]]
[2025.07.13-23.39.48:264][  0]LogConfig: Setting CVar [[r.SSR.Quality:3]]
[2025.07.13-23.39.48:264][  0]LogConfig: Setting CVar [[r.SSR.HalfResSceneColor:0]]
[2025.07.13-23.39.48:265][  0]LogConfig: Setting CVar [[r.SceneColorFormat:4]]
[2025.07.13-23.39.48:265][  0]LogConfig: Setting CVar [[r.DetailMode:2]]
[2025.07.13-23.39.48:265][  0]LogConfig: Setting CVar [[r.TranslucencyVolumeBlur:1]]
[2025.07.13-23.39.48:265][  0]LogConfig: Setting CVar [[r.MaterialQualityLevel:1 ; High quality]]
[2025.07.13-23.39.48:265][  0]LogConfig: Setting CVar [[r.AnisotropicMaterials:1]]
[2025.07.13-23.39.48:265][  0]LogConfig: Setting CVar [[r.SSS.Scale:1]]
[2025.07.13-23.39.48:265][  0]LogConfig: Setting CVar [[r.SSS.SampleSet:2]]
[2025.07.13-23.39.48:265][  0]LogConfig: Setting CVar [[r.SSS.Quality:1]]
[2025.07.13-23.39.48:265][  0]LogConfig: Setting CVar [[r.SSS.HalfRes:0]]
[2025.07.13-23.39.48:265][  0]LogConfig: Setting CVar [[r.SSGI.Quality:3]]
[2025.07.13-23.39.48:265][  0]LogConfig: Setting CVar [[r.EmitterSpawnRateScale:1.0]]
[2025.07.13-23.39.48:265][  0]LogConfig: Setting CVar [[r.ParticleLightQuality:2]]
[2025.07.13-23.39.48:265][  0]LogConfig: Setting CVar [[r.SkyAtmosphere.AerialPerspectiveLUT.FastApplyOnOpaque:1 ; Always have FastSkyLUT 1 in this case to avoid wrong sky]]
[2025.07.13-23.39.48:265][  0]LogConfig: Setting CVar [[r.SkyAtmosphere.AerialPerspectiveLUT.SampleCountMaxPerSlice:4]]
[2025.07.13-23.39.48:265][  0]LogConfig: Setting CVar [[r.SkyAtmosphere.AerialPerspectiveLUT.DepthResolution:16.0]]
[2025.07.13-23.39.48:265][  0]LogConfig: Setting CVar [[r.SkyAtmosphere.FastSkyLUT:1]]
[2025.07.13-23.39.48:265][  0]LogConfig: Setting CVar [[r.SkyAtmosphere.FastSkyLUT.SampleCountMin:4.0]]
[2025.07.13-23.39.48:266][  0]LogConfig: Setting CVar [[r.SkyAtmosphere.FastSkyLUT.SampleCountMax:128.0]]
[2025.07.13-23.39.48:266][  0]LogConfig: Setting CVar [[r.SkyAtmosphere.SampleCountMin:4.0]]
[2025.07.13-23.39.48:266][  0]LogConfig: Setting CVar [[r.SkyAtmosphere.SampleCountMax:128.0]]
[2025.07.13-23.39.48:266][  0]LogConfig: Setting CVar [[r.SkyAtmosphere.TransmittanceLUT.UseSmallFormat:0]]
[2025.07.13-23.39.48:266][  0]LogConfig: Setting CVar [[r.SkyAtmosphere.TransmittanceLUT.SampleCount:10.0]]
[2025.07.13-23.39.48:266][  0]LogConfig: Setting CVar [[r.SkyAtmosphere.MultiScatteringLUT.SampleCount:15.0]]
[2025.07.13-23.39.48:266][  0]LogConfig: Setting CVar [[r.SkyLight.RealTimeReflectionCapture:1]]
[2025.07.13-23.39.48:266][  0]LogConfig: Setting CVar [[fx.Niagara.QualityLevel:3]]
[2025.07.13-23.39.48:266][  0]LogConfig: Applying CVar settings from Section [FoliageQuality@3] File [D:/UTN-e-learning/Unreal-Engine/Unreal-Projects/TP_PreEntrega/Saved/Config/Windows/Scalability.ini]
[2025.07.13-23.39.48:266][  0]LogConfig: Setting CVar [[foliage.DensityScale:1.0]]
[2025.07.13-23.39.48:266][  0]LogConfig: Setting CVar [[grass.DensityScale:1.0]]
[2025.07.13-23.39.48:266][  0]LogConfig: Applying CVar settings from Section [ShadingQuality@3] File [D:/UTN-e-learning/Unreal-Engine/Unreal-Projects/TP_PreEntrega/Saved/Config/Windows/Scalability.ini]
[2025.07.13-23.39.48:266][  0]LogConfig: Setting CVar [[r.HairStrands.SkyLighting.IntegrationType:2]]
[2025.07.13-23.39.48:267][  0]LogConfig: Setting CVar [[r.HairStrands.SkyAO.SampleCount:4]]
[2025.07.13-23.39.48:267][  0]LogConfig: Setting CVar [[r.HairStrands.Visibility.MSAA.SamplePerPixel:4]]
[2025.07.13-23.39.48:267][  0]LogConfig: Setting CVar [[r.HairStrands.Interpolation.UseSingleGuide:0]]
[2025.07.13-23.39.48:267][  0]LogInit: Selected Device Profile: [Windows]
[2025.07.13-23.39.48:267][  0]LogInit: Applying CVar settings loaded from the selected device profile: [Windows]
[2025.07.13-23.39.48:267][  0]LogHAL: Display: Platform has ~ 32 GB [34200604672 / 34359738368 / 32], which maps to Largest [LargestMinGB=32, LargerMinGB=12, DefaultMinGB=8, SmallerMinGB=6, SmallestMinGB=0)
[2025.07.13-23.39.48:267][  0]LogInit: Going up to parent DeviceProfile []
[2025.07.13-23.39.48:267][  0]LogConfig: Applying CVar settings from Section [ViewDistanceQuality@3] File [D:/UTN-e-learning/Unreal-Engine/Unreal-Projects/TP_PreEntrega/Saved/Config/Windows/Scalability.ini]
[2025.07.13-23.39.48:267][  0]LogConfig: Setting CVar [[r.SkeletalMeshLODBias:0]]
[2025.07.13-23.39.48:267][  0]LogConfig: Setting CVar [[r.ViewDistanceScale:1.0]]
[2025.07.13-23.39.48:267][  0]LogConfig: Applying CVar settings from Section [AntiAliasingQuality@3] File [D:/UTN-e-learning/Unreal-Engine/Unreal-Projects/TP_PreEntrega/Saved/Config/Windows/Scalability.ini]
[2025.07.13-23.39.48:268][  0]LogConfig: Setting CVar [[r.PostProcessAAQuality:4]]
[2025.07.13-23.39.48:268][  0]LogConfig: Applying CVar settings from Section [ShadowQuality@3] File [D:/UTN-e-learning/Unreal-Engine/Unreal-Projects/TP_PreEntrega/Saved/Config/Windows/Scalability.ini]
[2025.07.13-23.39.48:268][  0]LogConfig: Setting CVar [[r.LightFunctionQuality:1]]
[2025.07.13-23.39.48:268][  0]LogConfig: Setting CVar [[r.ShadowQuality:5]]
[2025.07.13-23.39.48:268][  0]LogConfig: Setting CVar [[r.Shadow.CSM.MaxCascades:10]]
[2025.07.13-23.39.48:268][  0]LogConfig: Setting CVar [[r.Shadow.MaxResolution:2048]]
[2025.07.13-23.39.48:268][  0]LogConfig: Setting CVar [[r.Shadow.MaxCSMResolution:2048]]
[2025.07.13-23.39.48:268][  0]LogConfig: Setting CVar [[r.Shadow.RadiusThreshold:0.01]]
[2025.07.13-23.39.48:268][  0]LogConfig: Setting CVar [[r.Shadow.DistanceScale:1.0]]
[2025.07.13-23.39.48:268][  0]LogConfig: Setting CVar [[r.Shadow.CSM.TransitionScale:1.0]]
[2025.07.13-23.39.48:268][  0]LogConfig: Setting CVar [[r.Shadow.PreShadowResolutionFactor:1.0]]
[2025.07.13-23.39.48:268][  0]LogConfig: Setting CVar [[r.DistanceFieldShadowing:1]]
[2025.07.13-23.39.48:268][  0]LogConfig: Setting CVar [[r.DistanceFieldAO:1]]
[2025.07.13-23.39.48:269][  0]LogConfig: Setting CVar [[r.AOQuality:2]]
[2025.07.13-23.39.48:269][  0]LogConfig: Setting CVar [[r.VolumetricFog:1]]
[2025.07.13-23.39.48:269][  0]LogConfig: Setting CVar [[r.VolumetricFog.GridPixelSize:8]]
[2025.07.13-23.39.48:269][  0]LogConfig: Setting CVar [[r.VolumetricFog.GridSizeZ:128]]
[2025.07.13-23.39.48:269][  0]LogConfig: Setting CVar [[r.VolumetricFog.HistoryMissSupersampleCount:4]]
[2025.07.13-23.39.48:269][  0]LogConfig: Setting CVar [[r.LightMaxDrawDistanceScale:1]]
[2025.07.13-23.39.48:269][  0]LogConfig: Setting CVar [[r.CapsuleShadows:1]]
[2025.07.13-23.39.48:269][  0]LogConfig: Applying CVar settings from Section [PostProcessQuality@3] File [D:/UTN-e-learning/Unreal-Engine/Unreal-Projects/TP_PreEntrega/Saved/Config/Windows/Scalability.ini]
[2025.07.13-23.39.48:269][  0]LogConfig: Setting CVar [[r.MotionBlurQuality:4]]
[2025.07.13-23.39.48:269][  0]LogConfig: Setting CVar [[r.AmbientOcclusionMipLevelFactor:0.4]]
[2025.07.13-23.39.48:269][  0]LogConfig: Setting CVar [[r.AmbientOcclusionMaxQuality:100]]
[2025.07.13-23.39.48:269][  0]LogConfig: Setting CVar [[r.AmbientOcclusionLevels:-1]]
[2025.07.13-23.39.48:269][  0]LogConfig: Setting CVar [[r.AmbientOcclusionRadiusScale:1.0]]
[2025.07.13-23.39.48:269][  0]LogConfig: Setting CVar [[r.DepthOfFieldQuality:2]]
[2025.07.13-23.39.48:270][  0]LogConfig: Setting CVar [[r.RenderTargetPoolMin:400]]
[2025.07.13-23.39.48:270][  0]LogConfig: Setting CVar [[r.LensFlareQuality:2]]
[2025.07.13-23.39.48:270][  0]LogConfig: Setting CVar [[r.SceneColorFringeQuality:1]]
[2025.07.13-23.39.48:270][  0]LogConfig: Setting CVar [[r.EyeAdaptationQuality:2]]
[2025.07.13-23.39.48:270][  0]LogConfig: Setting CVar [[r.BloomQuality:5]]
[2025.07.13-23.39.48:270][  0]LogConfig: Setting CVar [[r.FastBlurThreshold:100]]
[2025.07.13-23.39.48:270][  0]LogConfig: Setting CVar [[r.Upscale.Quality:3]]
[2025.07.13-23.39.48:270][  0]LogConfig: Setting CVar [[r.Tonemapper.GrainQuantization:1]]
[2025.07.13-23.39.48:270][  0]LogConfig: Setting CVar [[r.LightShaftQuality:1]]
[2025.07.13-23.39.48:270][  0]LogConfig: Setting CVar [[r.Filter.SizeScale:1]]
[2025.07.13-23.39.48:270][  0]LogConfig: Setting CVar [[r.Tonemapper.Quality:5]]
[2025.07.13-23.39.48:270][  0]LogConfig: Setting CVar [[r.DOF.Gather.AccumulatorQuality:1        ; higher gathering accumulator quality]]
[2025.07.13-23.39.48:270][  0]LogConfig: Setting CVar [[r.DOF.Gather.PostfilterMethod:1          ; Median3x3 postfilering method]]
[2025.07.13-23.39.48:270][  0]LogConfig: Setting CVar [[r.DOF.Gather.EnableBokehSettings:0       ; no bokeh simulation when gathering]]
[2025.07.13-23.39.48:270][  0]LogConfig: Setting CVar [[r.DOF.Gather.RingCount:4                 ; medium number of samples when gathering]]
[2025.07.13-23.39.48:271][  0]LogConfig: Setting CVar [[r.DOF.Scatter.ForegroundCompositing:1    ; additive foreground scattering]]
[2025.07.13-23.39.48:271][  0]LogConfig: Setting CVar [[r.DOF.Scatter.BackgroundCompositing:2    ; additive background scattering]]
[2025.07.13-23.39.48:271][  0]LogConfig: Setting CVar [[r.DOF.Scatter.EnableBokehSettings:1      ; bokeh simulation when scattering]]
[2025.07.13-23.39.48:271][  0]LogConfig: Setting CVar [[r.DOF.Scatter.MaxSpriteRatio:0.1         ; only a maximum of 10% of scattered bokeh]]
[2025.07.13-23.39.48:271][  0]LogConfig: Setting CVar [[r.DOF.Recombine.Quality:1                ; cheap slight out of focus]]
[2025.07.13-23.39.48:271][  0]LogConfig: Setting CVar [[r.DOF.Recombine.EnableBokehSettings:0    ; no bokeh simulation on slight out of focus]]
[2025.07.13-23.39.48:271][  0]LogConfig: Setting CVar [[r.DOF.TemporalAAQuality:1                ; more stable temporal accumulation]]
[2025.07.13-23.39.48:271][  0]LogConfig: Setting CVar [[r.DOF.Kernel.MaxForegroundRadius:0.025]]
[2025.07.13-23.39.48:271][  0]LogConfig: Setting CVar [[r.DOF.Kernel.MaxBackgroundRadius:0.025]]
[2025.07.13-23.39.48:271][  0]LogConfig: Applying CVar settings from Section [TextureQuality@3] File [D:/UTN-e-learning/Unreal-Engine/Unreal-Projects/TP_PreEntrega/Saved/Config/Windows/Scalability.ini]
[2025.07.13-23.39.48:271][  0]LogConfig: Setting CVar [[r.Streaming.MipBias:0]]
[2025.07.13-23.39.48:271][  0]LogConfig: Setting CVar [[r.Streaming.AmortizeCPUToGPUCopy:0]]
[2025.07.13-23.39.48:271][  0]LogConfig: Setting CVar [[r.Streaming.MaxNumTexturesToStreamPerFrame:0]]
[2025.07.13-23.39.48:272][  0]LogConfig: Setting CVar [[r.Streaming.Boost:1]]
[2025.07.13-23.39.48:272][  0]LogConfig: Setting CVar [[r.MaxAnisotropy:8]]
[2025.07.13-23.39.48:272][  0]LogConfig: Setting CVar [[r.VT.MaxAnisotropy:8]]
[2025.07.13-23.39.48:272][  0]LogConfig: Setting CVar [[r.Streaming.LimitPoolSizeToVRAM:0]]
[2025.07.13-23.39.48:272][  0]LogConfig: Setting CVar [[r.Streaming.PoolSize:1000]]
[2025.07.13-23.39.48:272][  0]LogConfig: Setting CVar [[r.Streaming.MaxEffectiveScreenSize:0]]
[2025.07.13-23.39.48:272][  0]LogConfig: Applying CVar settings from Section [EffectsQuality@3] File [D:/UTN-e-learning/Unreal-Engine/Unreal-Projects/TP_PreEntrega/Saved/Config/Windows/Scalability.ini]
[2025.07.13-23.39.48:272][  0]LogConfig: Setting CVar [[r.TranslucencyLightingVolumeDim:64]]
[2025.07.13-23.39.48:272][  0]LogConfig: Setting CVar [[r.RefractionQuality:2]]
[2025.07.13-23.39.48:272][  0]LogConfig: Setting CVar [[r.SSR.Quality:3]]
[2025.07.13-23.39.48:272][  0]LogConfig: Setting CVar [[r.SSR.HalfResSceneColor:0]]
[2025.07.13-23.39.48:272][  0]LogConfig: Setting CVar [[r.SceneColorFormat:4]]
[2025.07.13-23.39.48:273][  0]LogConfig: Setting CVar [[r.DetailMode:2]]
[2025.07.13-23.39.48:273][  0]LogConfig: Setting CVar [[r.TranslucencyVolumeBlur:1]]
[2025.07.13-23.39.48:273][  0]LogConfig: Setting CVar [[r.MaterialQualityLevel:1 ; High quality]]
[2025.07.13-23.39.48:273][  0]LogConfig: Setting CVar [[r.AnisotropicMaterials:1]]
[2025.07.13-23.39.48:273][  0]LogConfig: Setting CVar [[r.SSS.Scale:1]]
[2025.07.13-23.39.48:273][  0]LogConfig: Setting CVar [[r.SSS.SampleSet:2]]
[2025.07.13-23.39.48:273][  0]LogConfig: Setting CVar [[r.SSS.Quality:1]]
[2025.07.13-23.39.48:273][  0]LogConfig: Setting CVar [[r.SSS.HalfRes:0]]
[2025.07.13-23.39.48:273][  0]LogConfig: Setting CVar [[r.SSGI.Quality:3]]
[2025.07.13-23.39.48:273][  0]LogConfig: Setting CVar [[r.EmitterSpawnRateScale:1.0]]
[2025.07.13-23.39.48:273][  0]LogConfig: Setting CVar [[r.ParticleLightQuality:2]]
[2025.07.13-23.39.48:273][  0]LogConfig: Setting CVar [[r.SkyAtmosphere.AerialPerspectiveLUT.FastApplyOnOpaque:1 ; Always have FastSkyLUT 1 in this case to avoid wrong sky]]
[2025.07.13-23.39.48:273][  0]LogConfig: Setting CVar [[r.SkyAtmosphere.AerialPerspectiveLUT.SampleCountMaxPerSlice:4]]
[2025.07.13-23.39.48:274][  0]LogConfig: Setting CVar [[r.SkyAtmosphere.AerialPerspectiveLUT.DepthResolution:16.0]]
[2025.07.13-23.39.48:274][  0]LogConfig: Setting CVar [[r.SkyAtmosphere.FastSkyLUT:1]]
[2025.07.13-23.39.48:274][  0]LogConfig: Setting CVar [[r.SkyAtmosphere.FastSkyLUT.SampleCountMin:4.0]]
[2025.07.13-23.39.48:274][  0]LogConfig: Setting CVar [[r.SkyAtmosphere.FastSkyLUT.SampleCountMax:128.0]]
[2025.07.13-23.39.48:274][  0]LogConfig: Setting CVar [[r.SkyAtmosphere.SampleCountMin:4.0]]
[2025.07.13-23.39.48:274][  0]LogConfig: Setting CVar [[r.SkyAtmosphere.SampleCountMax:128.0]]
[2025.07.13-23.39.48:274][  0]LogConfig: Setting CVar [[r.SkyAtmosphere.TransmittanceLUT.UseSmallFormat:0]]
[2025.07.13-23.39.48:274][  0]LogConfig: Setting CVar [[r.SkyAtmosphere.TransmittanceLUT.SampleCount:10.0]]
[2025.07.13-23.39.48:274][  0]LogConfig: Setting CVar [[r.SkyAtmosphere.MultiScatteringLUT.SampleCount:15.0]]
[2025.07.13-23.39.48:274][  0]LogConfig: Setting CVar [[r.SkyLight.RealTimeReflectionCapture:1]]
[2025.07.13-23.39.48:274][  0]LogConfig: Setting CVar [[fx.Niagara.QualityLevel:3]]
[2025.07.13-23.39.48:274][  0]LogConfig: Applying CVar settings from Section [FoliageQuality@3] File [D:/UTN-e-learning/Unreal-Engine/Unreal-Projects/TP_PreEntrega/Saved/Config/Windows/Scalability.ini]
[2025.07.13-23.39.48:275][  0]LogConfig: Setting CVar [[foliage.DensityScale:1.0]]
[2025.07.13-23.39.48:275][  0]LogConfig: Setting CVar [[grass.DensityScale:1.0]]
[2025.07.13-23.39.48:275][  0]LogConfig: Applying CVar settings from Section [ShadingQuality@3] File [D:/UTN-e-learning/Unreal-Engine/Unreal-Projects/TP_PreEntrega/Saved/Config/Windows/Scalability.ini]
[2025.07.13-23.39.48:275][  0]LogConfig: Setting CVar [[r.HairStrands.SkyLighting.IntegrationType:2]]
[2025.07.13-23.39.48:275][  0]LogConfig: Setting CVar [[r.HairStrands.SkyAO.SampleCount:4]]
[2025.07.13-23.39.48:275][  0]LogConfig: Setting CVar [[r.HairStrands.Visibility.MSAA.SamplePerPixel:4]]
[2025.07.13-23.39.48:275][  0]LogConfig: Setting CVar [[r.HairStrands.Interpolation.UseSingleGuide:0]]
[2025.07.13-23.39.48:275][  0]LogConfig: Applying CVar settings from Section [Startup] File [../../../Engine/Config/ConsoleVariables.ini]
[2025.07.13-23.39.48:276][  0]LogConfig: Setting CVar [[net.UseAdaptiveNetUpdateFrequency:0]]
[2025.07.13-23.39.48:276][  0]LogConfig: Setting CVar [[p.chaos.AllowCreatePhysxBodies:1]]
[2025.07.13-23.39.48:276][  0]LogConfig: Setting CVar [[fx.SkipVectorVMBackendOptimizations:1]]
[2025.07.13-23.39.48:276][  0]LogConfig: Applying CVar settings from Section [ConsoleVariables] File [D:/UTN-e-learning/Unreal-Engine/Unreal-Projects/TP_PreEntrega/Saved/Config/Windows/Engine.ini]
[2025.07.13-23.39.48:276][  0]LogConfig: Applying CVar settings from Section [ConsoleVariables] File [D:/UTN-e-learning/Unreal-Engine/Unreal-Projects/TP_PreEntrega/Saved/Config/Windows/Editor.ini]
[2025.07.13-23.39.48:276][  0]LogInit: Computer: LAPTOP-AHL2VAE2
[2025.07.13-23.39.48:277][  0]LogInit: User: ezequ
[2025.07.13-23.39.48:277][  0]LogInit: CPU Page size=4096, Cores=4
[2025.07.13-23.39.48:277][  0]LogInit: High frequency timer resolution =10.000000 MHz
[2025.07.13-23.39.48:277][  0]LogMemory: Memory total: Physical=31.9GB (32GB approx)
[2025.07.13-23.39.48:277][  0]LogMemory: Platform Memory Stats for Windows
[2025.07.13-23.39.48:277][  0]LogMemory: Process Physical Memory: 146.34 MB used, 146.34 MB peak
[2025.07.13-23.39.48:277][  0]LogMemory: Process Virtual Memory: 115.13 MB used, 115.13 MB peak
[2025.07.13-23.39.48:277][  0]LogMemory: Physical Memory: 17704.27 MB used,  14911.97 MB free, 32616.24 MB total
[2025.07.13-23.39.48:277][  0]LogMemory: Virtual Memory: 134193928.00 MB used,  23796.79 MB free, 134217728.00 MB total
[2025.07.13-23.39.48:303][  0]LogWindows: WindowsPlatformFeatures enabled
[2025.07.13-23.39.48:394][  0]LogInit: Physics initialised using underlying interface: PhysX
[2025.07.13-23.39.48:396][  0]LogInit: Overriding language with editor language configuration option (en).
[2025.07.13-23.39.48:396][  0]LogInit: Overriding language with editor locale configuration option (en).
[2025.07.13-23.39.49:027][  0]LogInit: Setting process to per monitor DPI aware
[2025.07.13-23.39.49:064][  0]LogWindowsTextInputMethodSystem: Display: IME system deactivated.
[2025.07.13-23.39.49:105][  0]LogSlate: New Slate User Created.  User Index 0, Is Virtual User: 0
[2025.07.13-23.39.49:105][  0]LogSlate: Slate User Registered.  User Index 0, Is Virtual User: 0
[2025.07.13-23.39.49:620][  0]LogD3D11RHI: Loaded GFSDK_Aftermath_Lib.x64.dll
[2025.07.13-23.39.49:629][  0]LogHMD: Failed to initialize OpenVR with code 110
[2025.07.13-23.39.49:629][  0]LogD3D11RHI: D3D11 min allowed feature level: 11_0
[2025.07.13-23.39.49:629][  0]LogD3D11RHI: D3D11 max allowed feature level: 11_0
[2025.07.13-23.39.49:629][  0]LogD3D11RHI: D3D11 adapters:
[2025.07.13-23.39.49:903][  0]LogD3D11RHI:    0. 'NVIDIA GeForce GTX 1050' (Feature Level 11_0)
[2025.07.13-23.39.49:903][  0]LogD3D11RHI:       2996/0/16308 MB DedicatedVideo/DedicatedSystem/SharedSystem, Outputs:1, VendorId:0x10de
[2025.07.13-23.39.49:982][  0]LogD3D11RHI:    1. 'Intel(R) UHD Graphics 630' (Feature Level 11_0)
[2025.07.13-23.39.49:982][  0]LogD3D11RHI:       128/0/16308 MB DedicatedVideo/DedicatedSystem/SharedSystem, Outputs:1, VendorId:0x8086
[2025.07.13-23.39.49:990][  0]LogD3D11RHI:    2. 'Microsoft Basic Render Driver' (Feature Level 11_0)
[2025.07.13-23.39.49:990][  0]LogD3D11RHI:       0/0/16308 MB DedicatedVideo/DedicatedSystem/SharedSystem, Outputs:0, VendorId:0x1414
[2025.07.13-23.39.49:990][  0]LogD3D11RHI: Chosen D3D11 Adapter:
[2025.07.13-23.39.49:991][  0]LogD3D11RHI:     Description : NVIDIA GeForce GTX 1050
[2025.07.13-23.39.49:991][  0]LogD3D11RHI:     VendorId    : 10de
[2025.07.13-23.39.49:991][  0]LogD3D11RHI:     DeviceId    : 1c91
[2025.07.13-23.39.49:991][  0]LogD3D11RHI:     SubSysId    : 13321025
[2025.07.13-23.39.49:991][  0]LogD3D11RHI:     Revision    : 00a1
[2025.07.13-23.39.49:991][  0]LogD3D11RHI:     DedicatedVideoMemory : 3141533696 bytes
[2025.07.13-23.39.49:991][  0]LogD3D11RHI:     DedicatedSystemMemory : 0 bytes
[2025.07.13-23.39.49:991][  0]LogD3D11RHI:     SharedSystemMemory : 17100302336 bytes
[2025.07.13-23.39.49:991][  0]LogD3D11RHI:     AdapterLuid : 0 86907
[2025.07.13-23.39.50:013][  0]LogD3D11RHI: Creating new Direct3DDevice
[2025.07.13-23.39.50:013][  0]LogD3D11RHI:     GPU DeviceId: 0x1c91 (for the marketing name, search the web for "GPU Device Id")
[2025.07.13-23.39.50:013][  0]LogWindows: EnumDisplayDevices:
[2025.07.13-23.39.50:014][  0]LogWindows:    0. 'Intel(R) UHD Graphics 630' (P:0 D:1)
[2025.07.13-23.39.50:015][  0]LogWindows:    1. 'Intel(R) UHD Graphics 630' (P:0 D:0)
[2025.07.13-23.39.50:016][  0]LogWindows:    2. 'Intel(R) UHD Graphics 630' (P:0 D:0)
[2025.07.13-23.39.50:018][  0]LogWindows:    3. 'NVIDIA GeForce GTX 1050' (P:1 D:1)
[2025.07.13-23.39.50:019][  0]LogWindows: DebugString: PrimaryIsNotTheChoosenAdapter PrimaryIsNotTheChoosenAdapter PrimaryIsNotTheChoosenAdapter 
[2025.07.13-23.39.50:019][  0]LogD3D11RHI:     Adapter Name: NVIDIA GeForce GTX 1050
[2025.07.13-23.39.50:019][  0]LogD3D11RHI:   Driver Version: 451.67 (internal:27.21.14.5167, unified:451.67)
[2025.07.13-23.39.50:019][  0]LogD3D11RHI:      Driver Date: 7-5-2020
[2025.07.13-23.39.50:019][  0]LogRHI: Texture pool is 2097 MB (70% of 2996 MB)
[2025.07.13-23.39.50:019][  0]LogD3D11RHI: Creating D3DDevice using adapter:
[2025.07.13-23.39.50:019][  0]LogD3D11RHI:     Description : NVIDIA GeForce GTX 1050
[2025.07.13-23.39.50:019][  0]LogD3D11RHI:     VendorId    : 10de
[2025.07.13-23.39.50:019][  0]LogD3D11RHI:     DeviceId    : 1c91
[2025.07.13-23.39.50:019][  0]LogD3D11RHI:     SubSysId    : 13321025
[2025.07.13-23.39.50:019][  0]LogD3D11RHI:     Revision    : 00a1
[2025.07.13-23.39.50:019][  0]LogD3D11RHI:     DedicatedVideoMemory : 3141533696 bytes
[2025.07.13-23.39.50:019][  0]LogD3D11RHI:     DedicatedSystemMemory : 0 bytes
[2025.07.13-23.39.50:019][  0]LogD3D11RHI:     SharedSystemMemory : 17100302336 bytes
[2025.07.13-23.39.50:020][  0]LogD3D11RHI:     AdapterLuid : 0 86907
[2025.07.13-23.39.50:214][  0]LogD3D11RHI: RHI has support for 64 bit atomics
[2025.07.13-23.39.50:214][  0]LogD3D11RHI: Async texture creation enabled
[2025.07.13-23.39.50:214][  0]LogD3D11RHI: Array index from any shader is supported
[2025.07.13-23.39.50:264][  0]LogD3D11RHI: GPU Timing Frequency: 1000.000000 (Debug: 2 1)
[2025.07.13-23.39.50:484][  0]LogRHI: GeForceNow SDK initialized: 1
[2025.07.13-23.39.51:641][  0]LogTargetPlatformManager: Display: Loaded TargetPlatform 'AllDesktop'
[2025.07.13-23.39.51:728][  0]LogTargetPlatformManager: Display: Loaded TargetPlatform 'Android'
[2025.07.13-23.39.51:728][  0]LogTargetPlatformManager: Display: Loaded TargetPlatform 'Android_ASTC'
[2025.07.13-23.39.51:728][  0]LogTargetPlatformManager: Display: Loaded TargetPlatform 'Android_DXT'
[2025.07.13-23.39.51:728][  0]LogTargetPlatformManager: Display: Loaded TargetPlatform 'Android_ETC2'
[2025.07.13-23.39.51:728][  0]LogTargetPlatformManager: Display: Loaded TargetPlatform 'AndroidClient'
[2025.07.13-23.39.51:728][  0]LogTargetPlatformManager: Display: Loaded TargetPlatform 'Android_ASTCClient'
[2025.07.13-23.39.51:728][  0]LogTargetPlatformManager: Display: Loaded TargetPlatform 'Android_DXTClient'
[2025.07.13-23.39.51:728][  0]LogTargetPlatformManager: Display: Loaded TargetPlatform 'Android_ETC2Client'
[2025.07.13-23.39.51:728][  0]LogTargetPlatformManager: Display: Loaded TargetPlatform 'Android_Multi'
[2025.07.13-23.39.51:729][  0]LogTargetPlatformManager: Display: Loaded TargetPlatform 'Android_MultiClient'
[2025.07.13-23.39.51:799][  0]LogTargetPlatformManager: Display: Loaded TargetPlatform 'IOSClient'
[2025.07.13-23.39.51:799][  0]LogTargetPlatformManager: Display: Loaded TargetPlatform 'IOS'
[2025.07.13-23.39.51:832][  0]LogTargetPlatformManager: Display: Loaded TargetPlatform 'Linux'
[2025.07.13-23.39.51:851][  0]LogTargetPlatformManager: Display: Loaded TargetPlatform 'LinuxNoEditor'
[2025.07.13-23.39.51:868][  0]LogTargetPlatformManager: Display: Loaded TargetPlatform 'LinuxClient'
[2025.07.13-23.39.51:884][  0]LogTargetPlatformManager: Display: Loaded TargetPlatform 'LinuxServer'
[2025.07.13-23.39.51:915][  0]LogTargetPlatformManager: Display: Loaded TargetPlatform 'LinuxAArch64NoEditor'
[2025.07.13-23.39.51:931][  0]LogTargetPlatformManager: Display: Loaded TargetPlatform 'LinuxAArch64Client'
[2025.07.13-23.39.51:948][  0]LogTargetPlatformManager: Display: Loaded TargetPlatform 'LinuxAArch64Server'
[2025.07.13-23.39.52:033][  0]LogTargetPlatformManager: Display: Loaded TargetPlatform 'Lumin'
[2025.07.13-23.39.52:034][  0]LogTargetPlatformManager: Display: Loaded TargetPlatform 'LuminClient'
[2025.07.13-23.39.52:066][  0]LogTargetPlatformManager: Display: Loaded TargetPlatform 'MacNoEditor'
[2025.07.13-23.39.52:082][  0]LogTargetPlatformManager: Display: Loaded TargetPlatform 'Mac'
[2025.07.13-23.39.52:098][  0]LogTargetPlatformManager: Display: Loaded TargetPlatform 'MacClient'
[2025.07.13-23.39.52:115][  0]LogTargetPlatformManager: Display: Loaded TargetPlatform 'MacServer'
[2025.07.13-23.39.52:152][  0]LogTargetPlatformManager: Display: Loaded TargetPlatform 'TVOSClient'
[2025.07.13-23.39.52:152][  0]LogTargetPlatformManager: Display: Loaded TargetPlatform 'TVOS'
[2025.07.13-23.39.52:184][  0]LogTargetPlatformManager: Display: Loaded TargetPlatform 'WindowsNoEditor'
[2025.07.13-23.39.52:203][  0]LogTargetPlatformManager: Display: Loaded TargetPlatform 'Windows'
[2025.07.13-23.39.52:221][  0]LogTargetPlatformManager: Display: Loaded TargetPlatform 'WindowsClient'
[2025.07.13-23.39.52:239][  0]LogTargetPlatformManager: Display: Loaded TargetPlatform 'WindowsServer'
[2025.07.13-23.39.52:240][  0]LogTargetPlatformManager: Display: Building Assets For Windows
[2025.07.13-23.39.52:269][  0]LogAudioDebug: Display: Lib vorbis DLL was dynamically loaded.
[2025.07.13-23.39.52:392][  0]LogTextureFormatOodle: Display: Oodle Texture 2.9.0 init RDO Off
[2025.07.13-23.39.52:505][  0]LogRendererCore: Ray tracing is disabled. Reason: r.RayTracing=0.
[2025.07.13-23.39.52:506][  0]LogShaderCompilers: Guid format shader working directory is -28 characters bigger than the processId version (../../../../../UTN-e-learning/Unreal-Engine/Unreal-Projects/TP_PreEntrega/Intermediate/Shaders/WorkingDirectory/18088/).
[2025.07.13-23.39.52:506][  0]LogShaderCompilers: Cleaned the shader compiler working directory 'C:/Users/ezequ/AppData/Local/Temp/UnrealShaderWorkingDir/5C934AC346CA3D4AD17D0D9CADDE21B4/'.
[2025.07.13-23.39.52:507][  0]LogXGEController: Cannot use XGE Controller as Incredibuild is not installed on this machine.
[2025.07.13-23.39.52:507][  0]LogShaderCompilers: Cannot use XGE Shader Compiler as Incredibuild is not installed on this machine.
[2025.07.13-23.39.52:507][  0]LogShaderCompilers: Display: Using Local Shader Compiler.
[2025.07.13-23.39.55:505][  0]LogDerivedDataCache: Display: Max Cache Size: 512 MB
[2025.07.13-23.39.55:682][  0]LogDerivedDataCache: Loaded boot cache 0.18s 94MB C:/Users/ezequ/AppData/Local/UnrealEngine/4.27/DerivedDataCache/Boot.ddc.
[2025.07.13-23.39.55:682][  0]LogDerivedDataCache: Display: Loaded Boot cache: C:/Users/ezequ/AppData/Local/UnrealEngine/4.27/DerivedDataCache/Boot.ddc
[2025.07.13-23.39.55:683][  0]LogDerivedDataCache: FDerivedDataBackendGraph:  Pak pak cache file ../../../../../UTN-e-learning/Unreal-Engine/Unreal-Projects/TP_PreEntrega/DerivedDataCache/DDC.ddp not found, will not use a pak cache.
[2025.07.13-23.39.55:683][  0]LogDerivedDataCache: Unable to find inner node Pak for hierarchical cache Hierarchy.
[2025.07.13-23.39.55:684][  0]LogDerivedDataCache: FDerivedDataBackendGraph:  CompressedPak pak cache file ../../../../../UTN-e-learning/Unreal-Engine/Unreal-Projects/TP_PreEntrega/DerivedDataCache/Compressed.ddp not found, will not use a pak cache.
[2025.07.13-23.39.55:684][  0]LogDerivedDataCache: Unable to find inner node CompressedPak for hierarchical cache Hierarchy.
[2025.07.13-23.39.55:771][  0]LogDerivedDataCache: Display: Pak cache opened for reading ../../../Engine/DerivedDataCache/Compressed.ddp.
[2025.07.13-23.39.55:771][  0]LogDerivedDataCache: FDerivedDataBackendGraph:  EnterprisePak pak cache file ../../../Enterprise/DerivedDataCache/Compressed.ddp not found, will not use a pak cache.
[2025.07.13-23.39.55:771][  0]LogDerivedDataCache: Unable to find inner node EnterprisePak for hierarchical cache Hierarchy.
[2025.07.13-23.39.55:820][  0]LogDerivedDataCache: Speed tests for C:/Users/ezequ/AppData/Local/UnrealEngine/Common/DerivedDataCache took 0.05 seconds
[2025.07.13-23.39.55:820][  0]LogDerivedDataCache: Display: Performance to C:/Users/ezequ/AppData/Local/UnrealEngine/Common/DerivedDataCache: Latency=0.21ms. RandomReadSpeed=142.90MBs, RandomWriteSpeed=23.78MBs. Assigned SpeedClass 'Local'
[2025.07.13-23.39.55:861][  0]LogDerivedDataCache: Using Local data cache path C:/Users/ezequ/AppData/Local/UnrealEngine/Common/DerivedDataCache: Writable
[2025.07.13-23.39.55:862][  0]LogDerivedDataCache: Shared data cache path not found in *engine.ini, will not use an Shared cache.
[2025.07.13-23.39.55:862][  0]LogDerivedDataCache: Unable to find inner node Shared for hierarchical cache Hierarchy.
[2025.07.13-23.39.57:295][  0]LogShaderCompilers: Display: Submitted 602 shader compile jobs with 'High' priority
[2025.07.13-23.39.57:295][  0]LogSlate: Using FreeType 2.10.0
[2025.07.13-23.39.57:296][  0]LogSlate: SlateFontServices - WITH_FREETYPE: 1, WITH_HARFBUZZ: 1
[2025.07.13-23.39.57:418][  0]LogShaderCompilers: Display: Worker (1/5): shaders left to compile 602
[2025.07.13-23.39.57:418][  0]LogShaderCompilers: Display: Worker (2/5): shaders left to compile 592
[2025.07.13-23.39.57:418][  0]LogShaderCompilers: Display: Worker (3/5): shaders left to compile 582
[2025.07.13-23.39.57:418][  0]LogShaderCompilers: Display: Worker (4/5): shaders left to compile 572
[2025.07.13-23.39.57:418][  0]LogShaderCompilers: Display: Worker (5/5): shaders left to compile 562
[2025.07.13-23.39.57:418][  0]LogShaderCompilers: Display: Started 50 'Local' shader compile jobs with 'High' priority
[2025.07.13-23.39.57:418][  0]LogAssetRegistry: FAssetRegistry took 0.0083 seconds to start up
[2025.07.13-23.39.58:334][  0]LogInit: Selected Device Profile: [Windows]
[2025.07.13-23.39.58:335][  0]LogInit: Active device profile: [000001E13B6D7500][000001E13C274F80 49] Windows
[2025.07.13-23.39.58:335][  0]LogInit: Profiles: [000001E13B6D7500][000001E13C274F80 49] Windows, [000001E13B68CD00][000001E13C27D100 49] WindowsNoEditor, [000001E13B6D4D00][000001E13C281280 49] WindowsServer, [000001E13B68ED00][000001E13C285400 49] WindowsClient, [000001E13B6D6C00][000001E13C289580 49] IOS, [000001E13B68D600][000001E13C28D700 49] iPadAir, [000001E13B6D5500][000001E13C291880 49] iPadAir2, [000001E13B643C00][000001E13C299B40 49] IPadPro, [000001E13B643D00][000001E13C295B80 49] iPadAir3, [000001E13B6D6600][000001E13C29C180 49] iPadAir4, [000001E13B641200][000001E13C2A0300 49] iPadMini2, [000001E13B6D5A00][000001E13C2A4480 49] iPadMini3, [000001E13B642700][000001E13C2A8600 49] iPadMini4, [000001E13B6D4800][000001E13C2AC7C0 49] iPadMini5, [000001E13B683500][000001E13C2B4A80 49] iPhone6, [000001E13B683600][000001E13C2B0AC0 49] iPodTouch6, [000001E13B640200][000001E13C2B8D00 49] iPhone7, [000001E13B640100][000001E13C278D40 49] iPodTouch7, [000001E13B681100][000001E13C2BCE80 49] iPhone5S, [000001E13B640B00][000001E13C2C0FC0 49] iPhone6Plus, [000001E13B682800][000001E13C2C9140 49] iPhone6S, [000001E13B640F00][000001E13C2CD2C0 49] iPhone6SPlus, [000001E13B681900][000001E13C2D1440 49] iPhone7Plus, [000001E13B642400][000001E13C2D55C0 49] iPhoneSE, [000001E13B683700][000001E13C2D9740 49] iPhone8, [000001E13B643700][000001E13C2DD8C0 49] iPhone8Plus, [000001E13B682D00][000001E13C2E1A40 49] iPhoneX, [000001E13B643A00][000001E13C2E5BC0 49] iPhoneXS, [000001E13B681200][000001E13C2E81C0 49] iPhoneXSMax, [000001E13B640D00][000001E13C2EC340 49] iPhoneXR, [000001E13B680B00][000001E13C2F04C0 49] iPhone11, [000001E13B642B00][000001E13C2F4640 49] iPhone11Pro, [000001E13B682F00][000001E13C2F87C0 49] iPhone11ProMax, [000001E13B642800][000001E13C2FC940 49] iPhoneSE2, [000001E13B681800][000001E13C300AC0 49] iPhone12Mini, [000001E13B642500][000001E13C304C40 49] iPhone12, [000001E13B681C00][000001E13C2C4D80 49] iPhone12Pro, [000001E13B643400][000001E13C308EC0 49] iPhone12ProMax, [000001E13B683400][000001E13C30D000 49] iPadPro105, [000001E13B643B00][000001E13C311140 49] iPadPro129, [000001E13B682000][000001E13C3192C0 49] iPadPro97, [000001E13B640300][000001E13C31D440 49] iPadPro2_129, [000001E13B683E00][000001E13C3215C0 49] iPad5, [000001E13B640E00][000001E13C325740 49] iPad6, [000001E13B680A00][000001E13C3298C0 49] iPad7, [000001E13B642F00][000001E13C32DA40 49] iPad8, [000001E13B681F00][000001E13C331BC0 49] iPadPro11, [000001E13B643200][000001E13C3341C0 49] iPadPro2_11, [000001E13B680500][000001E13C36A340 49] iPadPro3_129, [000001E13B641900][000001E13C36E4C0 49] iPadPro4_129, [000001E13B682600][000001E13C372640 49] AppleTV, [000001E13B643E00][000001E13C3767C0 49] AppleTV4K, [000001E13B680600][000001E13C3CE940 49] TVOS, [000001E13B641B00][000001E13C42EAC0 49] Mac, [000001E13B680100][000001E13C432C40 49] MacClient, [000001E13B642E00][000001E13C436DC0 49] MacNoEditor, [000001E13B680E00][000001E13C43AF40 49] MacServer, [000001E13B641500][000001E13C315080 49] Linux, [000001E13B681700][000001E13C43F1C0 49] LinuxAArch64, [000001E13B643800][000001E13C443300 49] LinuxNoEditor, [000001E13B719400][000001E13C44B480 49] LinuxAArch64NoEditor, [000001E13B68FD00][000001E13C44F600 49] LinuxClient, [000001E13B71A000][000001E13C453780 49] LinuxAArch64Client, [000001E13B68CB00][000001E13C457900 49] LinuxServer, [000001E13B718F00][000001E13C45BA80 49] LinuxAArch64Server, [000001E13B68F400][000001E13C45FC00 49] Android, [000001E13B718D00][000001E13C462200 49] Android_Low, [000001E13B68D100][000001E13C466380 49] Android_Mid, [000001E13B719D00][000001E13C46A500 49] Android_High, [000001E13B68D900][000001E13C46E680 49] Android_Default, [000001E13B719E00][000001E13C472800 49] Android_Adreno4xx, [000001E13B68E900][000001E13C476980 49] Android_Adreno5xx_Low, [000001E13B718600][000001E13C47AB00 49] Android_Adreno5xx, [000001E13B68E000][000001E13C47EC80 49] Android_Adreno6xx, [000001E13B718200][000001E13C482E00 49] Android_Adreno6xx_Vulkan, [000001E13B68FB00][000001E13C486F80 49] Android_Mali_T6xx, [000001E13B642200][000001E13C48B100 49] Android_Mali_T7xx, [000001E13B683900][000001E13C447240 49] Android_Mali_T8xx, [000001E13B642900][000001E13C48F380 49] Android_Mali_G71, [000001E13B683C00][000001E13C4934C0 49] Android_Mali_G72, [000001E13B641E00][000001E13C49B640 49] Android_Mali_G72_Vulkan, [000001E13B682A00][000001E13C49F7C0 49] Android_Mali_G76, [000001E13B643100][000001E13C4A3940 49] Android_Mali_G76_Vulkan, [000001E13B683200][000001E13C4A7AC0 49] Android_Mali_G77, [000001E13B643600][000001E13C4AA0C0 49] Android_Mali_G77_Vulkan, [000001E13B682500][000001E13C4AE240 49] Android_Mali_G78, [000001E13B68F800][000001E13C4B23C0 49] Android_Mali_G78_Vulkan, [000001E13B719F00][000001E13C4B6540 49] Android_Mali_G710, [000001E13B641800][000001E13C4BA6C0 49] Android_Mali_G710_Vulkan, [000001E13B718300][000001E13C4BE840 49] Android_Vulkan_SM5, [000001E13B641D00][000001E13C4C29C0 49] Android_PowerVR_G6xxx, [000001E13B71A800][000001E13C4C6B40 49] Android_PowerVR_GT7xxx, [000001E13B640600][000001E13C4CACC0 49] Android_PowerVR_GE8xxx, [000001E13B718C00][000001E13C4CEE40 49] Android_PowerVR_GM9xxx, [000001E13B643900][000001E13C4D2FC0 49] Android_PowerVR_GM9xxx_Vulkan, [000001E13B71A300][000001E13C4D7140 49] Android_TegraK1, [000001E13B641400][000001E13C4DB2C0 49] Android_Unknown_Vulkan, [000001E13B718400][000001E13C497400 49] Lumin, [000001E13B643F00][000001E13C4DF540 49] Lumin_Desktop, [000001E13B719000][000001E13C4E3680 49] HoloLens, 
[2025.07.13-23.39.58:952][  0]LogMaterial: Display: Missing cached shadermap for WorldGridMaterial in PCD3D_SM5, Default, SM5 (DDC key hash: B0ABD71BE39080A2B6884212222156BB87ACE5E2), compiling. Is special engine material.
[2025.07.13-23.40.04:147][  0]LogShaderCompilers: Display: Submitted 1234 shader compile jobs with 'High' priority
[2025.07.13-23.42.34:064][  0]LogShaderCompilers: Display: Worker (2/5): shaders left to compile 1786
[2025.07.13-23.42.34:064][  0]LogShaderCompilers: Display: Started 10 'Local' shader compile jobs with 'High' priority
[2025.07.13-23.42.36:306][  0]LogShaderCompilers: Display: Worker (1/5): shaders left to compile 1776
[2025.07.13-23.42.36:306][  0]LogShaderCompilers: Display: Started 10 'Local' shader compile jobs with 'High' priority
[2025.07.13-23.43.04:800][  0]LogShaderCompilers: Display: Worker (2/5): shaders left to compile 1766
[2025.07.13-23.43.04:800][  0]LogShaderCompilers: Display: Started 10 'Local' shader compile jobs with 'High' priority
[2025.07.13-23.43.12:084][  0]LogShaderCompilers: Display: Worker (1/5): shaders left to compile 1756
[2025.07.13-23.43.12:084][  0]LogShaderCompilers: Display: Started 10 'Local' shader compile jobs with 'High' priority
[2025.07.13-23.43.12:643][  0]LogShaderCompilers: Display: Worker (5/5): shaders left to compile 1746
[2025.07.13-23.43.12:643][  0]LogShaderCompilers: Display: Started 10 'Local' shader compile jobs with 'High' priority
[2025.07.13-23.43.35:049][  0]LogShaderCompilers: Display: Worker (2/5): shaders left to compile 1736
[2025.07.13-23.43.35:049][  0]LogShaderCompilers: Display: Started 10 'Local' shader compile jobs with 'High' priority
[2025.07.13-23.43.43:990][  0]LogShaderCompilers: Display: Worker (5/5): shaders left to compile 1726
[2025.07.13-23.43.43:990][  0]LogShaderCompilers: Display: Started 10 'Local' shader compile jobs with 'High' priority
[2025.07.13-23.43.51:263][  0]LogShaderCompilers: Display: Worker (1/5): shaders left to compile 1716
[2025.07.13-23.43.51:263][  0]LogShaderCompilers: Display: Started 10 'Local' shader compile jobs with 'High' priority
[2025.07.13-23.44.20:862][  0]LogShaderCompilers: Display: Worker (2/5): shaders left to compile 1706
[2025.07.13-23.44.20:862][  0]LogShaderCompilers: Display: Started 10 'Local' shader compile jobs with 'High' priority
[2025.07.13-23.44.23:102][  0]LogShaderCompilers: Display: Worker (5/5): shaders left to compile 1696
[2025.07.13-23.44.23:102][  0]LogShaderCompilers: Display: Started 10 'Local' shader compile jobs with 'High' priority
[2025.07.13-23.44.26:451][  0]LogShaderCompilers: Display: Worker (4/5): shaders left to compile 1686
[2025.07.13-23.44.26:451][  0]LogShaderCompilers: Display: Started 10 'Local' shader compile jobs with 'High' priority
[2025.07.13-23.44.31:471][  0]LogShaderCompilers: Display: Worker (1/5): shaders left to compile 1676
[2025.07.13-23.44.31:471][  0]LogShaderCompilers: Display: Started 10 'Local' shader compile jobs with 'High' priority
[2025.07.13-23.44.52:262][  0]LogShaderCompilers: Display: Worker (5/5): shaders left to compile 1666
[2025.07.13-23.44.52:262][  0]LogShaderCompilers: Display: Started 10 'Local' shader compile jobs with 'High' priority
[2025.07.13-23.44.55:605][  0]LogShaderCompilers: Display: Worker (2/5): shaders left to compile 1656
[2025.07.13-23.44.55:605][  0]LogShaderCompilers: Display: Started 10 'Local' shader compile jobs with 'High' priority
[2025.07.13-23.45.00:050][  0]LogShaderCompilers: Display: Worker (1/5): shaders left to compile 1646
[2025.07.13-23.45.00:050][  0]LogShaderCompilers: Display: Started 10 'Local' shader compile jobs with 'High' priority
[2025.07.13-23.45.06:777][  0]LogShaderCompilers: Display: Worker (4/5): shaders left to compile 1636
[2025.07.13-23.45.06:777][  0]LogShaderCompilers: Display: Started 10 'Local' shader compile jobs with 'High' priority
[2025.07.13-23.45.38:006][  0]LogShaderCompilers: Display: Worker (1/5): shaders left to compile 1626
[2025.07.13-23.45.38:006][  0]LogShaderCompilers: Display: Started 10 'Local' shader compile jobs with 'High' priority
[2025.07.13-23.45.40:151][  0]LogShaderCompilers: Display: Worker (5/5): shaders left to compile 1616
[2025.07.13-23.45.40:151][  0]LogShaderCompilers: Display: Started 10 'Local' shader compile jobs with 'High' priority
[2025.07.13-23.45.41:758][  0]LogShaderCompilers: Display: Worker (2/5): shaders left to compile 1606
[2025.07.13-23.45.41:758][  0]LogShaderCompilers: Display: Started 10 'Local' shader compile jobs with 'High' priority
[2025.07.13-23.46.02:932][  0]LogShaderCompilers: Display: Worker (4/5): shaders left to compile 1596
[2025.07.13-23.46.02:932][  0]LogShaderCompilers: Display: Started 10 'Local' shader compile jobs with 'High' priority
[2025.07.13-23.46.04:576][  0]LogShaderCompilers: Display: Worker (1/5): shaders left to compile 1586
[2025.07.13-23.46.04:576][  0]LogShaderCompilers: Display: Started 10 'Local' shader compile jobs with 'High' priority
[2025.07.13-23.46.11:069][  0]LogShaderCompilers: Display: Worker (2/5): shaders left to compile 1576
[2025.07.13-23.46.11:069][  0]LogShaderCompilers: Display: Started 10 'Local' shader compile jobs with 'High' priority
[2025.07.13-23.46.12:145][  0]LogShaderCompilers: Display: Worker (5/5): shaders left to compile 1566
[2025.07.13-23.46.12:145][  0]LogShaderCompilers: Display: Started 10 'Local' shader compile jobs with 'High' priority
[2025.07.13-23.46.26:704][  0]LogShaderCompilers: Display: Worker (1/5): shaders left to compile 1556
[2025.07.13-23.46.26:704][  0]LogShaderCompilers: Display: Started 10 'Local' shader compile jobs with 'High' priority
[2025.07.13-23.46.29:390][  0]LogShaderCompilers: Display: Worker (4/5): shaders left to compile 1546
[2025.07.13-23.46.29:390][  0]LogShaderCompilers: Display: Started 10 'Local' shader compile jobs with 'High' priority
[2025.07.13-23.46.34:781][  0]LogShaderCompilers: Display: Worker (2/5): shaders left to compile 1536
[2025.07.13-23.46.34:781][  0]LogShaderCompilers: Display: Started 10 'Local' shader compile jobs with 'High' priority
[2025.07.13-23.46.35:319][  0]LogShaderCompilers: Display: Worker (5/5): shaders left to compile 1526
[2025.07.13-23.46.35:319][  0]LogShaderCompilers: Display: Started 10 'Local' shader compile jobs with 'High' priority
[2025.07.13-23.46.49:956][  0]LogShaderCompilers: Display: Worker (1/5): shaders left to compile 1516
[2025.07.13-23.46.49:956][  0]LogShaderCompilers: Display: Started 10 'Local' shader compile jobs with 'High' priority
[2025.07.13-23.47.05:812][  0]LogShaderCompilers: Display: Worker (4/5): shaders left to compile 1506
[2025.07.13-23.47.05:812][  0]LogShaderCompilers: Display: Started 10 'Local' shader compile jobs with 'High' priority
[2025.07.13-23.47.08:503][  0]LogShaderCompilers: Display: Worker (5/5): shaders left to compile 1496
[2025.07.13-23.47.08:503][  0]LogShaderCompilers: Display: Started 10 'Local' shader compile jobs with 'High' priority
[2025.07.13-23.47.10:652][  0]LogShaderCompilers: Display: Worker (2/5): shaders left to compile 1486
[2025.07.13-23.47.10:652][  0]LogShaderCompilers: Display: Started 10 'Local' shader compile jobs with 'High' priority
[2025.07.13-23.47.26:831][  0]LogShaderCompilers: Display: Worker (1/5): shaders left to compile 1476
[2025.07.13-23.47.26:831][  0]LogShaderCompilers: Display: Started 10 'Local' shader compile jobs with 'High' priority
[2025.07.13-23.47.33:924][  0]LogShaderCompilers: Display: Worker (4/5): shaders left to compile 1466
[2025.07.13-23.47.33:924][  0]LogShaderCompilers: Display: Started 10 'Local' shader compile jobs with 'High' priority
[2025.07.13-23.47.35:602][  0]LogShaderCompilers: Display: Worker (5/5): shaders left to compile 1456
[2025.07.13-23.47.35:602][  0]LogShaderCompilers: Display: Started 10 'Local' shader compile jobs with 'High' priority
[2025.07.13-23.47.36:721][  0]LogShaderCompilers: Display: Worker (2/5): shaders left to compile 1446
[2025.07.13-23.47.36:721][  0]LogShaderCompilers: Display: Started 10 'Local' shader compile jobs with 'High' priority
[2025.07.13-23.47.41:752][  0]LogShaderCompilers: Display: Worker (1/5): shaders left to compile 1436
[2025.07.13-23.47.41:752][  0]LogShaderCompilers: Display: Started 10 'Local' shader compile jobs with 'High' priority
[2025.07.13-23.47.51:818][  0]LogShaderCompilers: Display: Worker (5/5): shaders left to compile 1426
[2025.07.13-23.47.51:818][  0]LogShaderCompilers: Display: Started 10 'Local' shader compile jobs with 'High' priority
[2025.07.13-23.47.55:734][  0]LogShaderCompilers: Display: Worker (4/5): shaders left to compile 1416
[2025.07.13-23.47.55:734][  0]LogShaderCompilers: Display: Started 10 'Local' shader compile jobs with 'High' priority
[2025.07.13-23.47.57:992][  0]LogShaderCompilers: Display: Worker (2/5): shaders left to compile 1406
[2025.07.13-23.47.57:992][  0]LogShaderCompilers: Display: Started 10 'Local' shader compile jobs with 'High' priority
[2025.07.13-23.48.04:169][  0]LogShaderCompilers: Display: Worker (1/5): shaders left to compile 1396
[2025.07.13-23.48.04:169][  0]LogShaderCompilers: Display: Started 10 'Local' shader compile jobs with 'High' priority
[2025.07.13-23.48.16:476][  0]LogShaderCompilers: Display: Worker (5/5): shaders left to compile 1386
[2025.07.13-23.48.16:476][  0]LogShaderCompilers: Display: Started 10 'Local' shader compile jobs with 'High' priority
[2025.07.13-23.48.19:830][  0]LogShaderCompilers: Display: Worker (4/5): shaders left to compile 1376
[2025.07.13-23.48.19:830][  0]LogShaderCompilers: Display: Started 10 'Local' shader compile jobs with 'High' priority
[2025.07.13-23.48.25:420][  0]LogShaderCompilers: Display: Worker (1/5): shaders left to compile 1366
[2025.07.13-23.48.25:420][  0]LogShaderCompilers: Display: Started 10 'Local' shader compile jobs with 'High' priority
[2025.07.13-23.48.27:658][  0]LogShaderCompilers: Display: Worker (2/5): shaders left to compile 1356
[2025.07.13-23.48.27:658][  0]LogShaderCompilers: Display: Started 10 'Local' shader compile jobs with 'High' priority
[2025.07.13-23.48.48:539][  0]LogShaderCompilers: Display: Worker (4/5): shaders left to compile 1346
[2025.07.13-23.48.48:539][  0]LogShaderCompilers: Display: Started 10 'Local' shader compile jobs with 'High' priority
[2025.07.13-23.48.53:900][  0]LogShaderCompilers: Display: Worker (5/5): shaders left to compile 1336
[2025.07.13-23.48.53:900][  0]LogShaderCompilers: Display: Started 10 'Local' shader compile jobs with 'High' priority
[2025.07.13-23.48.56:044][  0]LogShaderCompilers: Display: Worker (1/5): shaders left to compile 1326
[2025.07.13-23.48.56:044][  0]LogShaderCompilers: Display: Started 10 'Local' shader compile jobs with 'High' priority
[2025.07.13-23.48.57:114][  0]LogShaderCompilers: Display: Worker (2/5): shaders left to compile 1316
[2025.07.13-23.48.57:114][  0]LogShaderCompilers: Display: Started 10 'Local' shader compile jobs with 'High' priority
