Log file open, 07/13/25 20:31:33
LogWindows: Failed to load 'aqProf.dll' (GetLastError=126)
LogWindows: File 'aqProf.dll' does not exist
LogWindows: Failed to load 'VtuneApi.dll' (GetLastError=126)
LogWindows: File 'VtuneApi.dll' does not exist
LogWindows: Failed to load 'VtuneApi32e.dll' (GetLastError=126)
LogWindows: File 'VtuneApi32e.dll' does not exist
LogConsoleResponse: Display: Failed to find resolution value strings in scalability ini. Falling back to default.
LogConsoleResponse: Display: Failed to find resolution value strings in scalability ini. Falling back to default.
LogInit: Display: Running engine for game: TP_PreEntrega
LogPlatformFile: Not using cached read wrapper
LogTaskGraph: Started task graph with 5 named threads and 23 total threads with 3 sets of task threads.
LogStats: Stats thread started at 1.496570
LogICUInternationalization: ICU TimeZone Detection - Raw Offset: -3:00, Platform Override: ''
LogInit: Display: Loading text-based GConfig....
LogPluginManager: Mounting plugin MeshPainting
LogPluginManager: Mounting plugin XGEController
LogPluginManager: Mounting plugin AISupport
LogPluginManager: Mounting plugin Paper2D
LogPluginManager: Mounting plugin EnvironmentQueryEditor
LogPluginManager: Mounting plugin LightPropagationVolume
LogPluginManager: Mounting plugin LiveLink
LogPluginManager: Mounting plugin CameraShakePreviewer
LogPluginManager: Mounting plugin GameplayCameras
LogPluginManager: Mounting plugin OodleData
LogPluginManager: Mounting plugin OodleNetwork
LogPluginManager: Mounting plugin AssetManagerEditor
LogPluginManager: Mounting plugin AnimationSharing
LogPluginManager: Mounting plugin CLionSourceCodeAccess
LogPluginManager: Mounting plugin CryptoKeys
LogPluginManager: Mounting plugin CurveEditorTools
LogPluginManager: Mounting plugin DataValidation
LogPluginManager: Mounting plugin VariantManagerContent
LogPluginManager: Mounting plugin FacialAnimation
LogPluginManager: Mounting plugin CodeLiteSourceCodeAccess
LogPluginManager: Mounting plugin GeometryMode
LogPluginManager: Mounting plugin MacGraphicsSwitching
LogPluginManager: Mounting plugin GitSourceControl
LogPluginManager: Mounting plugin MaterialAnalyzer
LogPluginManager: Mounting plugin KDevelopSourceCodeAccess
LogPluginManager: Mounting plugin NullSourceCodeAccess
LogPluginManager: Mounting plugin MobileLauncherProfileWizard
LogPluginManager: Mounting plugin PluginBrowser
LogPluginManager: Mounting plugin PerforceSourceControl
LogPluginManager: Mounting plugin PixWinPlugin
LogPluginManager: Mounting plugin SpeedTreeImporter
LogPluginManager: Mounting plugin PlasticSourceControl
LogPluginManager: Mounting plugin StylusInput
LogPluginManager: Mounting plugin PluginUtils
LogPluginManager: Mounting plugin PropertyAccessNode
LogPluginManager: Mounting plugin RiderSourceCodeAccess
LogPluginManager: Mounting plugin SubversionSourceControl
LogPluginManager: Mounting plugin TextureFormatOodle
LogPluginManager: Mounting plugin UObjectPlugin
LogPluginManager: Mounting plugin VisualStudioCodeSourceCodeAccess
LogPluginManager: Mounting plugin VisualStudioSourceCodeAccess
LogPluginManager: Mounting plugin Niagara
LogPluginManager: Mounting plugin XCodeSourceCodeAccess
LogPluginManager: Mounting plugin AlembicImporter
LogPluginManager: Mounting plugin AutomationUtils
LogPluginManager: Mounting plugin BackChannel
LogPluginManager: Mounting plugin ChaosCloth
LogPluginManager: Mounting plugin ChaosClothEditor
LogPluginManager: Mounting plugin ChaosEditor
LogPluginManager: Mounting plugin ChaosNiagara
LogPluginManager: Mounting plugin CharacterAI
LogPluginManager: Mounting plugin ChaosSolverPlugin
LogPluginManager: Mounting plugin GeometryCache
LogPluginManager: Mounting plugin GameplayTagsEditor
LogPluginManager: Mounting plugin GeometryCollectionPlugin
LogPluginManager: Mounting plugin LuminPlatformFeatures
LogPluginManager: Mounting plugin MagicLeap
LogPluginManager: Mounting plugin MagicLeapLightEstimation
LogPluginManager: Mounting plugin MagicLeapMedia
LogPluginManager: Mounting plugin MagicLeapPassableWorld
LogPluginManager: Mounting plugin MLSDK
LogPluginManager: Mounting plugin GeometryProcessing
LogPluginManager: Mounting plugin AndroidMedia
LogPluginManager: Mounting plugin ModelingToolsEditorMode
LogPluginManager: Mounting plugin MotoSynth
LogPluginManager: Mounting plugin OpenImageDenoise
LogPluginManager: Mounting plugin MeshModelingToolset
LogPluginManager: Mounting plugin AvfMedia
LogPluginManager: Mounting plugin PlanarCut
LogPluginManager: Mounting plugin PlatformCrypto
LogPluginManager: Mounting plugin ProxyLODPlugin
LogPluginManager: Mounting plugin PythonScriptPlugin
LogPluginManager: Mounting plugin DatasmithContent
LogPluginManager: Mounting plugin SkeletalReduction
LogPluginManager: Mounting plugin ImgMedia
LogPluginManager: Mounting plugin MediaCompositing
LogPluginManager: Mounting plugin MediaPlayerEditor
LogPluginManager: Mounting plugin WmfMedia
LogPluginManager: Mounting plugin TcpMessaging
LogPluginManager: Mounting plugin UdpMessaging
LogPluginManager: Mounting plugin LevelSequenceEditor
LogPluginManager: Mounting plugin MatineeToLevelSequence
LogPluginManager: Mounting plugin TemplateSequence
LogPluginManager: Mounting plugin WebMMedia
LogPluginManager: Mounting plugin ActorSequence
LogPluginManager: Mounting plugin OnlineSubsystem
LogPluginManager: Mounting plugin OnlineSubsystemNull
LogPluginManager: Mounting plugin OnlineSubsystemUtils
LogPluginManager: Mounting plugin LauncherChunkInstaller
LogPluginManager: Mounting plugin ActorLayerUtilities
LogPluginManager: Mounting plugin AndroidDeviceProfileSelector
LogPluginManager: Mounting plugin AndroidMoviePlayer
LogPluginManager: Mounting plugin AndroidPermission
LogPluginManager: Mounting plugin AppleImageUtils
LogPluginManager: Mounting plugin AppleMoviePlayer
LogPluginManager: Mounting plugin ArchVisCharacter
LogPluginManager: Mounting plugin AssetTags
LogPluginManager: Mounting plugin AudioCapture
LogPluginManager: Mounting plugin AudioSynesthesia
LogPluginManager: Mounting plugin CableComponent
LogPluginManager: Mounting plugin CustomMeshComponent
LogPluginManager: Mounting plugin ChunkDownloader
LogPluginManager: Mounting plugin EditableMesh
LogPluginManager: Mounting plugin ExampleDeviceProfileSelector
LogPluginManager: Mounting plugin GoogleCloudMessaging
LogPluginManager: Mounting plugin GooglePAD
LogPluginManager: Mounting plugin HairStrands
LogPluginManager: Mounting plugin ScreenshotTools
LogPluginManager: Mounting plugin IOSDeviceProfileSelector
LogPluginManager: Mounting plugin LinuxDeviceProfileSelector
LogPluginManager: Mounting plugin LocationServicesBPLibrary
LogPluginManager: Mounting plugin MobilePatchingUtils
LogPluginManager: Mounting plugin OpenXR
LogPluginManager: Mounting plugin OpenXREyeTracker
LogPluginManager: Mounting plugin OpenXRHandTracking
LogPluginManager: Mounting plugin PhysXVehicles
LogPluginManager: Mounting plugin Takes
LogPluginManager: Mounting plugin PostSplashScreen
LogPluginManager: Mounting plugin ProceduralMeshComponent
LogPluginManager: Mounting plugin PropertyAccessEditor
LogPluginManager: Mounting plugin RuntimePhysXCooking
LogPluginManager: Mounting plugin SignificanceManager
LogPluginManager: Mounting plugin SoundFields
LogPluginManager: Mounting plugin Synthesis
LogPluginManager: Mounting plugin WindowsMoviePlayer
LogPluginManager: Mounting plugin WebMMoviePlayer
LogPluginManager: Mounting plugin ContentBrowserClassDataSource
LogPluginManager: Mounting plugin ContentBrowserAssetDataSource
LogPluginManager: Mounting plugin ContentBrowserFileDataSource
LogPluginManager: Mounting plugin OnlineSubsystemGooglePlay
LogPluginManager: Mounting plugin OnlineSubsystemIOS
LogPluginManager: Mounting plugin OculusVR
LogPluginManager: Mounting plugin SteamVR
PixWinPlugin: PIX capture plugin failed to initialize! Check that the process is launched from PIX.
LogInit: Using libcurl 7.55.1-DEV
LogInit:  - built for x86_64-pc-win32
LogInit:  - supports SSL with OpenSSL/1.1.1
LogInit:  - supports HTTP deflate (compression) using libz 1.2.8
LogInit:  - other features:
LogInit:      CURL_VERSION_SSL
LogInit:      CURL_VERSION_LIBZ
LogInit:      CURL_VERSION_IPV6
LogInit:      CURL_VERSION_ASYNCHDNS
LogInit:      CURL_VERSION_LARGEFILE
LogInit:      CURL_VERSION_IDN
LogInit:  CurlRequestOptions (configurable via config and command line):
LogInit:  - bVerifyPeer = true  - Libcurl will verify peer certificate
LogInit:  - bUseHttpProxy = false  - Libcurl will NOT use HTTP proxy
LogInit:  - bDontReuseConnections = false  - Libcurl will reuse connections
LogInit:  - MaxHostConnections = 16  - Libcurl will limit the number of connections to a host
LogInit:  - LocalHostAddr = Default
LogInit:  - BufferSize = 65536
LogOnline: OSS: Creating online subsystem instance for: NULL
LogInit: WinSock: version 1.1 (2.2), MaxSocks=32767, MaxUdp=65467
LogOnline: OSS: TryLoadSubsystemAndSetDefault: Loaded subsystem for module [NULL]
LogOculusPluginWrapper: OculusPlugin initialized successfully
LogHMD: Failed initializing OVRPlugin 1.59.0
LogInit: Build: ++UE4+Release-4.27-CL-18319896
LogInit: Engine Version: 4.27.2-18319896+++UE4+Release-4.27
LogInit: Compatible Engine Version: 4.27.0-17155196+++UE4+Release-4.27
LogInit: Net CL: 17155196
LogInit: OS: Windows 10 (Release 2009) (), CPU: Intel(R) Core(TM) i5-9300H CPU @ 2.40GHz, GPU: Intel(R) UHD Graphics 630
LogInit: Compiled (64-bit): Nov 30 2021 07:12:08
LogInit: Compiled with Visual C++: 19.24.28315.00
LogInit: Build Configuration: Development
LogInit: Branch Name: ++UE4+Release-4.27
LogInit: Command Line: 
LogInit: Base Directory: D:/UE4-Windows/UE_4.27/Engine/Binaries/Win64/
LogInit: Allocator: TBB
LogInit: Installed Engine Build: 1
LogDevObjectVersion: Number of dev versions registered: 29
LogDevObjectVersion:   Dev-Blueprints (B0D832E4-1F89-4F0D-ACCF-7EB736FD4AA2): 10
LogDevObjectVersion:   Dev-Build (E1C64328-A22C-4D53-A36C-8E866417BD8C): 0
LogDevObjectVersion:   Dev-Core (375EC13C-06E4-48FB-B500-84F0262A717E): 4
LogDevObjectVersion:   Dev-Editor (E4B068ED-F494-42E9-A231-DA0B2E46BB41): 40
LogDevObjectVersion:   Dev-Framework (CFFC743F-43B0-4480-9391-14DF171D2073): 37
LogDevObjectVersion:   Dev-Mobile (B02B49B5-BB20-44E9-A304-32B752E40360): 3
LogDevObjectVersion:   Dev-Networking (A4E4105C-59A1-49B5-A7C5-40C4547EDFEE): 0
LogDevObjectVersion:   Dev-Online (39C831C9-5AE6-47DC-9A44-9C173E1C8E7C): 0
LogDevObjectVersion:   Dev-Physics (78F01B33-EBEA-4F98-B9B4-84EACCB95AA2): 14
LogDevObjectVersion:   Dev-Platform (6631380F-2D4D-43E0-8009-CF276956A95A): 0
LogDevObjectVersion:   Dev-Rendering (12F88B9F-8875-4AFC-A67C-D90C383ABD29): 45
LogDevObjectVersion:   Dev-Sequencer (7B5AE74C-D270-4C10-A958-57980B212A5A): 13
LogDevObjectVersion:   Dev-VR (D7296918-1DD6-4BDD-9DE2-64A83CC13884): 3
LogDevObjectVersion:   Dev-LoadTimes (C2A15278-BFE7-4AFE-6C17-90FF531DF755): 1
LogDevObjectVersion:   Private-Geometry (6EACA3D4-40EC-4CC1-B786-8BED09428FC5): 3
LogDevObjectVersion:   Dev-AnimPhys (29E575DD-E0A3-4627-9D10-D276232CDCEA): 17
LogDevObjectVersion:   Dev-Anim (AF43A65D-7FD3-4947-9873-3E8ED9C1BB05): 15
LogDevObjectVersion:   Dev-ReflectionCapture (6B266CEC-1EC7-4B8F-A30B-E4D90942FC07): 1
LogDevObjectVersion:   Dev-Automation (0DF73D61-A23F-47EA-B727-89E90C41499A): 1
LogDevObjectVersion:   FortniteMain (601D1886-AC64-4F84-AA16-D3DE0DEAC7D6): 47
LogDevObjectVersion:   FortniteRelease (E7086368-6B23-4C58-8439-1B7016265E91): 1
LogDevObjectVersion:   Dev-Enterprise (9DFFBCD6-494F-0158-E221-12823C92A888): 10
LogDevObjectVersion:   Dev-Niagara (F2AED0AC-9AFE-416F-8664-AA7FFA26D6FC): 1
LogDevObjectVersion:   Dev-Destruction (174F1F0B-B4C6-45A5-B13F-2EE8D0FB917D): 10
LogDevObjectVersion:   Dev-Physics-Ext (35F94A83-E258-406C-A318-09F59610247C): 41
LogDevObjectVersion:   Dev-PhysicsMaterial-Chaos (B68FC16E-8B1B-42E2-B453-215C058844FE): 1
LogDevObjectVersion:   Dev-CineCamera (B2E18506-4273-CFC2-A54E-F4BB758BBA07): 1
LogDevObjectVersion:   Dev-VirtualProduction (64F58936-FD1B-42BA-BA96-7289D5D0FA4E): 1
LogDevObjectVersion:   Dev-MediaFramework (6F0ED827-A609-4895-9C91-998D90180EA4): 2
LogInit: Presizing for max 25165824 objects, including 0 objects not considered by GC, pre-allocating 0 bytes for permanent pool.
LogConfig: Applying CVar settings from Section [/Script/Engine.StreamingSettings] File [D:/UTN-e-learning/Unreal-Engine/Unreal-Projects/TP_PreEntrega/Saved/Config/Windows/Engine.ini]
LogConfig: Setting CVar [[s.MinBulkDataSizeForAsyncLoading:131072]]
LogConfig: Setting CVar [[s.AsyncLoadingThreadEnabled:0]]
LogConfig: Setting CVar [[s.EventDrivenLoaderEnabled:1]]
LogConfig: Setting CVar [[s.WarnIfTimeLimitExceeded:0]]
LogConfig: Setting CVar [[s.TimeLimitExceededMultiplier:1.5]]
LogConfig: Setting CVar [[s.TimeLimitExceededMinTime:0.005]]
LogConfig: Setting CVar [[s.UseBackgroundLevelStreaming:1]]
LogConfig: Setting CVar [[s.PriorityAsyncLoadingExtraTime:15.0]]
LogConfig: Setting CVar [[s.LevelStreamingActorsUpdateTimeLimit:5.0]]
LogConfig: Setting CVar [[s.PriorityLevelStreamingActorsUpdateExtraTime:5.0]]
LogConfig: Setting CVar [[s.LevelStreamingComponentsRegistrationGranularity:10]]
LogConfig: Setting CVar [[s.UnregisterComponentsTimeLimit:1.0]]
LogConfig: Setting CVar [[s.LevelStreamingComponentsUnregistrationGranularity:5]]
LogConfig: Setting CVar [[s.FlushStreamingOnExit:1]]
LogInit: Object subsystem initialized
LogConfig: Setting CVar [[con.DebugEarlyDefault:1]]
LogConfig: Setting CVar [[r.setres:1280x720]]
LogConfig: Setting CVar [[fx.NiagaraAllowRuntimeScalabilityChanges:1]]
[2025.07.13-23.31.35:814][  0]LogConfig: Setting CVar [[r.VSync:0]]
[2025.07.13-23.31.35:814][  0]LogConfig: Setting CVar [[r.RHICmdBypass:0]]
[2025.07.13-23.31.35:814][  0]LogConfig: Applying CVar settings from Section [/Script/Engine.RendererSettings] File [D:/UTN-e-learning/Unreal-Engine/Unreal-Projects/TP_PreEntrega/Saved/Config/Windows/Engine.ini]
[2025.07.13-23.31.35:814][  0]LogConfig: Setting CVar [[r.GPUCrashDebugging:0]]
[2025.07.13-23.31.35:814][  0]LogConfig: Applying CVar settings from Section [/Script/Engine.RendererOverrideSettings] File [D:/UTN-e-learning/Unreal-Engine/Unreal-Projects/TP_PreEntrega/Saved/Config/Windows/Engine.ini]
[2025.07.13-23.31.35:815][  0]LogConfig: Applying CVar settings from Section [/Script/Engine.StreamingSettings] File [D:/UTN-e-learning/Unreal-Engine/Unreal-Projects/TP_PreEntrega/Saved/Config/Windows/Engine.ini]
[2025.07.13-23.31.35:815][  0]LogConfig: Setting CVar [[s.MinBulkDataSizeForAsyncLoading:131072]]
[2025.07.13-23.31.35:815][  0]LogConfig: Setting CVar [[s.AsyncLoadingThreadEnabled:0]]
[2025.07.13-23.31.35:815][  0]LogConfig: Setting CVar [[s.EventDrivenLoaderEnabled:1]]
[2025.07.13-23.31.35:815][  0]LogConfig: Setting CVar [[s.WarnIfTimeLimitExceeded:0]]
[2025.07.13-23.31.35:815][  0]LogConfig: Setting CVar [[s.TimeLimitExceededMultiplier:1.5]]
[2025.07.13-23.31.35:815][  0]LogConfig: Setting CVar [[s.TimeLimitExceededMinTime:0.005]]
[2025.07.13-23.31.35:815][  0]LogConfig: Setting CVar [[s.UseBackgroundLevelStreaming:1]]
[2025.07.13-23.31.35:815][  0]LogConfig: Setting CVar [[s.PriorityAsyncLoadingExtraTime:15.0]]
[2025.07.13-23.31.35:816][  0]LogConfig: Setting CVar [[s.LevelStreamingActorsUpdateTimeLimit:5.0]]
[2025.07.13-23.31.35:816][  0]LogConfig: Setting CVar [[s.PriorityLevelStreamingActorsUpdateExtraTime:5.0]]
[2025.07.13-23.31.35:816][  0]LogConfig: Setting CVar [[s.LevelStreamingComponentsRegistrationGranularity:10]]
[2025.07.13-23.31.35:816][  0]LogConfig: Setting CVar [[s.UnregisterComponentsTimeLimit:1.0]]
[2025.07.13-23.31.35:816][  0]LogConfig: Setting CVar [[s.LevelStreamingComponentsUnregistrationGranularity:5]]
[2025.07.13-23.31.35:816][  0]LogConfig: Setting CVar [[s.FlushStreamingOnExit:1]]
[2025.07.13-23.31.35:816][  0]LogConfig: Applying CVar settings from Section [/Script/Engine.GarbageCollectionSettings] File [D:/UTN-e-learning/Unreal-Engine/Unreal-Projects/TP_PreEntrega/Saved/Config/Windows/Engine.ini]
[2025.07.13-23.31.35:816][  0]LogConfig: Setting CVar [[gc.MaxObjectsNotConsideredByGC:1]]
[2025.07.13-23.31.35:816][  0]LogConfig: Setting CVar [[gc.SizeOfPermanentObjectPool:0]]
[2025.07.13-23.31.35:816][  0]LogConfig: Setting CVar [[gc.FlushStreamingOnGC:0]]
[2025.07.13-23.31.35:817][  0]LogConfig: Setting CVar [[gc.NumRetriesBeforeForcingGC:10]]
[2025.07.13-23.31.35:817][  0]LogConfig: Setting CVar [[gc.AllowParallelGC:1]]
[2025.07.13-23.31.35:817][  0]LogConfig: Setting CVar [[gc.TimeBetweenPurgingPendingKillObjects:61.1]]
[2025.07.13-23.31.35:817][  0]LogConfig: Setting CVar [[gc.MaxObjectsInEditor:25165824]]
[2025.07.13-23.31.35:817][  0]LogConfig: Setting CVar [[gc.IncrementalBeginDestroyEnabled:1]]
[2025.07.13-23.31.35:817][  0]LogConfig: Setting CVar [[gc.CreateGCClusters:1]]
[2025.07.13-23.31.35:817][  0]LogConfig: Setting CVar [[gc.MinGCClusterSize:5]]
[2025.07.13-23.31.35:817][  0]LogConfig: Setting CVar [[gc.ActorClusteringEnabled:0]]
[2025.07.13-23.31.35:817][  0]LogConfig: Setting CVar [[gc.BlueprintClusteringEnabled:0]]
[2025.07.13-23.31.35:817][  0]LogConfig: Setting CVar [[gc.UseDisregardForGCOnDedicatedServers:0]]
[2025.07.13-23.31.35:818][  0]LogConfig: Setting CVar [[gc.MultithreadedDestructionEnabled:1]]
[2025.07.13-23.31.35:818][  0]LogConfig: Applying CVar settings from Section [/Script/Engine.NetworkSettings] File [D:/UTN-e-learning/Unreal-Engine/Unreal-Projects/TP_PreEntrega/Saved/Config/Windows/Engine.ini]
[2025.07.13-23.31.35:818][  0]LogConfig: Applying CVar settings from Section [/Script/UnrealEd.CookerSettings] File [D:/UTN-e-learning/Unreal-Engine/Unreal-Projects/TP_PreEntrega/Saved/Config/Windows/Engine.ini]
[2025.07.13-23.31.35:896][  0]LogConfig: Applying CVar settings from Section [ViewDistanceQuality@3] File [D:/UTN-e-learning/Unreal-Engine/Unreal-Projects/TP_PreEntrega/Saved/Config/Windows/Scalability.ini]
[2025.07.13-23.31.35:896][  0]LogConfig: Setting CVar [[r.SkeletalMeshLODBias:0]]
[2025.07.13-23.31.35:896][  0]LogConfig: Setting CVar [[r.ViewDistanceScale:1.0]]
[2025.07.13-23.31.35:896][  0]LogConfig: Applying CVar settings from Section [AntiAliasingQuality@3] File [D:/UTN-e-learning/Unreal-Engine/Unreal-Projects/TP_PreEntrega/Saved/Config/Windows/Scalability.ini]
[2025.07.13-23.31.35:897][  0]LogConfig: Setting CVar [[r.PostProcessAAQuality:4]]
[2025.07.13-23.31.35:897][  0]LogConfig: Applying CVar settings from Section [ShadowQuality@3] File [D:/UTN-e-learning/Unreal-Engine/Unreal-Projects/TP_PreEntrega/Saved/Config/Windows/Scalability.ini]
[2025.07.13-23.31.35:897][  0]LogConfig: Setting CVar [[r.LightFunctionQuality:1]]
[2025.07.13-23.31.35:897][  0]LogConfig: Setting CVar [[r.ShadowQuality:5]]
[2025.07.13-23.31.35:897][  0]LogConfig: Setting CVar [[r.Shadow.CSM.MaxCascades:10]]
[2025.07.13-23.31.35:897][  0]LogConfig: Setting CVar [[r.Shadow.MaxResolution:2048]]
[2025.07.13-23.31.35:897][  0]LogConfig: Setting CVar [[r.Shadow.MaxCSMResolution:2048]]
[2025.07.13-23.31.35:897][  0]LogConfig: Setting CVar [[r.Shadow.RadiusThreshold:0.01]]
[2025.07.13-23.31.35:897][  0]LogConfig: Setting CVar [[r.Shadow.DistanceScale:1.0]]
[2025.07.13-23.31.35:898][  0]LogConfig: Setting CVar [[r.Shadow.CSM.TransitionScale:1.0]]
[2025.07.13-23.31.35:898][  0]LogConfig: Setting CVar [[r.Shadow.PreShadowResolutionFactor:1.0]]
[2025.07.13-23.31.35:898][  0]LogConfig: Setting CVar [[r.DistanceFieldShadowing:1]]
[2025.07.13-23.31.35:898][  0]LogConfig: Setting CVar [[r.DistanceFieldAO:1]]
[2025.07.13-23.31.35:898][  0]LogConfig: Setting CVar [[r.AOQuality:2]]
[2025.07.13-23.31.35:898][  0]LogConfig: Setting CVar [[r.VolumetricFog:1]]
[2025.07.13-23.31.35:898][  0]LogConfig: Setting CVar [[r.VolumetricFog.GridPixelSize:8]]
[2025.07.13-23.31.35:898][  0]LogConfig: Setting CVar [[r.VolumetricFog.GridSizeZ:128]]
[2025.07.13-23.31.35:899][  0]LogConfig: Setting CVar [[r.VolumetricFog.HistoryMissSupersampleCount:4]]
[2025.07.13-23.31.35:899][  0]LogConfig: Setting CVar [[r.LightMaxDrawDistanceScale:1]]
[2025.07.13-23.31.35:899][  0]LogConfig: Setting CVar [[r.CapsuleShadows:1]]
[2025.07.13-23.31.35:899][  0]LogConfig: Applying CVar settings from Section [PostProcessQuality@3] File [D:/UTN-e-learning/Unreal-Engine/Unreal-Projects/TP_PreEntrega/Saved/Config/Windows/Scalability.ini]
[2025.07.13-23.31.35:899][  0]LogConfig: Setting CVar [[r.MotionBlurQuality:4]]
[2025.07.13-23.31.35:899][  0]LogConfig: Setting CVar [[r.AmbientOcclusionMipLevelFactor:0.4]]
[2025.07.13-23.31.35:899][  0]LogConfig: Setting CVar [[r.AmbientOcclusionMaxQuality:100]]
[2025.07.13-23.31.35:899][  0]LogConfig: Setting CVar [[r.AmbientOcclusionLevels:-1]]
[2025.07.13-23.31.35:899][  0]LogConfig: Setting CVar [[r.AmbientOcclusionRadiusScale:1.0]]
[2025.07.13-23.31.35:900][  0]LogConfig: Setting CVar [[r.DepthOfFieldQuality:2]]
[2025.07.13-23.31.35:900][  0]LogConfig: Setting CVar [[r.RenderTargetPoolMin:400]]
[2025.07.13-23.31.35:900][  0]LogConfig: Setting CVar [[r.LensFlareQuality:2]]
[2025.07.13-23.31.35:900][  0]LogConfig: Setting CVar [[r.SceneColorFringeQuality:1]]
[2025.07.13-23.31.35:900][  0]LogConfig: Setting CVar [[r.EyeAdaptationQuality:2]]
[2025.07.13-23.31.35:900][  0]LogConfig: Setting CVar [[r.BloomQuality:5]]
[2025.07.13-23.31.35:900][  0]LogConfig: Setting CVar [[r.FastBlurThreshold:100]]
[2025.07.13-23.31.35:900][  0]LogConfig: Setting CVar [[r.Upscale.Quality:3]]
[2025.07.13-23.31.35:901][  0]LogConfig: Setting CVar [[r.Tonemapper.GrainQuantization:1]]
[2025.07.13-23.31.35:901][  0]LogConfig: Setting CVar [[r.LightShaftQuality:1]]
[2025.07.13-23.31.35:901][  0]LogConfig: Setting CVar [[r.Filter.SizeScale:1]]
[2025.07.13-23.31.35:901][  0]LogConfig: Setting CVar [[r.Tonemapper.Quality:5]]
[2025.07.13-23.31.35:901][  0]LogConfig: Setting CVar [[r.DOF.Gather.AccumulatorQuality:1        ; higher gathering accumulator quality]]
[2025.07.13-23.31.35:901][  0]LogConfig: Setting CVar [[r.DOF.Gather.PostfilterMethod:1          ; Median3x3 postfilering method]]
[2025.07.13-23.31.35:901][  0]LogConfig: Setting CVar [[r.DOF.Gather.EnableBokehSettings:0       ; no bokeh simulation when gathering]]
[2025.07.13-23.31.35:901][  0]LogConfig: Setting CVar [[r.DOF.Gather.RingCount:4                 ; medium number of samples when gathering]]
[2025.07.13-23.31.35:901][  0]LogConfig: Setting CVar [[r.DOF.Scatter.ForegroundCompositing:1    ; additive foreground scattering]]
[2025.07.13-23.31.35:902][  0]LogConfig: Setting CVar [[r.DOF.Scatter.BackgroundCompositing:2    ; additive background scattering]]
[2025.07.13-23.31.35:902][  0]LogConfig: Setting CVar [[r.DOF.Scatter.EnableBokehSettings:1      ; bokeh simulation when scattering]]
[2025.07.13-23.31.35:902][  0]LogConfig: Setting CVar [[r.DOF.Scatter.MaxSpriteRatio:0.1         ; only a maximum of 10% of scattered bokeh]]
[2025.07.13-23.31.35:902][  0]LogConfig: Setting CVar [[r.DOF.Recombine.Quality:1                ; cheap slight out of focus]]
[2025.07.13-23.31.35:902][  0]LogConfig: Setting CVar [[r.DOF.Recombine.EnableBokehSettings:0    ; no bokeh simulation on slight out of focus]]
[2025.07.13-23.31.35:902][  0]LogConfig: Setting CVar [[r.DOF.TemporalAAQuality:1                ; more stable temporal accumulation]]
[2025.07.13-23.31.35:902][  0]LogConfig: Setting CVar [[r.DOF.Kernel.MaxForegroundRadius:0.025]]
[2025.07.13-23.31.35:902][  0]LogConfig: Setting CVar [[r.DOF.Kernel.MaxBackgroundRadius:0.025]]
[2025.07.13-23.31.35:902][  0]LogConfig: Applying CVar settings from Section [TextureQuality@3] File [D:/UTN-e-learning/Unreal-Engine/Unreal-Projects/TP_PreEntrega/Saved/Config/Windows/Scalability.ini]
[2025.07.13-23.31.35:903][  0]LogConfig: Setting CVar [[r.Streaming.MipBias:0]]
[2025.07.13-23.31.35:903][  0]LogConfig: Setting CVar [[r.Streaming.AmortizeCPUToGPUCopy:0]]
[2025.07.13-23.31.35:903][  0]LogConfig: Setting CVar [[r.Streaming.MaxNumTexturesToStreamPerFrame:0]]
[2025.07.13-23.31.35:903][  0]LogConfig: Setting CVar [[r.Streaming.Boost:1]]
[2025.07.13-23.31.35:903][  0]LogConfig: Setting CVar [[r.MaxAnisotropy:8]]
[2025.07.13-23.31.35:903][  0]LogConfig: Setting CVar [[r.VT.MaxAnisotropy:8]]
[2025.07.13-23.31.35:903][  0]LogConfig: Setting CVar [[r.Streaming.LimitPoolSizeToVRAM:0]]
[2025.07.13-23.31.35:903][  0]LogConfig: Setting CVar [[r.Streaming.PoolSize:1000]]
[2025.07.13-23.31.35:903][  0]LogConfig: Setting CVar [[r.Streaming.MaxEffectiveScreenSize:0]]
[2025.07.13-23.31.35:904][  0]LogConfig: Applying CVar settings from Section [EffectsQuality@3] File [D:/UTN-e-learning/Unreal-Engine/Unreal-Projects/TP_PreEntrega/Saved/Config/Windows/Scalability.ini]
[2025.07.13-23.31.35:904][  0]LogConfig: Setting CVar [[r.TranslucencyLightingVolumeDim:64]]
[2025.07.13-23.31.35:904][  0]LogConfig: Setting CVar [[r.RefractionQuality:2]]
[2025.07.13-23.31.35:904][  0]LogConfig: Setting CVar [[r.SSR.Quality:3]]
[2025.07.13-23.31.35:904][  0]LogConfig: Setting CVar [[r.SSR.HalfResSceneColor:0]]
[2025.07.13-23.31.35:904][  0]LogConfig: Setting CVar [[r.SceneColorFormat:4]]
[2025.07.13-23.31.35:904][  0]LogConfig: Setting CVar [[r.DetailMode:2]]
[2025.07.13-23.31.35:904][  0]LogConfig: Setting CVar [[r.TranslucencyVolumeBlur:1]]
[2025.07.13-23.31.35:904][  0]LogConfig: Setting CVar [[r.MaterialQualityLevel:1 ; High quality]]
[2025.07.13-23.31.35:905][  0]LogConfig: Setting CVar [[r.AnisotropicMaterials:1]]
[2025.07.13-23.31.35:905][  0]LogConfig: Setting CVar [[r.SSS.Scale:1]]
[2025.07.13-23.31.35:905][  0]LogConfig: Setting CVar [[r.SSS.SampleSet:2]]
[2025.07.13-23.31.35:905][  0]LogConfig: Setting CVar [[r.SSS.Quality:1]]
[2025.07.13-23.31.35:905][  0]LogConfig: Setting CVar [[r.SSS.HalfRes:0]]
[2025.07.13-23.31.35:905][  0]LogConfig: Setting CVar [[r.SSGI.Quality:3]]
[2025.07.13-23.31.35:905][  0]LogConfig: Setting CVar [[r.EmitterSpawnRateScale:1.0]]
[2025.07.13-23.31.35:905][  0]LogConfig: Setting CVar [[r.ParticleLightQuality:2]]
[2025.07.13-23.31.35:905][  0]LogConfig: Setting CVar [[r.SkyAtmosphere.AerialPerspectiveLUT.FastApplyOnOpaque:1 ; Always have FastSkyLUT 1 in this case to avoid wrong sky]]
[2025.07.13-23.31.35:906][  0]LogConfig: Setting CVar [[r.SkyAtmosphere.AerialPerspectiveLUT.SampleCountMaxPerSlice:4]]
[2025.07.13-23.31.35:906][  0]LogConfig: Setting CVar [[r.SkyAtmosphere.AerialPerspectiveLUT.DepthResolution:16.0]]
[2025.07.13-23.31.35:906][  0]LogConfig: Setting CVar [[r.SkyAtmosphere.FastSkyLUT:1]]
[2025.07.13-23.31.35:906][  0]LogConfig: Setting CVar [[r.SkyAtmosphere.FastSkyLUT.SampleCountMin:4.0]]
[2025.07.13-23.31.35:906][  0]LogConfig: Setting CVar [[r.SkyAtmosphere.FastSkyLUT.SampleCountMax:128.0]]
[2025.07.13-23.31.35:906][  0]LogConfig: Setting CVar [[r.SkyAtmosphere.SampleCountMin:4.0]]
[2025.07.13-23.31.35:906][  0]LogConfig: Setting CVar [[r.SkyAtmosphere.SampleCountMax:128.0]]
[2025.07.13-23.31.35:906][  0]LogConfig: Setting CVar [[r.SkyAtmosphere.TransmittanceLUT.UseSmallFormat:0]]
[2025.07.13-23.31.35:906][  0]LogConfig: Setting CVar [[r.SkyAtmosphere.TransmittanceLUT.SampleCount:10.0]]
[2025.07.13-23.31.35:907][  0]LogConfig: Setting CVar [[r.SkyAtmosphere.MultiScatteringLUT.SampleCount:15.0]]
[2025.07.13-23.31.35:907][  0]LogConfig: Setting CVar [[r.SkyLight.RealTimeReflectionCapture:1]]
[2025.07.13-23.31.35:907][  0]LogConfig: Setting CVar [[fx.Niagara.QualityLevel:3]]
[2025.07.13-23.31.35:907][  0]LogConfig: Applying CVar settings from Section [FoliageQuality@3] File [D:/UTN-e-learning/Unreal-Engine/Unreal-Projects/TP_PreEntrega/Saved/Config/Windows/Scalability.ini]
[2025.07.13-23.31.35:907][  0]LogConfig: Setting CVar [[foliage.DensityScale:1.0]]
[2025.07.13-23.31.35:907][  0]LogConfig: Setting CVar [[grass.DensityScale:1.0]]
[2025.07.13-23.31.35:907][  0]LogConfig: Applying CVar settings from Section [ShadingQuality@3] File [D:/UTN-e-learning/Unreal-Engine/Unreal-Projects/TP_PreEntrega/Saved/Config/Windows/Scalability.ini]
[2025.07.13-23.31.35:907][  0]LogConfig: Setting CVar [[r.HairStrands.SkyLighting.IntegrationType:2]]
[2025.07.13-23.31.35:907][  0]LogConfig: Setting CVar [[r.HairStrands.SkyAO.SampleCount:4]]
[2025.07.13-23.31.35:908][  0]LogConfig: Setting CVar [[r.HairStrands.Visibility.MSAA.SamplePerPixel:4]]
[2025.07.13-23.31.35:908][  0]LogConfig: Setting CVar [[r.HairStrands.Interpolation.UseSingleGuide:0]]
[2025.07.13-23.31.35:908][  0]LogInit: Selected Device Profile: [Windows]
[2025.07.13-23.31.35:908][  0]LogInit: Applying CVar settings loaded from the selected device profile: [Windows]
[2025.07.13-23.31.35:908][  0]LogHAL: Display: Platform has ~ 32 GB [34200604672 / 34359738368 / 32], which maps to Largest [LargestMinGB=32, LargerMinGB=12, DefaultMinGB=8, SmallerMinGB=6, SmallestMinGB=0)
[2025.07.13-23.31.35:908][  0]LogInit: Going up to parent DeviceProfile []
[2025.07.13-23.31.35:909][  0]LogConfig: Applying CVar settings from Section [ViewDistanceQuality@3] File [D:/UTN-e-learning/Unreal-Engine/Unreal-Projects/TP_PreEntrega/Saved/Config/Windows/Scalability.ini]
[2025.07.13-23.31.35:909][  0]LogConfig: Setting CVar [[r.SkeletalMeshLODBias:0]]
[2025.07.13-23.31.35:909][  0]LogConfig: Setting CVar [[r.ViewDistanceScale:1.0]]
[2025.07.13-23.31.35:909][  0]LogConfig: Applying CVar settings from Section [AntiAliasingQuality@3] File [D:/UTN-e-learning/Unreal-Engine/Unreal-Projects/TP_PreEntrega/Saved/Config/Windows/Scalability.ini]
[2025.07.13-23.31.35:909][  0]LogConfig: Setting CVar [[r.PostProcessAAQuality:4]]
[2025.07.13-23.31.35:909][  0]LogConfig: Applying CVar settings from Section [ShadowQuality@3] File [D:/UTN-e-learning/Unreal-Engine/Unreal-Projects/TP_PreEntrega/Saved/Config/Windows/Scalability.ini]
[2025.07.13-23.31.35:909][  0]LogConfig: Setting CVar [[r.LightFunctionQuality:1]]
[2025.07.13-23.31.35:910][  0]LogConfig: Setting CVar [[r.ShadowQuality:5]]
[2025.07.13-23.31.35:910][  0]LogConfig: Setting CVar [[r.Shadow.CSM.MaxCascades:10]]
[2025.07.13-23.31.35:910][  0]LogConfig: Setting CVar [[r.Shadow.MaxResolution:2048]]
[2025.07.13-23.31.35:910][  0]LogConfig: Setting CVar [[r.Shadow.MaxCSMResolution:2048]]
[2025.07.13-23.31.35:910][  0]LogConfig: Setting CVar [[r.Shadow.RadiusThreshold:0.01]]
[2025.07.13-23.31.35:910][  0]LogConfig: Setting CVar [[r.Shadow.DistanceScale:1.0]]
[2025.07.13-23.31.35:910][  0]LogConfig: Setting CVar [[r.Shadow.CSM.TransitionScale:1.0]]
[2025.07.13-23.31.35:910][  0]LogConfig: Setting CVar [[r.Shadow.PreShadowResolutionFactor:1.0]]
[2025.07.13-23.31.35:910][  0]LogConfig: Setting CVar [[r.DistanceFieldShadowing:1]]
[2025.07.13-23.31.35:911][  0]LogConfig: Setting CVar [[r.DistanceFieldAO:1]]
[2025.07.13-23.31.35:911][  0]LogConfig: Setting CVar [[r.AOQuality:2]]
[2025.07.13-23.31.35:911][  0]LogConfig: Setting CVar [[r.VolumetricFog:1]]
[2025.07.13-23.31.35:911][  0]LogConfig: Setting CVar [[r.VolumetricFog.GridPixelSize:8]]
[2025.07.13-23.31.35:911][  0]LogConfig: Setting CVar [[r.VolumetricFog.GridSizeZ:128]]
[2025.07.13-23.31.35:911][  0]LogConfig: Setting CVar [[r.VolumetricFog.HistoryMissSupersampleCount:4]]
[2025.07.13-23.31.35:911][  0]LogConfig: Setting CVar [[r.LightMaxDrawDistanceScale:1]]
[2025.07.13-23.31.35:911][  0]LogConfig: Setting CVar [[r.CapsuleShadows:1]]
[2025.07.13-23.31.35:912][  0]LogConfig: Applying CVar settings from Section [PostProcessQuality@3] File [D:/UTN-e-learning/Unreal-Engine/Unreal-Projects/TP_PreEntrega/Saved/Config/Windows/Scalability.ini]
[2025.07.13-23.31.35:912][  0]LogConfig: Setting CVar [[r.MotionBlurQuality:4]]
[2025.07.13-23.31.35:912][  0]LogConfig: Setting CVar [[r.AmbientOcclusionMipLevelFactor:0.4]]
[2025.07.13-23.31.35:912][  0]LogConfig: Setting CVar [[r.AmbientOcclusionMaxQuality:100]]
[2025.07.13-23.31.35:912][  0]LogConfig: Setting CVar [[r.AmbientOcclusionLevels:-1]]
[2025.07.13-23.31.35:912][  0]LogConfig: Setting CVar [[r.AmbientOcclusionRadiusScale:1.0]]
[2025.07.13-23.31.35:912][  0]LogConfig: Setting CVar [[r.DepthOfFieldQuality:2]]
[2025.07.13-23.31.35:912][  0]LogConfig: Setting CVar [[r.RenderTargetPoolMin:400]]
[2025.07.13-23.31.35:912][  0]LogConfig: Setting CVar [[r.LensFlareQuality:2]]
[2025.07.13-23.31.35:913][  0]LogConfig: Setting CVar [[r.SceneColorFringeQuality:1]]
[2025.07.13-23.31.35:913][  0]LogConfig: Setting CVar [[r.EyeAdaptationQuality:2]]
[2025.07.13-23.31.35:913][  0]LogConfig: Setting CVar [[r.BloomQuality:5]]
[2025.07.13-23.31.35:913][  0]LogConfig: Setting CVar [[r.FastBlurThreshold:100]]
[2025.07.13-23.31.35:913][  0]LogConfig: Setting CVar [[r.Upscale.Quality:3]]
[2025.07.13-23.31.35:913][  0]LogConfig: Setting CVar [[r.Tonemapper.GrainQuantization:1]]
[2025.07.13-23.31.35:913][  0]LogConfig: Setting CVar [[r.LightShaftQuality:1]]
[2025.07.13-23.31.35:913][  0]LogConfig: Setting CVar [[r.Filter.SizeScale:1]]
[2025.07.13-23.31.35:914][  0]LogConfig: Setting CVar [[r.Tonemapper.Quality:5]]
[2025.07.13-23.31.35:914][  0]LogConfig: Setting CVar [[r.DOF.Gather.AccumulatorQuality:1        ; higher gathering accumulator quality]]
[2025.07.13-23.31.35:914][  0]LogConfig: Setting CVar [[r.DOF.Gather.PostfilterMethod:1          ; Median3x3 postfilering method]]
[2025.07.13-23.31.35:914][  0]LogConfig: Setting CVar [[r.DOF.Gather.EnableBokehSettings:0       ; no bokeh simulation when gathering]]
[2025.07.13-23.31.35:914][  0]LogConfig: Setting CVar [[r.DOF.Gather.RingCount:4                 ; medium number of samples when gathering]]
[2025.07.13-23.31.35:914][  0]LogConfig: Setting CVar [[r.DOF.Scatter.ForegroundCompositing:1    ; additive foreground scattering]]
[2025.07.13-23.31.35:914][  0]LogConfig: Setting CVar [[r.DOF.Scatter.BackgroundCompositing:2    ; additive background scattering]]
[2025.07.13-23.31.35:914][  0]LogConfig: Setting CVar [[r.DOF.Scatter.EnableBokehSettings:1      ; bokeh simulation when scattering]]
[2025.07.13-23.31.35:914][  0]LogConfig: Setting CVar [[r.DOF.Scatter.MaxSpriteRatio:0.1         ; only a maximum of 10% of scattered bokeh]]
[2025.07.13-23.31.35:915][  0]LogConfig: Setting CVar [[r.DOF.Recombine.Quality:1                ; cheap slight out of focus]]
[2025.07.13-23.31.35:915][  0]LogConfig: Setting CVar [[r.DOF.Recombine.EnableBokehSettings:0    ; no bokeh simulation on slight out of focus]]
[2025.07.13-23.31.35:915][  0]LogConfig: Setting CVar [[r.DOF.TemporalAAQuality:1                ; more stable temporal accumulation]]
[2025.07.13-23.31.35:915][  0]LogConfig: Setting CVar [[r.DOF.Kernel.MaxForegroundRadius:0.025]]
[2025.07.13-23.31.35:915][  0]LogConfig: Setting CVar [[r.DOF.Kernel.MaxBackgroundRadius:0.025]]
[2025.07.13-23.31.35:915][  0]LogConfig: Applying CVar settings from Section [TextureQuality@3] File [D:/UTN-e-learning/Unreal-Engine/Unreal-Projects/TP_PreEntrega/Saved/Config/Windows/Scalability.ini]
[2025.07.13-23.31.35:915][  0]LogConfig: Setting CVar [[r.Streaming.MipBias:0]]
[2025.07.13-23.31.35:915][  0]LogConfig: Setting CVar [[r.Streaming.AmortizeCPUToGPUCopy:0]]
[2025.07.13-23.31.35:915][  0]LogConfig: Setting CVar [[r.Streaming.MaxNumTexturesToStreamPerFrame:0]]
[2025.07.13-23.31.35:915][  0]LogConfig: Setting CVar [[r.Streaming.Boost:1]]
[2025.07.13-23.31.35:915][  0]LogConfig: Setting CVar [[r.MaxAnisotropy:8]]
[2025.07.13-23.31.35:916][  0]LogConfig: Setting CVar [[r.VT.MaxAnisotropy:8]]
[2025.07.13-23.31.35:916][  0]LogConfig: Setting CVar [[r.Streaming.LimitPoolSizeToVRAM:0]]
[2025.07.13-23.31.35:916][  0]LogConfig: Setting CVar [[r.Streaming.PoolSize:1000]]
[2025.07.13-23.31.35:916][  0]LogConfig: Setting CVar [[r.Streaming.MaxEffectiveScreenSize:0]]
[2025.07.13-23.31.35:916][  0]LogConfig: Applying CVar settings from Section [EffectsQuality@3] File [D:/UTN-e-learning/Unreal-Engine/Unreal-Projects/TP_PreEntrega/Saved/Config/Windows/Scalability.ini]
[2025.07.13-23.31.35:916][  0]LogConfig: Setting CVar [[r.TranslucencyLightingVolumeDim:64]]
[2025.07.13-23.31.35:916][  0]LogConfig: Setting CVar [[r.RefractionQuality:2]]
[2025.07.13-23.31.35:916][  0]LogConfig: Setting CVar [[r.SSR.Quality:3]]
[2025.07.13-23.31.35:916][  0]LogConfig: Setting CVar [[r.SSR.HalfResSceneColor:0]]
[2025.07.13-23.31.35:916][  0]LogConfig: Setting CVar [[r.SceneColorFormat:4]]
[2025.07.13-23.31.35:917][  0]LogConfig: Setting CVar [[r.DetailMode:2]]
[2025.07.13-23.31.35:917][  0]LogConfig: Setting CVar [[r.TranslucencyVolumeBlur:1]]
[2025.07.13-23.31.35:917][  0]LogConfig: Setting CVar [[r.MaterialQualityLevel:1 ; High quality]]
[2025.07.13-23.31.35:917][  0]LogConfig: Setting CVar [[r.AnisotropicMaterials:1]]
[2025.07.13-23.31.35:917][  0]LogConfig: Setting CVar [[r.SSS.Scale:1]]
[2025.07.13-23.31.35:917][  0]LogConfig: Setting CVar [[r.SSS.SampleSet:2]]
[2025.07.13-23.31.35:917][  0]LogConfig: Setting CVar [[r.SSS.Quality:1]]
[2025.07.13-23.31.35:917][  0]LogConfig: Setting CVar [[r.SSS.HalfRes:0]]
[2025.07.13-23.31.35:917][  0]LogConfig: Setting CVar [[r.SSGI.Quality:3]]
[2025.07.13-23.31.35:917][  0]LogConfig: Setting CVar [[r.EmitterSpawnRateScale:1.0]]
[2025.07.13-23.31.35:918][  0]LogConfig: Setting CVar [[r.ParticleLightQuality:2]]
[2025.07.13-23.31.35:918][  0]LogConfig: Setting CVar [[r.SkyAtmosphere.AerialPerspectiveLUT.FastApplyOnOpaque:1 ; Always have FastSkyLUT 1 in this case to avoid wrong sky]]
[2025.07.13-23.31.35:918][  0]LogConfig: Setting CVar [[r.SkyAtmosphere.AerialPerspectiveLUT.SampleCountMaxPerSlice:4]]
[2025.07.13-23.31.35:918][  0]LogConfig: Setting CVar [[r.SkyAtmosphere.AerialPerspectiveLUT.DepthResolution:16.0]]
[2025.07.13-23.31.35:918][  0]LogConfig: Setting CVar [[r.SkyAtmosphere.FastSkyLUT:1]]
[2025.07.13-23.31.35:918][  0]LogConfig: Setting CVar [[r.SkyAtmosphere.FastSkyLUT.SampleCountMin:4.0]]
[2025.07.13-23.31.35:918][  0]LogConfig: Setting CVar [[r.SkyAtmosphere.FastSkyLUT.SampleCountMax:128.0]]
[2025.07.13-23.31.35:918][  0]LogConfig: Setting CVar [[r.SkyAtmosphere.SampleCountMin:4.0]]
[2025.07.13-23.31.35:919][  0]LogConfig: Setting CVar [[r.SkyAtmosphere.SampleCountMax:128.0]]
[2025.07.13-23.31.35:919][  0]LogConfig: Setting CVar [[r.SkyAtmosphere.TransmittanceLUT.UseSmallFormat:0]]
[2025.07.13-23.31.35:919][  0]LogConfig: Setting CVar [[r.SkyAtmosphere.TransmittanceLUT.SampleCount:10.0]]
[2025.07.13-23.31.35:919][  0]LogConfig: Setting CVar [[r.SkyAtmosphere.MultiScatteringLUT.SampleCount:15.0]]
[2025.07.13-23.31.35:919][  0]LogConfig: Setting CVar [[r.SkyLight.RealTimeReflectionCapture:1]]
[2025.07.13-23.31.35:919][  0]LogConfig: Setting CVar [[fx.Niagara.QualityLevel:3]]
[2025.07.13-23.31.35:919][  0]LogConfig: Applying CVar settings from Section [FoliageQuality@3] File [D:/UTN-e-learning/Unreal-Engine/Unreal-Projects/TP_PreEntrega/Saved/Config/Windows/Scalability.ini]
[2025.07.13-23.31.35:919][  0]LogConfig: Setting CVar [[foliage.DensityScale:1.0]]
[2025.07.13-23.31.35:920][  0]LogConfig: Setting CVar [[grass.DensityScale:1.0]]
[2025.07.13-23.31.35:920][  0]LogConfig: Applying CVar settings from Section [ShadingQuality@3] File [D:/UTN-e-learning/Unreal-Engine/Unreal-Projects/TP_PreEntrega/Saved/Config/Windows/Scalability.ini]
[2025.07.13-23.31.35:920][  0]LogConfig: Setting CVar [[r.HairStrands.SkyLighting.IntegrationType:2]]
[2025.07.13-23.31.35:920][  0]LogConfig: Setting CVar [[r.HairStrands.SkyAO.SampleCount:4]]
[2025.07.13-23.31.35:920][  0]LogConfig: Setting CVar [[r.HairStrands.Visibility.MSAA.SamplePerPixel:4]]
[2025.07.13-23.31.35:920][  0]LogConfig: Setting CVar [[r.HairStrands.Interpolation.UseSingleGuide:0]]
[2025.07.13-23.31.35:920][  0]LogConfig: Applying CVar settings from Section [Startup] File [../../../Engine/Config/ConsoleVariables.ini]
[2025.07.13-23.31.35:921][  0]LogConfig: Setting CVar [[net.UseAdaptiveNetUpdateFrequency:0]]
[2025.07.13-23.31.35:921][  0]LogConfig: Setting CVar [[p.chaos.AllowCreatePhysxBodies:1]]
[2025.07.13-23.31.35:922][  0]LogConfig: Setting CVar [[fx.SkipVectorVMBackendOptimizations:1]]
[2025.07.13-23.31.35:922][  0]LogConfig: Applying CVar settings from Section [ConsoleVariables] File [D:/UTN-e-learning/Unreal-Engine/Unreal-Projects/TP_PreEntrega/Saved/Config/Windows/Engine.ini]
[2025.07.13-23.31.35:922][  0]LogConfig: Applying CVar settings from Section [ConsoleVariables] File [D:/UTN-e-learning/Unreal-Engine/Unreal-Projects/TP_PreEntrega/Saved/Config/Windows/Editor.ini]
[2025.07.13-23.31.35:922][  0]LogInit: Computer: LAPTOP-AHL2VAE2
[2025.07.13-23.31.35:922][  0]LogInit: User: ezequ
[2025.07.13-23.31.35:922][  0]LogInit: CPU Page size=4096, Cores=4
[2025.07.13-23.31.35:922][  0]LogInit: High frequency timer resolution =10.000000 MHz
[2025.07.13-23.31.35:923][  0]LogMemory: Memory total: Physical=31.9GB (32GB approx)
[2025.07.13-23.31.35:923][  0]LogMemory: Platform Memory Stats for Windows
[2025.07.13-23.31.35:923][  0]LogMemory: Process Physical Memory: 146.61 MB used, 146.61 MB peak
[2025.07.13-23.31.35:923][  0]LogMemory: Process Virtual Memory: 115.12 MB used, 115.12 MB peak
[2025.07.13-23.31.35:923][  0]LogMemory: Physical Memory: 16096.56 MB used,  16519.68 MB free, 32616.24 MB total
[2025.07.13-23.31.35:923][  0]LogMemory: Virtual Memory: 134191952.00 MB used,  25772.54 MB free, 134217728.00 MB total
[2025.07.13-23.31.35:960][  0]LogWindows: WindowsPlatformFeatures enabled
[2025.07.13-23.31.36:099][  0]LogInit: Physics initialised using underlying interface: PhysX
[2025.07.13-23.31.36:102][  0]LogInit: Overriding language with editor language configuration option (en).
[2025.07.13-23.31.36:102][  0]LogInit: Overriding language with editor locale configuration option (en).
[2025.07.13-23.31.37:049][  0]LogInit: Setting process to per monitor DPI aware
[2025.07.13-23.31.37:104][  0]LogWindowsTextInputMethodSystem: Display: IME system deactivated.
[2025.07.13-23.31.37:161][  0]LogSlate: New Slate User Created.  User Index 0, Is Virtual User: 0
[2025.07.13-23.31.37:161][  0]LogSlate: Slate User Registered.  User Index 0, Is Virtual User: 0
[2025.07.13-23.31.37:847][  0]LogD3D11RHI: Loaded GFSDK_Aftermath_Lib.x64.dll
[2025.07.13-23.31.37:862][  0]LogHMD: Failed to initialize OpenVR with code 110
[2025.07.13-23.31.37:862][  0]LogD3D11RHI: D3D11 min allowed feature level: 11_0
[2025.07.13-23.31.37:862][  0]LogD3D11RHI: D3D11 max allowed feature level: 11_0
[2025.07.13-23.31.37:862][  0]LogD3D11RHI: D3D11 adapters:
[2025.07.13-23.31.38:237][  0]LogD3D11RHI:    0. 'NVIDIA GeForce GTX 1050' (Feature Level 11_0)
[2025.07.13-23.31.38:237][  0]LogD3D11RHI:       2996/0/16308 MB DedicatedVideo/DedicatedSystem/SharedSystem, Outputs:1, VendorId:0x10de
[2025.07.13-23.31.38:331][  0]LogD3D11RHI:    1. 'Intel(R) UHD Graphics 630' (Feature Level 11_0)
[2025.07.13-23.31.38:331][  0]LogD3D11RHI:       128/0/16308 MB DedicatedVideo/DedicatedSystem/SharedSystem, Outputs:1, VendorId:0x8086
[2025.07.13-23.31.38:341][  0]LogD3D11RHI:    2. 'Microsoft Basic Render Driver' (Feature Level 11_0)
[2025.07.13-23.31.38:341][  0]LogD3D11RHI:       0/0/16308 MB DedicatedVideo/DedicatedSystem/SharedSystem, Outputs:0, VendorId:0x1414
[2025.07.13-23.31.38:342][  0]LogD3D11RHI: Chosen D3D11 Adapter:
[2025.07.13-23.31.38:342][  0]LogD3D11RHI:     Description : NVIDIA GeForce GTX 1050
[2025.07.13-23.31.38:342][  0]LogD3D11RHI:     VendorId    : 10de
[2025.07.13-23.31.38:342][  0]LogD3D11RHI:     DeviceId    : 1c91
[2025.07.13-23.31.38:342][  0]LogD3D11RHI:     SubSysId    : 13321025
[2025.07.13-23.31.38:342][  0]LogD3D11RHI:     Revision    : 00a1
[2025.07.13-23.31.38:342][  0]LogD3D11RHI:     DedicatedVideoMemory : 3141533696 bytes
[2025.07.13-23.31.38:342][  0]LogD3D11RHI:     DedicatedSystemMemory : 0 bytes
[2025.07.13-23.31.38:342][  0]LogD3D11RHI:     SharedSystemMemory : 17100302336 bytes
[2025.07.13-23.31.38:342][  0]LogD3D11RHI:     AdapterLuid : 0 86907
[2025.07.13-23.31.38:369][  0]LogD3D11RHI: Creating new Direct3DDevice
[2025.07.13-23.31.38:369][  0]LogD3D11RHI:     GPU DeviceId: 0x1c91 (for the marketing name, search the web for "GPU Device Id")
[2025.07.13-23.31.38:369][  0]LogWindows: EnumDisplayDevices:
[2025.07.13-23.31.38:370][  0]LogWindows:    0. 'Intel(R) UHD Graphics 630' (P:0 D:1)
[2025.07.13-23.31.38:372][  0]LogWindows:    1. 'Intel(R) UHD Graphics 630' (P:0 D:0)
[2025.07.13-23.31.38:373][  0]LogWindows:    2. 'Intel(R) UHD Graphics 630' (P:0 D:0)
[2025.07.13-23.31.38:375][  0]LogWindows:    3. 'NVIDIA GeForce GTX 1050' (P:1 D:1)
[2025.07.13-23.31.38:376][  0]LogWindows: DebugString: PrimaryIsNotTheChoosenAdapter PrimaryIsNotTheChoosenAdapter PrimaryIsNotTheChoosenAdapter 
[2025.07.13-23.31.38:377][  0]LogD3D11RHI:     Adapter Name: NVIDIA GeForce GTX 1050
[2025.07.13-23.31.38:377][  0]LogD3D11RHI:   Driver Version: 451.67 (internal:27.21.14.5167, unified:451.67)
[2025.07.13-23.31.38:377][  0]LogD3D11RHI:      Driver Date: 7-5-2020
[2025.07.13-23.31.38:377][  0]LogRHI: Texture pool is 2097 MB (70% of 2996 MB)
[2025.07.13-23.31.38:377][  0]LogD3D11RHI: Creating D3DDevice using adapter:
[2025.07.13-23.31.38:377][  0]LogD3D11RHI:     Description : NVIDIA GeForce GTX 1050
[2025.07.13-23.31.38:378][  0]LogD3D11RHI:     VendorId    : 10de
[2025.07.13-23.31.38:378][  0]LogD3D11RHI:     DeviceId    : 1c91
[2025.07.13-23.31.38:378][  0]LogD3D11RHI:     SubSysId    : 13321025
[2025.07.13-23.31.38:378][  0]LogD3D11RHI:     Revision    : 00a1
[2025.07.13-23.31.38:378][  0]LogD3D11RHI:     DedicatedVideoMemory : 3141533696 bytes
[2025.07.13-23.31.38:378][  0]LogD3D11RHI:     DedicatedSystemMemory : 0 bytes
[2025.07.13-23.31.38:378][  0]LogD3D11RHI:     SharedSystemMemory : 17100302336 bytes
[2025.07.13-23.31.38:379][  0]LogD3D11RHI:     AdapterLuid : 0 86907
[2025.07.13-23.31.38:665][  0]LogD3D11RHI: RHI has support for 64 bit atomics
[2025.07.13-23.31.38:665][  0]LogD3D11RHI: Async texture creation enabled
[2025.07.13-23.31.38:666][  0]LogD3D11RHI: Array index from any shader is supported
[2025.07.13-23.31.38:726][  0]LogD3D11RHI: GPU Timing Frequency: 1000.000000 (Debug: 2 1)
[2025.07.13-23.31.39:014][  0]LogRHI: GeForceNow SDK initialized: 1
[2025.07.13-23.31.40:594][  0]LogTargetPlatformManager: Display: Loaded TargetPlatform 'AllDesktop'
[2025.07.13-23.31.40:699][  0]LogTargetPlatformManager: Display: Loaded TargetPlatform 'Android'
[2025.07.13-23.31.40:699][  0]LogTargetPlatformManager: Display: Loaded TargetPlatform 'Android_ASTC'
[2025.07.13-23.31.40:699][  0]LogTargetPlatformManager: Display: Loaded TargetPlatform 'Android_DXT'
[2025.07.13-23.31.40:699][  0]LogTargetPlatformManager: Display: Loaded TargetPlatform 'Android_ETC2'
[2025.07.13-23.31.40:699][  0]LogTargetPlatformManager: Display: Loaded TargetPlatform 'AndroidClient'
[2025.07.13-23.31.40:700][  0]LogTargetPlatformManager: Display: Loaded TargetPlatform 'Android_ASTCClient'
[2025.07.13-23.31.40:700][  0]LogTargetPlatformManager: Display: Loaded TargetPlatform 'Android_DXTClient'
[2025.07.13-23.31.40:700][  0]LogTargetPlatformManager: Display: Loaded TargetPlatform 'Android_ETC2Client'
[2025.07.13-23.31.40:700][  0]LogTargetPlatformManager: Display: Loaded TargetPlatform 'Android_Multi'
[2025.07.13-23.31.40:700][  0]LogTargetPlatformManager: Display: Loaded TargetPlatform 'Android_MultiClient'
[2025.07.13-23.31.40:786][  0]LogTargetPlatformManager: Display: Loaded TargetPlatform 'IOSClient'
[2025.07.13-23.31.40:786][  0]LogTargetPlatformManager: Display: Loaded TargetPlatform 'IOS'
[2025.07.13-23.31.40:831][  0]LogTargetPlatformManager: Display: Loaded TargetPlatform 'Linux'
[2025.07.13-23.31.40:852][  0]LogTargetPlatformManager: Display: Loaded TargetPlatform 'LinuxNoEditor'
[2025.07.13-23.31.40:875][  0]LogTargetPlatformManager: Display: Loaded TargetPlatform 'LinuxClient'
[2025.07.13-23.31.40:900][  0]LogTargetPlatformManager: Display: Loaded TargetPlatform 'LinuxServer'
[2025.07.13-23.31.40:945][  0]LogTargetPlatformManager: Display: Loaded TargetPlatform 'LinuxAArch64NoEditor'
[2025.07.13-23.31.40:970][  0]LogTargetPlatformManager: Display: Loaded TargetPlatform 'LinuxAArch64Client'
[2025.07.13-23.31.40:992][  0]LogTargetPlatformManager: Display: Loaded TargetPlatform 'LinuxAArch64Server'
[2025.07.13-23.31.41:100][  0]LogTargetPlatformManager: Display: Loaded TargetPlatform 'Lumin'
[2025.07.13-23.31.41:100][  0]LogTargetPlatformManager: Display: Loaded TargetPlatform 'LuminClient'
[2025.07.13-23.31.41:142][  0]LogTargetPlatformManager: Display: Loaded TargetPlatform 'MacNoEditor'
[2025.07.13-23.31.41:164][  0]LogTargetPlatformManager: Display: Loaded TargetPlatform 'Mac'
[2025.07.13-23.31.41:187][  0]LogTargetPlatformManager: Display: Loaded TargetPlatform 'MacClient'
[2025.07.13-23.31.41:207][  0]LogTargetPlatformManager: Display: Loaded TargetPlatform 'MacServer'
[2025.07.13-23.31.41:259][  0]LogTargetPlatformManager: Display: Loaded TargetPlatform 'TVOSClient'
[2025.07.13-23.31.41:259][  0]LogTargetPlatformManager: Display: Loaded TargetPlatform 'TVOS'
[2025.07.13-23.31.41:303][  0]LogTargetPlatformManager: Display: Loaded TargetPlatform 'WindowsNoEditor'
[2025.07.13-23.31.41:326][  0]LogTargetPlatformManager: Display: Loaded TargetPlatform 'Windows'
[2025.07.13-23.31.41:348][  0]LogTargetPlatformManager: Display: Loaded TargetPlatform 'WindowsClient'
[2025.07.13-23.31.41:370][  0]LogTargetPlatformManager: Display: Loaded TargetPlatform 'WindowsServer'
[2025.07.13-23.31.41:371][  0]LogTargetPlatformManager: Display: Building Assets For Windows
[2025.07.13-23.31.41:409][  0]LogAudioDebug: Display: Lib vorbis DLL was dynamically loaded.
[2025.07.13-23.31.41:578][  0]LogTextureFormatOodle: Display: Oodle Texture 2.9.0 init RDO Off
[2025.07.13-23.31.41:738][  0]LogRendererCore: Ray tracing is disabled. Reason: r.RayTracing=0.
[2025.07.13-23.31.41:739][  0]LogShaderCompilers: Guid format shader working directory is -27 characters bigger than the processId version (../../../../../UTN-e-learning/Unreal-Engine/Unreal-Projects/TP_PreEntrega/Intermediate/Shaders/WorkingDirectory/5664/).
[2025.07.13-23.31.41:740][  0]LogShaderCompilers: Cleaned the shader compiler working directory 'C:/Users/ezequ/AppData/Local/Temp/UnrealShaderWorkingDir/26559A4E4A8AC2E362C3339BF2BC15A4/'.
[2025.07.13-23.31.41:741][  0]LogXGEController: Cannot use XGE Controller as Incredibuild is not installed on this machine.
[2025.07.13-23.31.41:741][  0]LogShaderCompilers: Cannot use XGE Shader Compiler as Incredibuild is not installed on this machine.
[2025.07.13-23.31.41:742][  0]LogShaderCompilers: Display: Using Local Shader Compiler.
[2025.07.13-23.31.45:749][  0]LogDerivedDataCache: Display: Max Cache Size: 512 MB
[2025.07.13-23.31.45:948][  0]LogDerivedDataCache: Loaded boot cache 0.20s 94MB C:/Users/ezequ/AppData/Local/UnrealEngine/4.27/DerivedDataCache/Boot.ddc.
[2025.07.13-23.31.45:949][  0]LogDerivedDataCache: Display: Loaded Boot cache: C:/Users/ezequ/AppData/Local/UnrealEngine/4.27/DerivedDataCache/Boot.ddc
[2025.07.13-23.31.45:949][  0]LogDerivedDataCache: FDerivedDataBackendGraph:  Pak pak cache file ../../../../../UTN-e-learning/Unreal-Engine/Unreal-Projects/TP_PreEntrega/DerivedDataCache/DDC.ddp not found, will not use a pak cache.
[2025.07.13-23.31.45:949][  0]LogDerivedDataCache: Unable to find inner node Pak for hierarchical cache Hierarchy.
[2025.07.13-23.31.45:949][  0]LogDerivedDataCache: FDerivedDataBackendGraph:  CompressedPak pak cache file ../../../../../UTN-e-learning/Unreal-Engine/Unreal-Projects/TP_PreEntrega/DerivedDataCache/Compressed.ddp not found, will not use a pak cache.
[2025.07.13-23.31.45:949][  0]LogDerivedDataCache: Unable to find inner node CompressedPak for hierarchical cache Hierarchy.
[2025.07.13-23.31.46:013][  0]LogDerivedDataCache: Display: Pak cache opened for reading ../../../Engine/DerivedDataCache/Compressed.ddp.
[2025.07.13-23.31.46:013][  0]LogDerivedDataCache: FDerivedDataBackendGraph:  EnterprisePak pak cache file ../../../Enterprise/DerivedDataCache/Compressed.ddp not found, will not use a pak cache.
[2025.07.13-23.31.46:013][  0]LogDerivedDataCache: Unable to find inner node EnterprisePak for hierarchical cache Hierarchy.
[2025.07.13-23.31.46:069][  0]LogDerivedDataCache: Speed tests for C:/Users/ezequ/AppData/Local/UnrealEngine/Common/DerivedDataCache took 0.06 seconds
[2025.07.13-23.31.46:070][  0]LogDerivedDataCache: Display: Performance to C:/Users/ezequ/AppData/Local/UnrealEngine/Common/DerivedDataCache: Latency=0.18ms. RandomReadSpeed=200.92MBs, RandomWriteSpeed=18.68MBs. Assigned SpeedClass 'Local'
[2025.07.13-23.31.46:072][  0]LogDerivedDataCache: Using Local data cache path C:/Users/ezequ/AppData/Local/UnrealEngine/Common/DerivedDataCache: Writable
[2025.07.13-23.31.46:072][  0]LogDerivedDataCache: Shared data cache path not found in *engine.ini, will not use an Shared cache.
[2025.07.13-23.31.46:072][  0]LogDerivedDataCache: Unable to find inner node Shared for hierarchical cache Hierarchy.
[2025.07.13-23.31.47:558][  0]LogShaderCompilers: Display: Submitted 602 shader compile jobs with 'High' priority
[2025.07.13-23.31.47:559][  0]LogSlate: Using FreeType 2.10.0
[2025.07.13-23.31.47:560][  0]LogSlate: SlateFontServices - WITH_FREETYPE: 1, WITH_HARFBUZZ: 1
[2025.07.13-23.31.47:646][  0]LogShaderCompilers: Display: Worker (1/5): shaders left to compile 602
[2025.07.13-23.31.47:646][  0]LogShaderCompilers: Display: Worker (2/5): shaders left to compile 592
[2025.07.13-23.31.47:646][  0]LogShaderCompilers: Display: Worker (3/5): shaders left to compile 582
[2025.07.13-23.31.47:647][  0]LogShaderCompilers: Display: Worker (4/5): shaders left to compile 572
[2025.07.13-23.31.47:647][  0]LogShaderCompilers: Display: Worker (5/5): shaders left to compile 562
[2025.07.13-23.31.47:647][  0]LogShaderCompilers: Display: Started 50 'Local' shader compile jobs with 'High' priority
[2025.07.13-23.31.47:647][  0]LogAssetRegistry: FAssetRegistry took 0.0098 seconds to start up
[2025.07.13-23.31.48:772][  0]LogInit: Selected Device Profile: [Windows]
[2025.07.13-23.31.48:772][  0]LogInit: Active device profile: [000001DF544F3500][000001DF4AC36640 49] Windows
[2025.07.13-23.31.48:772][  0]LogInit: Profiles: [000001DF544F3500][000001DF4AC36640 49] Windows, [000001DF558B0D00][000001DF4AC3A7C0 49] WindowsNoEditor, [000001DF544F0D00][000001DF4AC3E940 49] WindowsServer, [000001DF558B2D00][000001DF4AC42AC0 49] WindowsClient, [000001DF544F2C00][000001DF4AC46C40 49] IOS, [000001DF558B1600][000001DF491E2DC0 49] iPadAir, [000001DF544F1500][000001DF491E6F40 49] iPadAir2, [000001DF5585BC00][000001DF491EF200 49] IPadPro, [000001DF5585BD00][000001DF491EB240 49] iPadAir3, [000001DF544F2600][000001DF491F33C0 49] iPadAir4, [000001DF55859200][000001DF491F7540 49] iPadMini2, [000001DF544F1A00][000001DF491FB6C0 49] iPadMini3, [000001DF5585A700][000001DF491FF840 49] iPadMini4, [000001DF544F0800][000001DF492039C0 49] iPadMini5, [000001DF558A3500][000001DF4920A100 49] iPhone6, [000001DF558A3600][000001DF49206140 49] iPodTouch6, [000001DF55858200][000001DF4AC323C0 49] iPhone7, [000001DF55858100][000001DF4920E400 49] iPodTouch7, [000001DF558A1100][000001DF4AA9C540 49] iPhone5S, [000001DF55858B00][000001DF4AAA0680 49] iPhone6Plus, [000001DF558A2800][000001DF4AAA47C0 49] iPhone6S, [000001DF55858F00][000001DF4AAAC940 49] iPhone6SPlus, [000001DF558A1900][000001DF4AAB0AC0 49] iPhone7Plus, [000001DF5585A400][000001DF4AB24C40 49] iPhoneSE, [000001DF558A3700][000001DF4AB2CDC0 49] iPhone8, [000001DF5585B700][000001DF4ABBCF40 49] iPhone8Plus, [000001DF558A2D00][000001DF4B52B0C0 49] iPhoneX, [000001DF5585BA00][000001DF5547B240 49] iPhoneXS, [000001DF558A1200][000001DF4B5473C0 49] iPhoneXSMax, [000001DF55858D00][000001DF52F07540 49] iPhoneXR, [000001DF558A0B00][000001DF52F0B6C0 49] iPhone11, [000001DF5585AB00][000001DF52F0F840 49] iPhone11Pro, [000001DF558A2F00][000001DF52F139C0 49] iPhone11ProMax, [000001DF5585A800][000001DF52F1FB80 49] iPhoneSE2, [000001DF558A1800][000001DF52F32180 49] iPhone12Mini, [000001DF5585A500][000001DF568D2300 49] iPhone12, [000001DF558A1C00][000001DF568D6480 49] iPhone12Pro, [000001DF5585B400][000001DF4AAA85C0 49] iPhone12ProMax, [000001DF558A3400][000001DF568DA700 49] iPadPro105, [000001DF5585BB00][000001DF53036840 49] iPadPro129, [000001DF558A2000][000001DF5303E980 49] iPadPro97, [000001DF55858300][000001DF5304AB00 49] iPadPro2_129, [000001DF558A3E00][000001DF53052C80 49] iPad5, [000001DF55858E00][000001DF53056E00 49] iPad6, [000001DF558A0A00][000001DF4B59AF80 49] iPad7, [000001DF5585AF00][000001DF4B5A9100 49] iPad8, [000001DF558A1F00][000001DF53043280 49] iPadPro11, [000001DF5585B200][000001DF4AA25400 49] iPadPro2_11, [000001DF558A0500][000001DF4AA29580 49] iPadPro3_129, [000001DF55859900][000001DF4AA67700 49] iPadPro4_129, [000001DF558A2600][000001DF4AA6B880 49] AppleTV, [000001DF5585BE00][000001DF4AA6FA00 49] AppleTV4K, [000001DF558A0600][000001DF4AA73B80 49] TVOS, [000001DF55859B00][000001DF4AA76180 49] Mac, [000001DF558A0100][000001DF4AA7A300 49] MacClient, [000001DF5585AE00][000001DF4AA7E480 49] MacNoEditor, [000001DF558A0E00][000001DF4AA82600 49] MacServer, [000001DF55859500][000001DF53046740 49] Linux, [000001DF558A1700][000001DF4AA86880 49] LinuxAArch64, [000001DF5585B800][000001DF4AA8A9C0 49] LinuxNoEditor, [000001DF54541400][000001DF4AA8EB00 49] LinuxAArch64NoEditor, [000001DF558B3D00][000001DF4AA96C80 49] LinuxClient, [000001DF54542000][000001DF55452E00 49] LinuxAArch64Client, [000001DF558B0B00][000001DF55456F80 49] LinuxServer, [000001DF54540F00][000001DF5545B100 49] LinuxAArch64Server, [000001DF558B3400][000001DF5545F280 49] Android, [000001DF54540D00][000001DF55463400 49] Android_Low, [000001DF558B1100][000001DF55467580 49] Android_Mid, [000001DF54541D00][000001DF5546B700 49] Android_High, [000001DF558B1900][000001DF5546F880 49] Android_Default, [000001DF54541E00][000001DF55473A00 49] Android_Adreno4xx, [000001DF558B2900][000001DF55477B80 49] Android_Adreno5xx_Low, [000001DF54540600][000001DF55282180 49] Android_Adreno5xx, [000001DF558B2000][000001DF55286300 49] Android_Adreno6xx, [000001DF54540200][000001DF5528A480 49] Android_Adreno6xx_Vulkan, [000001DF558B3B00][000001DF5528E600 49] Android_Mali_T6xx, [000001DF5585A200][000001DF55292780 49] Android_Mali_T7xx, [000001DF558A3900][000001DF552C6900 49] Android_Mali_T8xx, [000001DF5585A900][000001DF4AA92A40 49] Android_Mali_G71, [000001DF558A3C00][000001DF552CAB80 49] Android_Mali_G72, [000001DF55859E00][000001DF552CECC0 49] Android_Mali_G72_Vulkan, [000001DF558A2A00][000001DF552D6E40 49] Android_Mali_G76, [000001DF5585B100][000001DF552DAFC0 49] Android_Mali_G76_Vulkan, [000001DF558A3200][000001DF56BB1140 49] Android_Mali_G77, [000001DF5585B600][000001DF56BFF2C0 49] Android_Mali_G77_Vulkan, [000001DF558A2500][000001DF56C07440 49] Android_Mali_G78, [000001DF558B3800][000001DF56C0B5C0 49] Android_Mali_G78_Vulkan, [000001DF54541F00][000001DF56C0F740 49] Android_Mali_G710, [000001DF55859800][000001DF56C138C0 49] Android_Mali_G710_Vulkan, [000001DF54540300][000001DF56C17A40 49] Android_Vulkan_SM5, [000001DF55859D00][000001DF56C1BBC0 49] Android_PowerVR_G6xxx, [000001DF54542800][000001DF56C1E1C0 49] Android_PowerVR_GT7xxx, [000001DF55858600][000001DF56C22340 49] Android_PowerVR_GE8xxx, [000001DF54540C00][000001DF56C264C0 49] Android_PowerVR_GM9xxx, [000001DF5585B900][000001DF56C2A640 49] Android_PowerVR_GM9xxx_Vulkan, [000001DF54542300][000001DF56C507C0 49] Android_TegraK1, [000001DF55859400][000001DF56C7A940 49] Android_Unknown_Vulkan, [000001DF54540400][000001DF56CD6AC0 49] Lumin, [000001DF5585BF00][000001DF552D2C00 49] Lumin_Desktop, [000001DF54541000][000001DF564F4D40 49] HoloLens, 
[2025.07.13-23.31.48:992][  0]LogMaterial: Display: Missing cached shadermap for DefaultDeferredDecalMaterial in PCD3D_SM5, Default, SM5 (DDC key hash: 34B2688018ADBD6BF3B7D2E494C8C0384D0B7E72), compiling. 
[2025.07.13-23.31.49:842][  0]LogShaderCompilers: Display: Submitted 139 shader compile jobs with 'High' priority
[2025.07.13-23.32.06:618][  0]LogShaderCompilers: Display: Worker (1/5): shaders left to compile 691
[2025.07.13-23.32.06:618][  0]LogShaderCompilers: Display: Started 10 'Local' shader compile jobs with 'High' priority
[2025.07.13-23.32.07:736][  0]LogShaderCompilers: Display: Worker (2/5): shaders left to compile 681
[2025.07.13-23.32.07:736][  0]LogShaderCompilers: Display: Started 10 'Local' shader compile jobs with 'High' priority
[2025.07.13-23.32.30:099][  0]LogShaderCompilers: Display: Worker (1/5): shaders left to compile 671
[2025.07.13-23.32.30:099][  0]LogShaderCompilers: Display: Started 10 'Local' shader compile jobs with 'High' priority
[2025.07.13-23.32.36:252][  0]LogShaderCompilers: Display: Worker (2/5): shaders left to compile 661
[2025.07.13-23.32.36:252][  0]LogShaderCompilers: Display: Started 10 'Local' shader compile jobs with 'High' priority
[2025.07.13-23.33.04:227][  0]LogShaderCompilers: Display: Worker (1/5): shaders left to compile 651
[2025.07.13-23.33.04:227][  0]LogShaderCompilers: Display: Started 10 'Local' shader compile jobs with 'High' priority
[2025.07.13-23.33.05:356][  0]LogShaderCompilers: Display: Worker (4/5): shaders left to compile 641
[2025.07.13-23.33.05:356][  0]LogShaderCompilers: Display: Started 10 'Local' shader compile jobs with 'High' priority
[2025.07.13-23.33.15:986][  0]LogShaderCompilers: Display: Worker (2/5): shaders left to compile 631
[2025.07.13-23.33.15:986][  0]LogShaderCompilers: Display: Started 10 'Local' shader compile jobs with 'High' priority
[2025.07.13-23.33.29:360][  0]LogShaderCompilers: Display: Worker (5/5): shaders left to compile 621
[2025.07.13-23.33.29:360][  0]LogShaderCompilers: Display: Started 10 'Local' shader compile jobs with 'High' priority
[2025.07.13-23.33.53:281][  0]LogShaderCompilers: Display: Worker (1/5): shaders left to compile 611
[2025.07.13-23.33.53:281][  0]LogShaderCompilers: Display: Started 10 'Local' shader compile jobs with 'High' priority
[2025.07.13-23.33.54:949][  0]LogShaderCompilers: Display: Worker (4/5): shaders left to compile 601
[2025.07.13-23.33.54:949][  0]LogShaderCompilers: Display: Started 10 'Local' shader compile jobs with 'High' priority
[2025.07.13-23.34.04:427][  0]LogShaderCompilers: Display: Worker (2/5): shaders left to compile 591
[2025.07.13-23.34.04:427][  0]LogShaderCompilers: Display: Started 10 'Local' shader compile jobs with 'High' priority
[2025.07.13-23.34.11:692][  0]LogShaderCompilers: Display: Worker (5/5): shaders left to compile 581
[2025.07.13-23.34.11:692][  0]LogShaderCompilers: Display: Started 10 'Local' shader compile jobs with 'High' priority
[2025.07.13-23.34.27:882][  0]LogShaderCompilers: Display: Worker (4/5): shaders left to compile 571
[2025.07.13-23.34.27:882][  0]LogShaderCompilers: Display: Started 10 'Local' shader compile jobs with 'High' priority
[2025.07.13-23.34.29:562][  0]LogShaderCompilers: Display: Worker (1/5): shaders left to compile 561
[2025.07.13-23.34.29:562][  0]LogShaderCompilers: Display: Started 10 'Local' shader compile jobs with 'High' priority
[2025.07.13-23.34.34:584][  0]LogShaderCompilers: Display: Worker (2/5): shaders left to compile 551
[2025.07.13-23.34.34:584][  0]LogShaderCompilers: Display: Started 10 'Local' shader compile jobs with 'High' priority
[2025.07.13-23.34.44:049][  0]LogShaderCompilers: Display: Worker (5/5): shaders left to compile 541
[2025.07.13-23.34.44:049][  0]LogShaderCompilers: Display: Started 10 'Local' shader compile jobs with 'High' priority
[2025.07.13-23.34.54:704][  0]LogShaderCompilers: Display: Worker (1/5): shaders left to compile 531
[2025.07.13-23.34.54:704][  0]LogShaderCompilers: Display: Started 10 'Local' shader compile jobs with 'High' priority
[2025.07.13-23.35.02:409][  0]LogShaderCompilers: Display: Worker (4/5): shaders left to compile 521
[2025.07.13-23.35.02:409][  0]LogShaderCompilers: Display: Started 10 'Local' shader compile jobs with 'High' priority
[2025.07.13-23.35.02:409][  0]LogMaterial: Display: Missing cached shadermap for DefaultLightFunctionMaterial in PCD3D_SM5, Default, SM5 (DDC key hash: 8A6349AFA0E3E293F45B0299536E4AF21F73CD73), compiling. 
[2025.07.13-23.35.02:540][  0]LogShaderCompilers: Display: Submitted 27 shader compile jobs with 'High' priority
[2025.07.13-23.35.05:335][  0]LogShaderCompilers: Display: Worker (1/5): shaders left to compile 538
[2025.07.13-23.35.05:335][  0]LogShaderCompilers: Display: Started 10 'Local' shader compile jobs with 'High' priority
[2025.07.13-23.35.06:453][  0]LogShaderCompilers: Display: Worker (4/5): shaders left to compile 528
[2025.07.13-23.35.06:453][  0]LogShaderCompilers: Display: Started 10 'Local' shader compile jobs with 'High' priority
[2025.07.13-23.35.22:116][  0]LogShaderCompilers: Display: Worker (4/5): shaders left to compile 518
[2025.07.13-23.35.22:116][  0]LogShaderCompilers: Display: Started 10 'Local' shader compile jobs with 'High' priority
[2025.07.13-23.35.23:793][  0]LogShaderCompilers: Display: Worker (1/5): shaders left to compile 508
[2025.07.13-23.35.23:793][  0]LogShaderCompilers: Display: Started 10 'Local' shader compile jobs with 'High' priority
[2025.07.13-23.35.29:384][  0]LogShaderCompilers: Display: Worker (2/5): shaders left to compile 498
[2025.07.13-23.35.29:384][  0]LogShaderCompilers: Display: Started 10 'Local' shader compile jobs with 'High' priority
[2025.07.13-23.35.32:206][  0]LogShaderCompilers: Display: Worker (1/5): shaders left to compile 488
[2025.07.13-23.35.32:206][  0]LogShaderCompilers: Display: Started 10 'Local' shader compile jobs with 'High' priority
[2025.07.13-23.35.34:424][  0]LogShaderCompilers: Display: Worker (4/5): shaders left to compile 478
[2025.07.13-23.35.34:424][  0]LogShaderCompilers: Display: Started 10 'Local' shader compile jobs with 'High' priority
[2025.07.13-23.35.34:424][  0]LogMaterial: Display: Missing cached shadermap for DefaultPostProcessMaterial in PCD3D_SM5, Default, SM5 (DDC key hash: 3937020F37D3EE8E3F877FEC7336F3B76A0B5391), compiling. 
[2025.07.13-23.35.34:484][  0]LogShaderCompilers: Display: Submitted 22 shader compile jobs with 'High' priority
[2025.07.13-23.35.42:906][  0]LogShaderCompilers: Display: Worker (2/5): shaders left to compile 490
[2025.07.13-23.35.42:906][  0]LogShaderCompilers: Display: Started 10 'Local' shader compile jobs with 'High' priority
[2025.07.13-23.35.44:583][  0]LogShaderCompilers: Display: Worker (5/5): shaders left to compile 480
[2025.07.13-23.35.44:583][  0]LogShaderCompilers: Display: Started 10 'Local' shader compile jobs with 'High' priority
[2025.07.13-23.35.50:746][  0]LogShaderCompilers: Display: Worker (1/5): shaders left to compile 470
[2025.07.13-23.35.50:746][  0]LogShaderCompilers: Display: Started 10 'Local' shader compile jobs with 'High' priority
[2025.07.13-23.35.55:222][  0]LogShaderCompilers: Display: Worker (4/5): shaders left to compile 460
[2025.07.13-23.35.55:222][  0]LogShaderCompilers: Display: Started 10 'Local' shader compile jobs with 'High' priority
[2025.07.13-23.36.11:404][  0]LogShaderCompilers: Display: Worker (2/5): shaders left to compile 450
[2025.07.13-23.36.11:404][  0]LogShaderCompilers: Display: Started 10 'Local' shader compile jobs with 'High' priority
[2025.07.13-23.36.12:518][  0]LogShaderCompilers: Display: Worker (5/5): shaders left to compile 440
[2025.07.13-23.36.12:518][  0]LogShaderCompilers: Display: Started 10 'Local' shader compile jobs with 'High' priority
[2025.07.13-23.36.16:197][  0]LogShaderCompilers: Display: Worker (1/5): shaders left to compile 430
[2025.07.13-23.36.16:197][  0]LogShaderCompilers: Display: Started 10 'Local' shader compile jobs with 'High' priority
[2025.07.13-23.36.16:197][  0]LogMaterial: Display: Missing cached shadermap for WorldGridMaterial in PCD3D_SM5, Default, SM5 (DDC key hash: B0ABD71BE39080A2B6884212222156BB87ACE5E2), compiling. Is special engine material.
[2025.07.13-23.36.20:328][  0]LogShaderCompilers: Display: Submitted 1234 shader compile jobs with 'High' priority
[2025.07.13-23.36.22:558][  0]LogShaderCompilers: Display: Worker (4/5): shaders left to compile 1654
[2025.07.13-23.36.22:558][  0]LogShaderCompilers: Display: Started 10 'Local' shader compile jobs with 'High' priority
[2025.07.13-23.36.30:370][  0]LogShaderCompilers: Display: Worker (2/5): shaders left to compile 1644
[2025.07.13-23.36.30:370][  0]LogShaderCompilers: Display: Started 10 'Local' shader compile jobs with 'High' priority
[2025.07.13-23.36.30:927][  0]LogShaderCompilers: Display: Worker (5/5): shaders left to compile 1634
[2025.07.13-23.36.30:927][  0]LogShaderCompilers: Display: Started 10 'Local' shader compile jobs with 'High' priority
[2025.07.13-23.36.39:298][  0]LogShaderCompilers: Display: Worker (1/5): shaders left to compile 1624
[2025.07.13-23.36.39:298][  0]LogShaderCompilers: Display: Started 10 'Local' shader compile jobs with 'High' priority
[2025.07.13-23.36.46:601][  0]LogShaderCompilers: Display: Worker (4/5): shaders left to compile 1614
[2025.07.13-23.36.46:601][  0]LogShaderCompilers: Display: Started 10 'Local' shader compile jobs with 'High' priority
[2025.07.13-23.36.53:871][  0]LogShaderCompilers: Display: Worker (5/5): shaders left to compile 1604
[2025.07.13-23.36.53:871][  0]LogShaderCompilers: Display: Started 10 'Local' shader compile jobs with 'High' priority
[2025.07.13-23.36.56:094][  0]LogShaderCompilers: Display: Worker (2/5): shaders left to compile 1594
[2025.07.13-23.36.56:094][  0]LogShaderCompilers: Display: Started 10 'Local' shader compile jobs with 'High' priority
[2025.07.13-23.37.07:233][  0]LogShaderCompilers: Display: Worker (1/5): shaders left to compile 1584
[2025.07.13-23.37.07:233][  0]LogShaderCompilers: Display: Started 10 'Local' shader compile jobs with 'High' priority
[2025.07.13-23.37.08:905][  0]LogShaderCompilers: Display: Worker (4/5): shaders left to compile 1574
[2025.07.13-23.37.08:905][  0]LogShaderCompilers: Display: Started 10 'Local' shader compile jobs with 'High' priority
[2025.07.13-23.37.18:375][  0]LogShaderCompilers: Display: Worker (2/5): shaders left to compile 1564
[2025.07.13-23.37.18:375][  0]LogShaderCompilers: Display: Started 10 'Local' shader compile jobs with 'High' priority
[2025.07.13-23.37.20:043][  0]LogShaderCompilers: Display: Worker (5/5): shaders left to compile 1554
[2025.07.13-23.37.20:043][  0]LogShaderCompilers: Display: Started 10 'Local' shader compile jobs with 'High' priority
[2025.07.13-23.37.28:947][  0]LogShaderCompilers: Display: Worker (4/5): shaders left to compile 1544
[2025.07.13-23.37.28:947][  0]LogShaderCompilers: Display: Started 10 'Local' shader compile jobs with 'High' priority
[2025.07.13-23.37.31:176][  0]LogShaderCompilers: Display: Worker (1/5): shaders left to compile 1534
[2025.07.13-23.37.31:176][  0]LogShaderCompilers: Display: Started 10 'Local' shader compile jobs with 'High' priority
[2025.07.13-23.37.34:511][  0]LogShaderCompilers: Display: Worker (2/5): shaders left to compile 1524
[2025.07.13-23.37.34:511][  0]LogShaderCompilers: Display: Started 10 'Local' shader compile jobs with 'High' priority
[2025.07.13-23.37.42:372][  0]LogShaderCompilers: Display: Worker (5/5): shaders left to compile 1514
[2025.07.13-23.37.42:372][  0]LogShaderCompilers: Display: Started 10 'Local' shader compile jobs with 'High' priority
[2025.07.13-23.37.46:271][  0]LogShaderCompilers: Display: Worker (4/5): shaders left to compile 1504
[2025.07.13-23.37.46:271][  0]LogShaderCompilers: Display: Started 10 'Local' shader compile jobs with 'High' priority
[2025.07.13-23.37.54:085][  0]LogShaderCompilers: Display: Worker (1/5): shaders left to compile 1494
[2025.07.13-23.37.54:085][  0]LogShaderCompilers: Display: Started 10 'Local' shader compile jobs with 'High' priority
[2025.07.13-23.38.00:224][  0]LogShaderCompilers: Display: Worker (2/5): shaders left to compile 1484
[2025.07.13-23.38.00:224][  0]LogShaderCompilers: Display: Started 10 'Local' shader compile jobs with 'High' priority
[2025.07.13-23.38.02:454][  0]LogShaderCompilers: Display: Worker (5/5): shaders left to compile 1474
[2025.07.13-23.38.02:454][  0]LogShaderCompilers: Display: Started 10 'Local' shader compile jobs with 'High' priority
[2025.07.13-23.38.19:749][  0]LogShaderCompilers: Display: Worker (1/5): shaders left to compile 1464
[2025.07.13-23.38.19:749][  0]LogShaderCompilers: Display: Started 10 'Local' shader compile jobs with 'High' priority
[2025.07.13-23.38.23:648][  0]LogShaderCompilers: Display: Worker (4/5): shaders left to compile 1454
[2025.07.13-23.38.23:648][  0]LogShaderCompilers: Display: Started 10 'Local' shader compile jobs with 'High' priority
[2025.07.13-23.38.26:434][  0]LogShaderCompilers: Display: Worker (5/5): shaders left to compile 1444
[2025.07.13-23.38.26:434][  0]LogShaderCompilers: Display: Started 10 'Local' shader compile jobs with 'High' priority
[2025.07.13-23.38.26:990][  0]LogShaderCompilers: Display: Worker (2/5): shaders left to compile 1434
[2025.07.13-23.38.26:990][  0]LogShaderCompilers: Display: Started 10 'Local' shader compile jobs with 'High' priority
[2025.07.13-23.38.42:033][  0]LogShaderCompilers: Display: Worker (1/5): shaders left to compile 1424
[2025.07.13-23.38.42:033][  0]LogShaderCompilers: Display: Started 10 'Local' shader compile jobs with 'High' priority
[2025.07.13-23.38.43:151][  0]LogShaderCompilers: Display: Worker (4/5): shaders left to compile 1414
[2025.07.13-23.38.43:151][  0]LogShaderCompilers: Display: Started 10 'Local' shader compile jobs with 'High' priority
[2025.07.13-23.38.47:046][  0]LogShaderCompilers: Display: Worker (2/5): shaders left to compile 1404
[2025.07.13-23.38.47:046][  0]LogShaderCompilers: Display: Started 10 'Local' shader compile jobs with 'High' priority
[2025.07.13-23.38.48:159][  0]LogShaderCompilers: Display: Worker (5/5): shaders left to compile 1394
[2025.07.13-23.38.48:159][  0]LogShaderCompilers: Display: Started 10 'Local' shader compile jobs with 'High' priority
[2025.07.13-23.38.59:308][  0]LogShaderCompilers: Display: Worker (1/5): shaders left to compile 1384
[2025.07.13-23.38.59:308][  0]LogShaderCompilers: Display: Started 10 'Local' shader compile jobs with 'High' priority
[2025.07.13-23.39.05:437][  0]LogShaderCompilers: Display: Worker (4/5): shaders left to compile 1374
[2025.07.13-23.39.05:437][  0]LogShaderCompilers: Display: Started 10 'Local' shader compile jobs with 'High' priority
[2025.07.13-23.39.08:215][  0]LogShaderCompilers: Display: Worker (5/5): shaders left to compile 1364
[2025.07.13-23.39.08:215][  0]LogShaderCompilers: Display: Started 10 'Local' shader compile jobs with 'High' priority
[2025.07.13-23.39.09:343][  0]LogShaderCompilers: Display: Worker (2/5): shaders left to compile 1354
[2025.07.13-23.39.09:343][  0]LogShaderCompilers: Display: Started 10 'Local' shader compile jobs with 'High' priority
[2025.07.13-23.39.24:408][  0]LogShaderCompilers: Display: Worker (1/5): shaders left to compile 1344
[2025.07.13-23.39.24:408][  0]LogShaderCompilers: Display: Started 10 'Local' shader compile jobs with 'High' priority
[2025.07.13-23.39.27:204][  0]LogShaderCompilers: Display: Worker (4/5): shaders left to compile 1334
[2025.07.13-23.39.27:204][  0]LogShaderCompilers: Display: Started 10 'Local' shader compile jobs with 'High' priority
[2025.07.13-23.39.28:323][  0]LogShaderCompilers: Display: Worker (2/5): shaders left to compile 1324
[2025.07.13-23.39.28:323][  0]LogShaderCompilers: Display: Started 10 'Local' shader compile jobs with 'High' priority
[2025.07.13-23.39.28:882][  0]LogShaderCompilers: Display: Worker (5/5): shaders left to compile 1314
[2025.07.13-23.39.28:882][  0]LogShaderCompilers: Display: Started 10 'Local' shader compile jobs with 'High' priority
[2025.07.13-23.39.37:305][  0]LogShaderCompilers: Display: Worker (1/5): shaders left to compile 1304
[2025.07.13-23.39.37:305][  0]LogShaderCompilers: Display: Started 10 'Local' shader compile jobs with 'High' priority
[2025.07.13-23.39.41:788][  0]LogShaderCompilers: Display: Worker (2/5): shaders left to compile 1294
[2025.07.13-23.39.41:788][  0]LogShaderCompilers: Display: Started 10 'Local' shader compile jobs with 'High' priority
[2025.07.13-23.39.46:826][  0]LogShaderCompilers: Display: Worker (4/5): shaders left to compile 1284
[2025.07.13-23.39.46:826][  0]LogShaderCompilers: Display: Started 10 'Local' shader compile jobs with 'High' priority
[2025.07.13-23.39.49:624][  0]LogShaderCompilers: Display: Worker (5/5): shaders left to compile 1274
[2025.07.13-23.39.49:624][  0]LogShaderCompilers: Display: Started 10 'Local' shader compile jobs with 'High' priority
[2025.07.13-23.40.05:346][  0]LogShaderCompilers: Display: Worker (1/5): shaders left to compile 1264
[2025.07.13-23.40.05:346][  0]LogShaderCompilers: Display: Started 10 'Local' shader compile jobs with 'High' priority
[2025.07.13-23.40.07:588][  0]LogShaderCompilers: Display: Worker (2/5): shaders left to compile 1254
[2025.07.13-23.40.07:588][  0]LogShaderCompilers: Display: Started 10 'Local' shader compile jobs with 'High' priority
[2025.07.13-23.40.12:085][  0]LogShaderCompilers: Display: Worker (4/5): shaders left to compile 1244
[2025.07.13-23.40.12:085][  0]LogShaderCompilers: Display: Started 10 'Local' shader compile jobs with 'High' priority
[2025.07.13-23.40.15:992][  0]LogShaderCompilers: Display: Worker (5/5): shaders left to compile 1234
[2025.07.13-23.40.15:992][  0]LogShaderCompilers: Display: Started 10 'Local' shader compile jobs with 'High' priority
[2025.07.13-23.40.20:495][  0]LogShaderCompilers: Display: Worker (1/5): shaders left to compile 1224
[2025.07.13-23.40.20:495][  0]LogShaderCompilers: Display: Started 10 'Local' shader compile jobs with 'High' priority
[2025.07.13-23.40.31:647][  0]LogShaderCompilers: Display: Worker (4/5): shaders left to compile 1214
[2025.07.13-23.40.31:647][  0]LogShaderCompilers: Display: Started 10 'Local' shader compile jobs with 'High' priority
[2025.07.13-23.40.32:212][  0]LogShaderCompilers: Display: Worker (2/5): shaders left to compile 1204
[2025.07.13-23.40.32:212][  0]LogShaderCompilers: Display: Started 10 'Local' shader compile jobs with 'High' priority
[2025.07.13-23.40.36:668][  0]LogShaderCompilers: Display: Worker (5/5): shaders left to compile 1194
[2025.07.13-23.40.36:668][  0]LogShaderCompilers: Display: Started 10 'Local' shader compile jobs with 'High' priority
[2025.07.13-23.40.40:572][  0]LogShaderCompilers: Display: Worker (1/5): shaders left to compile 1184
[2025.07.13-23.40.40:572][  0]LogShaderCompilers: Display: Started 10 'Local' shader compile jobs with 'High' priority
[2025.07.13-23.40.47:836][  0]LogShaderCompilers: Display: Worker (2/5): shaders left to compile 1174
[2025.07.13-23.40.47:836][  0]LogShaderCompilers: Display: Started 10 'Local' shader compile jobs with 'High' priority
[2025.07.13-23.40.55:105][  0]LogShaderCompilers: Display: Worker (4/5): shaders left to compile 1164
[2025.07.13-23.40.55:106][  0]LogShaderCompilers: Display: Started 10 'Local' shader compile jobs with 'High' priority
[2025.07.13-23.40.56:779][  0]LogShaderCompilers: Display: Worker (1/5): shaders left to compile 1154
[2025.07.13-23.40.56:779][  0]LogShaderCompilers: Display: Started 10 'Local' shader compile jobs with 'High' priority
[2025.07.13-23.41.01:269][  0]LogShaderCompilers: Display: Worker (5/5): shaders left to compile 1144
[2025.07.13-23.41.01:269][  0]LogShaderCompilers: Display: Started 10 'Local' shader compile jobs with 'High' priority
[2025.07.13-23.41.09:648][  0]LogShaderCompilers: Display: Worker (2/5): shaders left to compile 1134
[2025.07.13-23.41.09:648][  0]LogShaderCompilers: Display: Started 10 'Local' shader compile jobs with 'High' priority
[2025.07.13-23.41.11:322][  0]LogShaderCompilers: Display: Worker (4/5): shaders left to compile 1124
[2025.07.13-23.41.11:322][  0]LogShaderCompilers: Display: Started 10 'Local' shader compile jobs with 'High' priority
[2025.07.13-23.41.26:975][  0]LogShaderCompilers: Display: Worker (1/5): shaders left to compile 1114
[2025.07.13-23.41.26:975][  0]LogShaderCompilers: Display: Started 10 'Local' shader compile jobs with 'High' priority
[2025.07.13-23.41.28:091][  0]LogShaderCompilers: Display: Worker (5/5): shaders left to compile 1104
[2025.07.13-23.41.28:091][  0]LogShaderCompilers: Display: Started 10 'Local' shader compile jobs with 'High' priority
[2025.07.13-23.41.34:248][  0]LogShaderCompilers: Display: Worker (4/5): shaders left to compile 1094
[2025.07.13-23.41.34:248][  0]LogShaderCompilers: Display: Started 10 'Local' shader compile jobs with 'High' priority
[2025.07.13-23.41.38:698][  0]LogShaderCompilers: Display: Worker (2/5): shaders left to compile 1084
[2025.07.13-23.41.38:698][  0]LogShaderCompilers: Display: Started 10 'Local' shader compile jobs with 'High' priority
[2025.07.13-23.41.51:528][  0]LogShaderCompilers: Display: Worker (5/5): shaders left to compile 1074
[2025.07.13-23.41.53:940][  0]LogShaderCompilers: Display: Started 10 'Local' shader compile jobs with 'High' priority
[2025.07.13-23.41.54:500][  0]LogShaderCompilers: Display: Worker (4/5): shaders left to compile 1064
[2025.07.13-23.41.54:500][  0]LogShaderCompilers: Display: Started 10 'Local' shader compile jobs with 'High' priority
[2025.07.13-23.41.56:168][  0]LogShaderCompilers: Display: Worker (1/5): shaders left to compile 1054
[2025.07.13-23.41.56:168][  0]LogShaderCompilers: Display: Started 10 'Local' shader compile jobs with 'High' priority
[2025.07.13-23.42.08:987][  0]LogShaderCompilers: Display: Worker (2/5): shaders left to compile 1044
[2025.07.13-23.42.08:987][  0]LogShaderCompilers: Display: Started 10 'Local' shader compile jobs with 'High' priority
[2025.07.13-23.42.12:342][  0]LogShaderCompilers: Display: Worker (5/5): shaders left to compile 1034
[2025.07.13-23.42.12:342][  0]LogShaderCompilers: Display: Started 10 'Local' shader compile jobs with 'High' priority
[2025.07.13-23.42.20:726][  0]LogShaderCompilers: Display: Worker (1/5): shaders left to compile 1024
[2025.07.13-23.42.20:726][  0]LogShaderCompilers: Display: Started 10 'Local' shader compile jobs with 'High' priority
[2025.07.13-23.42.25:765][  0]LogShaderCompilers: Display: Worker (4/5): shaders left to compile 1014
[2025.07.13-23.42.25:765][  0]LogShaderCompilers: Display: Started 10 'Local' shader compile jobs with 'High' priority
[2025.07.13-23.42.34:163][  0]LogShaderCompilers: Display: Worker (2/5): shaders left to compile 1004
[2025.07.13-23.42.34:163][  0]LogShaderCompilers: Display: Started 10 'Local' shader compile jobs with 'High' priority
[2025.07.13-23.42.41:437][  0]LogShaderCompilers: Display: Worker (5/5): shaders left to compile 994
[2025.07.13-23.42.41:437][  0]LogShaderCompilers: Display: Started 10 'Local' shader compile jobs with 'High' priority
[2025.07.13-23.42.52:036][  0]LogShaderCompilers: Display: Worker (1/5): shaders left to compile 984
[2025.07.13-23.42.52:036][  0]LogShaderCompilers: Display: Started 10 'Local' shader compile jobs with 'High' priority
[2025.07.13-23.42.52:595][  0]LogShaderCompilers: Display: Worker (4/5): shaders left to compile 974
[2025.07.13-23.42.52:595][  0]LogShaderCompilers: Display: Started 10 'Local' shader compile jobs with 'High' priority
[2025.07.13-23.43.15:002][  0]LogShaderCompilers: Display: Worker (2/5): shaders left to compile 964
[2025.07.13-23.43.15:002][  0]LogShaderCompilers: Display: Started 10 'Local' shader compile jobs with 'High' priority
[2025.07.13-23.43.17:803][  0]LogShaderCompilers: Display: Worker (5/5): shaders left to compile 954
[2025.07.13-23.43.17:803][  0]LogShaderCompilers: Display: Started 10 'Local' shader compile jobs with 'High' priority
[2025.07.13-23.43.22:836][  0]LogShaderCompilers: Display: Worker (4/5): shaders left to compile 944
[2025.07.13-23.43.22:836][  0]LogShaderCompilers: Display: Started 10 'Local' shader compile jobs with 'High' priority
[2025.07.13-23.43.27:318][  0]LogShaderCompilers: Display: Worker (1/5): shaders left to compile 934
[2025.07.13-23.43.27:318][  0]LogShaderCompilers: Display: Started 10 'Local' shader compile jobs with 'High' priority
[2025.07.13-23.43.46:424][  0]LogShaderCompilers: Display: Worker (3/5): shaders left to compile 924
[2025.07.13-23.43.46:424][  0]LogShaderCompilers: Display: Started 10 'Local' shader compile jobs with 'High' priority
[2025.07.13-23.43.53:143][  0]LogShaderCompilers: Display: Worker (5/5): shaders left to compile 914
[2025.07.13-23.43.53:143][  0]LogShaderCompilers: Display: Started 10 'Local' shader compile jobs with 'High' priority
[2025.07.13-23.44.02:088][  0]LogShaderCompilers: Display: Worker (1/5): shaders left to compile 904
[2025.07.13-23.44.02:088][  0]LogShaderCompilers: Display: Started 10 'Local' shader compile jobs with 'High' priority
[2025.07.13-23.44.09:337][  0]LogShaderCompilers: Display: Worker (2/5): shaders left to compile 894
[2025.07.13-23.44.09:337][  0]LogShaderCompilers: Display: Started 10 'Local' shader compile jobs with 'High' priority
[2025.07.13-23.44.09:897][  0]LogShaderCompilers: Display: Worker (4/5): shaders left to compile 884
[2025.07.13-23.44.09:897][  0]LogShaderCompilers: Display: Started 10 'Local' shader compile jobs with 'High' priority
[2025.07.13-23.44.27:774][  0]LogShaderCompilers: Display: Worker (5/5): shaders left to compile 874
[2025.07.13-23.44.27:774][  0]LogShaderCompilers: Display: Started 10 'Local' shader compile jobs with 'High' priority
[2025.07.13-23.44.30:007][  0]LogShaderCompilers: Display: Worker (3/5): shaders left to compile 864
[2025.07.13-23.44.30:007][  0]LogShaderCompilers: Display: Started 10 'Local' shader compile jobs with 'High' priority
[2025.07.13-23.44.33:927][  0]LogShaderCompilers: Display: Worker (2/5): shaders left to compile 854
[2025.07.13-23.44.33:927][  0]LogShaderCompilers: Display: Started 10 'Local' shader compile jobs with 'High' priority
[2025.07.13-23.44.41:789][  0]LogShaderCompilers: Display: Worker (1/5): shaders left to compile 844
[2025.07.13-23.44.41:789][  0]LogShaderCompilers: Display: Started 10 'Local' shader compile jobs with 'High' priority
[2025.07.13-23.45.06:409][  0]LogShaderCompilers: Display: Worker (5/5): shaders left to compile 834
[2025.07.13-23.45.06:409][  0]LogShaderCompilers: Display: Started 10 'Local' shader compile jobs with 'High' priority
[2025.07.13-23.45.06:409][  0]LogShaderCompilers: Display: Worker (4/5): shaders left to compile 824
[2025.07.13-23.45.06:409][  0]LogShaderCompilers: Display: Started 10 'Local' shader compile jobs with 'High' priority
[2025.07.13-23.45.14:193][  0]LogShaderCompilers: Display: Worker (3/5): shaders left to compile 814
[2025.07.13-23.45.14:193][  0]LogShaderCompilers: Display: Started 10 'Local' shader compile jobs with 'High' priority
[2025.07.13-23.45.23:193][  0]LogShaderCompilers: Display: Worker (1/5): shaders left to compile 804
[2025.07.13-23.45.23:193][  0]LogShaderCompilers: Display: Started 10 'Local' shader compile jobs with 'High' priority
[2025.07.13-23.45.24:864][  0]LogShaderCompilers: Display: Worker (2/5): shaders left to compile 794
[2025.07.13-23.45.24:864][  0]LogShaderCompilers: Display: Started 10 'Local' shader compile jobs with 'High' priority
[2025.07.13-23.45.49:003][  0]LogShaderCompilers: Display: Worker (5/5): shaders left to compile 784
[2025.07.13-23.45.49:003][  0]LogShaderCompilers: Display: Started 10 'Local' shader compile jobs with 'High' priority
[2025.07.13-23.45.52:247][  0]LogShaderCompilers: Display: Worker (1/5): shaders left to compile 774
[2025.07.13-23.45.52:247][  0]LogShaderCompilers: Display: Started 10 'Local' shader compile jobs with 'High' priority
[2025.07.13-23.45.54:974][  0]LogShaderCompilers: Display: Worker (3/5): shaders left to compile 764
[2025.07.13-23.45.54:974][  0]LogShaderCompilers: Display: Started 10 'Local' shader compile jobs with 'High' priority
[2025.07.13-23.45.59:886][  0]LogShaderCompilers: Display: Worker (2/5): shaders left to compile 754
[2025.07.13-23.45.59:886][  0]LogShaderCompilers: Display: Started 10 'Local' shader compile jobs with 'High' priority
[2025.07.13-23.46.09:658][  0]LogShaderCompilers: Display: Worker (5/5): shaders left to compile 744
[2025.07.13-23.46.09:658][  0]LogShaderCompilers: Display: Started 10 'Local' shader compile jobs with 'High' priority
[2025.07.13-23.46.15:574][  0]LogShaderCompilers: Display: Worker (3/5): shaders left to compile 734
[2025.07.13-23.46.15:574][  0]LogShaderCompilers: Display: Started 10 'Local' shader compile jobs with 'High' priority
[2025.07.13-23.46.19:876][  0]LogShaderCompilers: Display: Worker (1/5): shaders left to compile 724
[2025.07.13-23.46.19:876][  0]LogShaderCompilers: Display: Started 10 'Local' shader compile jobs with 'High' priority
[2025.07.13-23.46.25:260][  0]LogShaderCompilers: Display: Worker (2/5): shaders left to compile 714
[2025.07.13-23.46.25:260][  0]LogShaderCompilers: Display: Started 10 'Local' shader compile jobs with 'High' priority
[2025.07.13-23.46.26:369][  0]LogShaderCompilers: Display: Worker (5/5): shaders left to compile 704
[2025.07.13-23.46.26:369][  0]LogShaderCompilers: Display: Started 10 'Local' shader compile jobs with 'High' priority
[2025.07.13-23.46.29:589][  0]LogShaderCompilers: Display: Worker (4/5): shaders left to compile 694
[2025.07.13-23.46.29:589][  0]LogShaderCompilers: Display: Started 10 'Local' shader compile jobs with 'High' priority
[2025.07.13-23.46.57:866][  0]LogShaderCompilers: Display: Worker (1/5): shaders left to compile 684
[2025.07.13-23.46.57:866][  0]LogShaderCompilers: Display: Started 10 'Local' shader compile jobs with 'High' priority
[2025.07.13-23.47.17:321][  0]LogShaderCompilers: Display: Worker (2/5): shaders left to compile 674
[2025.07.13-23.47.17:321][  0]LogShaderCompilers: Display: Started 10 'Local' shader compile jobs with 'High' priority
[2025.07.13-23.47.22:721][  0]LogShaderCompilers: Display: Worker (5/5): shaders left to compile 664
[2025.07.13-23.47.22:721][  0]LogShaderCompilers: Display: Started 10 'Local' shader compile jobs with 'High' priority
[2025.07.13-23.47.24:882][  0]LogShaderCompilers: Display: Worker (1/5): shaders left to compile 654
[2025.07.13-23.47.24:882][  0]LogShaderCompilers: Display: Started 10 'Local' shader compile jobs with 'High' priority
[2025.07.13-23.47.27:036][  0]LogShaderCompilers: Display: Worker (3/5): shaders left to compile 644
[2025.07.13-23.47.27:036][  0]LogShaderCompilers: Display: Started 10 'Local' shader compile jobs with 'High' priority
[2025.07.13-23.47.40:841][  0]LogShaderCompilers: Display: Worker (2/5): shaders left to compile 634
[2025.07.13-23.47.40:841][  0]LogShaderCompilers: Display: Started 10 'Local' shader compile jobs with 'High' priority
[2025.07.13-23.47.45:314][  0]LogShaderCompilers: Display: Worker (5/5): shaders left to compile 624
[2025.07.13-23.47.45:314][  0]LogShaderCompilers: Display: Started 10 'Local' shader compile jobs with 'High' priority
[2025.07.13-23.47.50:906][  0]LogShaderCompilers: Display: Worker (3/5): shaders left to compile 614
[2025.07.13-23.47.50:906][  0]LogShaderCompilers: Display: Started 10 'Local' shader compile jobs with 'High' priority
[2025.07.13-23.47.52:023][  0]LogShaderCompilers: Display: Worker (1/5): shaders left to compile 604
[2025.07.13-23.47.52:023][  0]LogShaderCompilers: Display: Started 10 'Local' shader compile jobs with 'High' priority
[2025.07.13-23.48.06:615][  0]LogShaderCompilers: Display: Worker (5/5): shaders left to compile 594
[2025.07.13-23.48.06:615][  0]LogShaderCompilers: Display: Started 10 'Local' shader compile jobs with 'High' priority
[2025.07.13-23.48.08:851][  0]LogShaderCompilers: Display: Worker (2/5): shaders left to compile 584
[2025.07.13-23.48.08:851][  0]LogShaderCompilers: Display: Started 10 'Local' shader compile jobs with 'High' priority
[2025.07.13-23.48.17:803][  0]LogShaderCompilers: Display: Worker (1/5): shaders left to compile 574
[2025.07.13-23.48.17:803][  0]LogShaderCompilers: Display: Started 10 'Local' shader compile jobs with 'High' priority
[2025.07.13-23.48.30:662][  0]LogShaderCompilers: Display: Worker (3/5): shaders left to compile 564
[2025.07.13-23.48.30:662][  0]LogShaderCompilers: Display: Started 10 'Local' shader compile jobs with 'High' priority
[2025.07.13-23.48.39:049][  0]LogShaderCompilers: Display: Worker (2/5): shaders left to compile 554
[2025.07.13-23.48.39:049][  0]LogShaderCompilers: Display: Started 10 'Local' shader compile jobs with 'High' priority
[2025.07.13-23.48.41:244][  0]LogShaderCompilers: Display: Worker (5/5): shaders left to compile 544
[2025.07.13-23.48.41:244][  0]LogShaderCompilers: Display: Started 10 'Local' shader compile jobs with 'High' priority
[2025.07.13-23.48.48:224][  0]LogShaderCompilers: Display: Worker (4/5): shaders left to compile 534
[2025.07.13-23.48.48:224][  0]LogShaderCompilers: Display: Started 10 'Local' shader compile jobs with 'High' priority
